Device: cuda
GPU: NVIDIA RTX 5000 Ada Generation
Model: baseline
Parameters: 945602
Training sequences: 100
Validation sequences: 20

Epoch 1/3
  train   1/100 (seq_ix=225652787): 1.526891
  train   2/100 (seq_ix=1164881438): 0.664872
  train   3/100 (seq_ix=1967513327): 0.761373
  train   4/100 (seq_ix=1260468996): 0.133672
  train   5/100 (seq_ix=40256537): 0.344674
  train   6/100 (seq_ix=1865536806): 1.331699
  train   7/100 (seq_ix=1069985558): 0.704391
  train   8/100 (seq_ix=893657349): 0.669789
  train   9/100 (seq_ix=1146893795): 0.224723
  train  10/100 (seq_ix=746679824): 1.386570
  train  11/100 (seq_ix=1524566408): 0.511624
  train  12/100 (seq_ix=1064886781): 0.755783
  train  13/100 (seq_ix=2112803082): 0.852450
  train  14/100 (seq_ix=119492795): 0.879116
  train  15/100 (seq_ix=1835911678): 1.350901
  train  16/100 (seq_ix=2024605638): 1.509782
  train  17/100 (seq_ix=1387531102): 1.789172
  train  18/100 (seq_ix=880367331): 1.536456
  train  19/100 (seq_ix=1242585024): 1.053540
  train  20/100 (seq_ix=2020986767): 0.665546
  train  21/100 (seq_ix=1299404002): 1.369312
  train  22/100 (seq_ix=2124682310): 0.407278
  train  23/100 (seq_ix=900872744): 0.780279
  train  24/100 (seq_ix=166523150): 0.582139
  train  25/100 (seq_ix=1616210265): 0.609427
  train  26/100 (seq_ix=169816067): 0.534094
  train  27/100 (seq_ix=1558422980): 0.717158
  train  28/100 (seq_ix=2076214668): 1.048698
  train  29/100 (seq_ix=793321424): 0.428324
  train  30/100 (seq_ix=1181513046): 0.888273
  train  31/100 (seq_ix=1993728896): 0.690624
  train  32/100 (seq_ix=1891016047): 0.645541
  train  33/100 (seq_ix=1661941497): 1.569876
  train  34/100 (seq_ix=1954537312): 0.679501
  train  35/100 (seq_ix=1875296450): 0.846999
  train  36/100 (seq_ix=1861265528): 0.673819
  train  37/100 (seq_ix=1536432553): 1.033220
  train  38/100 (seq_ix=1190375104): 0.562860
  train  39/100 (seq_ix=1984276013): 0.421230
  train  40/100 (seq_ix=554796223): 0.522117
  train  41/100 (seq_ix=1920739216): 0.222393
  train  42/100 (seq_ix=1125234681): 0.385225
  train  43/100 (seq_ix=2035564581): 0.658604
  train  44/100 (seq_ix=2009925233): 1.280345
  train  45/100 (seq_ix=440944124): 0.946848
  train  46/100 (seq_ix=2061624706): 1.264738
  train  47/100 (seq_ix=892616012): 0.448598
  train  48/100 (seq_ix=2091756591): 1.051300
  train  49/100 (seq_ix=794669342): 0.686856
  train  50/100 (seq_ix=838147554): 2.628959
  train  51/100 (seq_ix=224084042): 0.341478
  train  52/100 (seq_ix=603743424): 1.373726
  train  53/100 (seq_ix=1422297712): 1.041746
  train  54/100 (seq_ix=574766713): 0.408314
  train  55/100 (seq_ix=1024616050): 1.376123
  train  56/100 (seq_ix=945297869): 0.871692
  train  57/100 (seq_ix=1620823563): 0.627601
  train  58/100 (seq_ix=1734663822): 0.820708
  train  59/100 (seq_ix=11648220): 0.754227
  train  60/100 (seq_ix=161615974): 1.221440
  train  61/100 (seq_ix=1857215576): 0.504112
  train  62/100 (seq_ix=1316485909): 0.332707
  train  63/100 (seq_ix=543427545): 1.815953
  train  64/100 (seq_ix=454825559): 0.803136
  train  65/100 (seq_ix=1060570346): 0.682960
  train  66/100 (seq_ix=2127852642): 0.764357
  train  67/100 (seq_ix=1181030253): 0.276321
  train  68/100 (seq_ix=22603860): 0.916227
  train  69/100 (seq_ix=438826393): 0.218432
  train  70/100 (seq_ix=339120526): 0.933852
  train  71/100 (seq_ix=1386612278): 0.582409
  train  72/100 (seq_ix=1217617503): 1.093911
  train  73/100 (seq_ix=893903801): 0.546737
  train  74/100 (seq_ix=573516403): 0.381276
  train  75/100 (seq_ix=741433073): 2.209995
  train  76/100 (seq_ix=1596943199): 0.649925
  train  77/100 (seq_ix=961940615): 1.364285
  train  78/100 (seq_ix=1872335189): 1.278129
  train  79/100 (seq_ix=637966516): 1.122977
  train  80/100 (seq_ix=2093658216): 1.810027
  train  81/100 (seq_ix=1068499374): 0.450740
  train  82/100 (seq_ix=1718939767): 0.855709
  train  83/100 (seq_ix=1748421619): 1.639146
  train  84/100 (seq_ix=1415113030): 1.011879
  train  85/100 (seq_ix=1236699497): 2.079090
  train  86/100 (seq_ix=372181850): 0.569221
  train  87/100 (seq_ix=1688142063): 1.062712
  train  88/100 (seq_ix=534041470): 0.181682
  train  89/100 (seq_ix=1036563475): 0.355782
  train  90/100 (seq_ix=422397392): 0.908798
  train  91/100 (seq_ix=159012369): 0.897629
  train  92/100 (seq_ix=551549935): 0.503987
  train  93/100 (seq_ix=1848114048): 0.966292
  train  94/100 (seq_ix=1741318143): 0.451478
  train  95/100 (seq_ix=675281486): 2.327519
  train  96/100 (seq_ix=898110762): 0.471191
  train  97/100 (seq_ix=1006830649): 0.745894
  train  98/100 (seq_ix=136704948): 0.367069
  train  99/100 (seq_ix=431995663): 0.471220
  train 100/100 (seq_ix=1902307434): 0.845455
Train mean loss: 0.875249
  valid   1/20 (seq_ix=180749831): 1.393759
  valid   2/20 (seq_ix=355898543): 0.791429
  valid   3/20 (seq_ix=705808958): 9.303814
  valid   4/20 (seq_ix=500271108): 1.619724
  valid   5/20 (seq_ix=1343217302): 1.149271
  valid   6/20 (seq_ix=909959284): 0.636427
  valid   7/20 (seq_ix=1702061024): 0.533091
  valid   8/20 (seq_ix=596544969): 1.443094
  valid   9/20 (seq_ix=1210015767): 0.316729
  valid  10/20 (seq_ix=1979857100): 0.775829
  valid  11/20 (seq_ix=125810080): 3.272464
  valid  12/20 (seq_ix=92307333): 1.290723
  valid  13/20 (seq_ix=482302805): 4.606274
  valid  14/20 (seq_ix=1416170278): 1.076066
  valid  15/20 (seq_ix=1675802868): 1.414742
  valid  16/20 (seq_ix=2043764292): 0.263577
  valid  17/20 (seq_ix=233220122): 0.740249
  valid  18/20 (seq_ix=1659498468): 0.945717
  valid  19/20 (seq_ix=1272271448): 0.251592
  valid  20/20 (seq_ix=1837760365): 0.806905
Validation mean loss: 1.631574
New best validation loss: 1.631574

Epoch 2/3
  train   1/100 (seq_ix=225652787): 1.184891
  train   2/100 (seq_ix=1164881438): 0.568528
  train   3/100 (seq_ix=1967513327): 0.732740
  train   4/100 (seq_ix=1260468996): 0.139321
  train   5/100 (seq_ix=40256537): 0.291295
  train   6/100 (seq_ix=1865536806): 1.085035
  train   7/100 (seq_ix=1069985558): 0.622603
  train   8/100 (seq_ix=893657349): 0.595433
  train   9/100 (seq_ix=1146893795): 0.204598
  train  10/100 (seq_ix=746679824): 1.262071
  train  11/100 (seq_ix=1524566408): 0.509383
  train  12/100 (seq_ix=1064886781): 0.733349
  train  13/100 (seq_ix=2112803082): 0.833718
  train  14/100 (seq_ix=119492795): 0.855719
  train  15/100 (seq_ix=1835911678): 1.280434
  train  16/100 (seq_ix=2024605638): 1.440261
  train  17/100 (seq_ix=1387531102): 1.732199
  train  18/100 (seq_ix=880367331): 1.366133
  train  19/100 (seq_ix=1242585024): 0.974312
  train  20/100 (seq_ix=2020986767): 0.675593
  train  21/100 (seq_ix=1299404002): 1.365273
  train  22/100 (seq_ix=2124682310): 0.381014
  train  23/100 (seq_ix=900872744): 0.696489
  train  24/100 (seq_ix=166523150): 0.572599
  train  25/100 (seq_ix=1616210265): 0.597126
  train  26/100 (seq_ix=169816067): 0.499057
  train  27/100 (seq_ix=1558422980): 0.687147
  train  28/100 (seq_ix=2076214668): 1.002584
  train  29/100 (seq_ix=793321424): 0.405749
  train  30/100 (seq_ix=1181513046): 0.869749
  train  31/100 (seq_ix=1993728896): 0.647504
  train  32/100 (seq_ix=1891016047): 0.630563
  train  33/100 (seq_ix=1661941497): 1.490231
  train  34/100 (seq_ix=1954537312): 0.660842
  train  35/100 (seq_ix=1875296450): 0.814760
  train  36/100 (seq_ix=1861265528): 0.684926
  train  37/100 (seq_ix=1536432553): 1.015301
  train  38/100 (seq_ix=1190375104): 0.485290
  train  39/100 (seq_ix=1984276013): 0.412440
  train  40/100 (seq_ix=554796223): 0.488908
  train  41/100 (seq_ix=1920739216): 0.195863
  train  42/100 (seq_ix=1125234681): 0.382438
  train  43/100 (seq_ix=2035564581): 0.633259
  train  44/100 (seq_ix=2009925233): 1.258582
  train  45/100 (seq_ix=440944124): 0.863182
  train  46/100 (seq_ix=2061624706): 1.223893
  train  47/100 (seq_ix=892616012): 0.435567
  train  48/100 (seq_ix=2091756591): 1.052976
  train  49/100 (seq_ix=794669342): 0.626492
  train  50/100 (seq_ix=838147554): 2.606091
  train  51/100 (seq_ix=224084042): 0.272651
  train  52/100 (seq_ix=603743424): 1.341473
  train  53/100 (seq_ix=1422297712): 0.988730
  train  54/100 (seq_ix=574766713): 0.383633
  train  55/100 (seq_ix=1024616050): 1.359293
  train  56/100 (seq_ix=945297869): 0.840964
  train  57/100 (seq_ix=1620823563): 0.609407
  train  58/100 (seq_ix=1734663822): 0.783173
  train  59/100 (seq_ix=11648220): 0.717484
  train  60/100 (seq_ix=161615974): 1.197868
  train  61/100 (seq_ix=1857215576): 0.427131
  train  62/100 (seq_ix=1316485909): 0.329169
  train  63/100 (seq_ix=543427545): 1.790145
  train  64/100 (seq_ix=454825559): 0.759601
  train  65/100 (seq_ix=1060570346): 0.689271
  train  66/100 (seq_ix=2127852642): 0.736624
  train  67/100 (seq_ix=1181030253): 0.260414
  train  68/100 (seq_ix=22603860): 0.874745
  train  69/100 (seq_ix=438826393): 0.208098
  train  70/100 (seq_ix=339120526): 0.923454
  train  71/100 (seq_ix=1386612278): 0.577627
  train  72/100 (seq_ix=1217617503): 1.087320
  train  73/100 (seq_ix=893903801): 0.515539
  train  74/100 (seq_ix=573516403): 0.373085
  train  75/100 (seq_ix=741433073): 2.196260
  train  76/100 (seq_ix=1596943199): 0.632227
  train  77/100 (seq_ix=961940615): 1.370628
  train  78/100 (seq_ix=1872335189): 1.253305
  train  79/100 (seq_ix=637966516): 1.129788
  train  80/100 (seq_ix=2093658216): 1.733691
  train  81/100 (seq_ix=1068499374): 0.434726
  train  82/100 (seq_ix=1718939767): 0.838670
  train  83/100 (seq_ix=1748421619): 1.618854
  train  84/100 (seq_ix=1415113030): 0.938654
  train  85/100 (seq_ix=1236699497): 2.062999
  train  86/100 (seq_ix=372181850): 0.549301
  train  87/100 (seq_ix=1688142063): 1.036002
  train  88/100 (seq_ix=534041470): 0.179008
  train  89/100 (seq_ix=1036563475): 0.364902
  train  90/100 (seq_ix=422397392): 0.906306
  train  91/100 (seq_ix=159012369): 0.874477
  train  92/100 (seq_ix=551549935): 0.484037
  train  93/100 (seq_ix=1848114048): 0.979388
  train  94/100 (seq_ix=1741318143): 0.445887
  train  95/100 (seq_ix=675281486): 2.321905
  train  96/100 (seq_ix=898110762): 0.458967
  train  97/100 (seq_ix=1006830649): 0.721284
  train  98/100 (seq_ix=136704948): 0.354653
  train  99/100 (seq_ix=431995663): 0.459655
  train 100/100 (seq_ix=1902307434): 0.853082
Train mean loss: 0.840191
  valid   1/20 (seq_ix=180749831): 1.340970
  valid   2/20 (seq_ix=355898543): 0.817895
  valid   3/20 (seq_ix=705808958): 9.273867
  valid   4/20 (seq_ix=500271108): 1.615260
  valid   5/20 (seq_ix=1343217302): 1.095103
  valid   6/20 (seq_ix=909959284): 0.581671
  valid   7/20 (seq_ix=1702061024): 0.514282
  valid   8/20 (seq_ix=596544969): 1.448271
  valid   9/20 (seq_ix=1210015767): 0.303508
  valid  10/20 (seq_ix=1979857100): 0.753545
  valid  11/20 (seq_ix=125810080): 3.312151
  valid  12/20 (seq_ix=92307333): 1.304545
  valid  13/20 (seq_ix=482302805): 4.526158
  valid  14/20 (seq_ix=1416170278): 1.028918
  valid  15/20 (seq_ix=1675802868): 1.341085
  valid  16/20 (seq_ix=2043764292): 0.264605
  valid  17/20 (seq_ix=233220122): 0.725348
  valid  18/20 (seq_ix=1659498468): 0.915570
  valid  19/20 (seq_ix=1272271448): 0.238436
  valid  20/20 (seq_ix=1837760365): 0.819911
Validation mean loss: 1.611055
New best validation loss: 1.611055

Epoch 3/3
  train   1/100 (seq_ix=225652787): 1.121356
  train   2/100 (seq_ix=1164881438): 0.548883
  train   3/100 (seq_ix=1967513327): 0.720508
  train   4/100 (seq_ix=1260468996): 0.157991
  train   5/100 (seq_ix=40256537): 0.289988
  train   6/100 (seq_ix=1865536806): 1.073115
  train   7/100 (seq_ix=1069985558): 0.615383
  train   8/100 (seq_ix=893657349): 0.573830
  train   9/100 (seq_ix=1146893795): 0.202037
  train  10/100 (seq_ix=746679824): 1.239897
  train  11/100 (seq_ix=1524566408): 0.478484
  train  12/100 (seq_ix=1064886781): 0.693143
  train  13/100 (seq_ix=2112803082): 0.835220
  train  14/100 (seq_ix=119492795): 0.849772
  train  15/100 (seq_ix=1835911678): 1.240888
  train  16/100 (seq_ix=2024605638): 1.423614
  train  17/100 (seq_ix=1387531102): 1.721980
  train  18/100 (seq_ix=880367331): 1.308565
  train  19/100 (seq_ix=1242585024): 0.945365
  train  20/100 (seq_ix=2020986767): 0.665840
  train  21/100 (seq_ix=1299404002): 1.360225
  train  22/100 (seq_ix=2124682310): 0.377634
  train  23/100 (seq_ix=900872744): 0.675057
  train  24/100 (seq_ix=166523150): 0.561645
  train  25/100 (seq_ix=1616210265): 0.619268
  train  26/100 (seq_ix=169816067): 0.492799
  train  27/100 (seq_ix=1558422980): 0.678349
  train  28/100 (seq_ix=2076214668): 0.983926
  train  29/100 (seq_ix=793321424): 0.403986
  train  30/100 (seq_ix=1181513046): 0.866259
  train  31/100 (seq_ix=1993728896): 0.632344
  train  32/100 (seq_ix=1891016047): 0.626769
  train  33/100 (seq_ix=1661941497): 1.458418
  train  34/100 (seq_ix=1954537312): 0.657156
  train  35/100 (seq_ix=1875296450): 0.803099
  train  36/100 (seq_ix=1861265528): 0.664036
  train  37/100 (seq_ix=1536432553): 1.012194
  train  38/100 (seq_ix=1190375104): 0.469447
  train  39/100 (seq_ix=1984276013): 0.405787
  train  40/100 (seq_ix=554796223): 0.479374
  train  41/100 (seq_ix=1920739216): 0.184423
  train  42/100 (seq_ix=1125234681): 0.380590
  train  43/100 (seq_ix=2035564581): 0.626630
  train  44/100 (seq_ix=2009925233): 1.255698
  train  45/100 (seq_ix=440944124): 0.843712
  train  46/100 (seq_ix=2061624706): 1.207197
  train  47/100 (seq_ix=892616012): 0.426385
  train  48/100 (seq_ix=2091756591): 1.031525
  train  49/100 (seq_ix=794669342): 0.621716
  train  50/100 (seq_ix=838147554): 2.598538
  train  51/100 (seq_ix=224084042): 0.256755
  train  52/100 (seq_ix=603743424): 1.344879
  train  53/100 (seq_ix=1422297712): 0.973687
  train  54/100 (seq_ix=574766713): 0.377482
  train  55/100 (seq_ix=1024616050): 1.346367
  train  56/100 (seq_ix=945297869): 0.804185
  train  57/100 (seq_ix=1620823563): 0.579538
  train  58/100 (seq_ix=1734663822): 0.777177
  train  59/100 (seq_ix=11648220): 0.716676
  train  60/100 (seq_ix=161615974): 1.186884
  train  61/100 (seq_ix=1857215576): 0.384582
  train  62/100 (seq_ix=1316485909): 0.326331
  train  63/100 (seq_ix=543427545): 1.769566
  train  64/100 (seq_ix=454825559): 0.738437
  train  65/100 (seq_ix=1060570346): 0.677188
  train  66/100 (seq_ix=2127852642): 0.713629
  train  67/100 (seq_ix=1181030253): 0.256498
  train  68/100 (seq_ix=22603860): 0.860397
  train  69/100 (seq_ix=438826393): 0.194511
  train  70/100 (seq_ix=339120526): 0.911054
  train  71/100 (seq_ix=1386612278): 0.573318
  train  72/100 (seq_ix=1217617503): 1.086070
  train  73/100 (seq_ix=893903801): 0.498420
  train  74/100 (seq_ix=573516403): 0.380519
  train  75/100 (seq_ix=741433073): 2.185057
  train  76/100 (seq_ix=1596943199): 0.632243
  train  77/100 (seq_ix=961940615): 1.359424
  train  78/100 (seq_ix=1872335189): 1.246232
  train  79/100 (seq_ix=637966516): 1.123701
  train  80/100 (seq_ix=2093658216): 1.698399
  train  81/100 (seq_ix=1068499374): 0.427897
  train  82/100 (seq_ix=1718939767): 0.830265
  train  83/100 (seq_ix=1748421619): 1.606372
  train  84/100 (seq_ix=1415113030): 0.903299
  train  85/100 (seq_ix=1236699497): 2.054372
  train  86/100 (seq_ix=372181850): 0.546396
  train  87/100 (seq_ix=1688142063): 1.028696
  train  88/100 (seq_ix=534041470): 0.165720
  train  89/100 (seq_ix=1036563475): 0.364115
  train  90/100 (seq_ix=422397392): 0.892127
  train  91/100 (seq_ix=159012369): 0.839733
  train  92/100 (seq_ix=551549935): 0.473023
  train  93/100 (seq_ix=1848114048): 0.979394
  train  94/100 (seq_ix=1741318143): 0.448279
  train  95/100 (seq_ix=675281486): 2.313594
  train  96/100 (seq_ix=898110762): 0.456157
  train  97/100 (seq_ix=1006830649): 0.705041
  train  98/100 (seq_ix=136704948): 0.352682
  train  99/100 (seq_ix=431995663): 0.456644
  train 100/100 (seq_ix=1902307434): 0.846326
Train mean loss: 0.827794
  valid   1/20 (seq_ix=180749831): 1.302484
  valid   2/20 (seq_ix=355898543): 0.825825
  valid   3/20 (seq_ix=705808958): 9.317000
  valid   4/20 (seq_ix=500271108): 1.614737
  valid   5/20 (seq_ix=1343217302): 1.070929
  valid   6/20 (seq_ix=909959284): 0.565682
  valid   7/20 (seq_ix=1702061024): 0.508054
  valid   8/20 (seq_ix=596544969): 1.453997
  valid   9/20 (seq_ix=1210015767): 0.301557
  valid  10/20 (seq_ix=1979857100): 0.734843
  valid  11/20 (seq_ix=125810080): 3.296605
  valid  12/20 (seq_ix=92307333): 1.305979
  valid  13/20 (seq_ix=482302805): 4.479896
  valid  14/20 (seq_ix=1416170278): 1.002636
  valid  15/20 (seq_ix=1675802868): 1.313640
  valid  16/20 (seq_ix=2043764292): 0.269819
  valid  17/20 (seq_ix=233220122): 0.712934
  valid  18/20 (seq_ix=1659498468): 0.905816
  valid  19/20 (seq_ix=1272271448): 0.234184
  valid  20/20 (seq_ix=1837760365): 0.829515
Validation mean loss: 1.602307
New best validation loss: 1.602307

Elapsed time: 331.26 seconds
Best epoch: 3
Best validation MSE: 1.602307

Saved best checkpoint: results/weekend/extra_seeds/baseline_seed5_split1234.pt
Saved results: results/weekend/extra_seeds/baseline_seed5_split1234.json
