Device: cuda
GPU: NVIDIA RTX 5000 Ada Generation
Model: baseline
Parameters: 945602
Training sequences: 100
Validation sequences: 20

Epoch 1/3
  train   1/100 (seq_ix=225652787): 1.364313
  train   2/100 (seq_ix=1164881438): 0.661251
  train   3/100 (seq_ix=1967513327): 0.757756
  train   4/100 (seq_ix=1260468996): 0.138909
  train   5/100 (seq_ix=40256537): 0.348241
  train   6/100 (seq_ix=1865536806): 1.234036
  train   7/100 (seq_ix=1069985558): 0.718421
  train   8/100 (seq_ix=893657349): 0.653099
  train   9/100 (seq_ix=1146893795): 0.231215
  train  10/100 (seq_ix=746679824): 1.392389
  train  11/100 (seq_ix=1524566408): 0.501779
  train  12/100 (seq_ix=1064886781): 0.744633
  train  13/100 (seq_ix=2112803082): 0.867664
  train  14/100 (seq_ix=119492795): 0.871526
  train  15/100 (seq_ix=1835911678): 1.353158
  train  16/100 (seq_ix=2024605638): 1.516928
  train  17/100 (seq_ix=1387531102): 1.777815
  train  18/100 (seq_ix=880367331): 1.491539
  train  19/100 (seq_ix=1242585024): 1.058201
  train  20/100 (seq_ix=2020986767): 0.681935
  train  21/100 (seq_ix=1299404002): 1.387120
  train  22/100 (seq_ix=2124682310): 0.404723
  train  23/100 (seq_ix=900872744): 0.787297
  train  24/100 (seq_ix=166523150): 0.598861
  train  25/100 (seq_ix=1616210265): 0.624243
  train  26/100 (seq_ix=169816067): 0.506904
  train  27/100 (seq_ix=1558422980): 0.718834
  train  28/100 (seq_ix=2076214668): 1.037842
  train  29/100 (seq_ix=793321424): 0.422023
  train  30/100 (seq_ix=1181513046): 0.865759
  train  31/100 (seq_ix=1993728896): 0.677111
  train  32/100 (seq_ix=1891016047): 0.637416
  train  33/100 (seq_ix=1661941497): 1.540846
  train  34/100 (seq_ix=1954537312): 0.669413
  train  35/100 (seq_ix=1875296450): 0.840878
  train  36/100 (seq_ix=1861265528): 0.688033
  train  37/100 (seq_ix=1536432553): 1.033727
  train  38/100 (seq_ix=1190375104): 0.561873
  train  39/100 (seq_ix=1984276013): 0.421744
  train  40/100 (seq_ix=554796223): 0.511960
  train  41/100 (seq_ix=1920739216): 0.219496
  train  42/100 (seq_ix=1125234681): 0.391643
  train  43/100 (seq_ix=2035564581): 0.657513
  train  44/100 (seq_ix=2009925233): 1.276446
  train  45/100 (seq_ix=440944124): 0.951380
  train  46/100 (seq_ix=2061624706): 1.253674
  train  47/100 (seq_ix=892616012): 0.456061
  train  48/100 (seq_ix=2091756591): 1.084622
  train  49/100 (seq_ix=794669342): 0.649764
  train  50/100 (seq_ix=838147554): 2.633939
  train  51/100 (seq_ix=224084042): 0.336076
  train  52/100 (seq_ix=603743424): 1.367374
  train  53/100 (seq_ix=1422297712): 1.032288
  train  54/100 (seq_ix=574766713): 0.399295
  train  55/100 (seq_ix=1024616050): 1.391854
  train  56/100 (seq_ix=945297869): 0.875545
  train  57/100 (seq_ix=1620823563): 0.615776
  train  58/100 (seq_ix=1734663822): 0.812101
  train  59/100 (seq_ix=11648220): 0.768111
  train  60/100 (seq_ix=161615974): 1.283930
  train  61/100 (seq_ix=1857215576): 0.500216
  train  62/100 (seq_ix=1316485909): 0.339561
  train  63/100 (seq_ix=543427545): 1.824366
  train  64/100 (seq_ix=454825559): 0.797199
  train  65/100 (seq_ix=1060570346): 0.662371
  train  66/100 (seq_ix=2127852642): 0.777980
  train  67/100 (seq_ix=1181030253): 0.274544
  train  68/100 (seq_ix=22603860): 0.909755
  train  69/100 (seq_ix=438826393): 0.222100
  train  70/100 (seq_ix=339120526): 0.934958
  train  71/100 (seq_ix=1386612278): 0.583324
  train  72/100 (seq_ix=1217617503): 1.090129
  train  73/100 (seq_ix=893903801): 0.555158
  train  74/100 (seq_ix=573516403): 0.380578
  train  75/100 (seq_ix=741433073): 2.177664
  train  76/100 (seq_ix=1596943199): 0.673938
  train  77/100 (seq_ix=961940615): 1.352547
  train  78/100 (seq_ix=1872335189): 1.270760
  train  79/100 (seq_ix=637966516): 1.117543
  train  80/100 (seq_ix=2093658216): 1.810843
  train  81/100 (seq_ix=1068499374): 0.452396
  train  82/100 (seq_ix=1718939767): 0.845259
  train  83/100 (seq_ix=1748421619): 1.645341
  train  84/100 (seq_ix=1415113030): 1.004273
  train  85/100 (seq_ix=1236699497): 2.090325
  train  86/100 (seq_ix=372181850): 0.565152
  train  87/100 (seq_ix=1688142063): 1.059317
  train  88/100 (seq_ix=534041470): 0.174513
  train  89/100 (seq_ix=1036563475): 0.359584
  train  90/100 (seq_ix=422397392): 0.908867
  train  91/100 (seq_ix=159012369): 0.925904
  train  92/100 (seq_ix=551549935): 0.488355
  train  93/100 (seq_ix=1848114048): 0.966213
  train  94/100 (seq_ix=1741318143): 0.456047
  train  95/100 (seq_ix=675281486): 2.311305
  train  96/100 (seq_ix=898110762): 0.465731
  train  97/100 (seq_ix=1006830649): 0.727387
  train  98/100 (seq_ix=136704948): 0.369100
  train  99/100 (seq_ix=431995663): 0.472247
  train 100/100 (seq_ix=1902307434): 0.852322
Train mean loss: 0.871535
  valid   1/20 (seq_ix=180749831): 1.367906
  valid   2/20 (seq_ix=355898543): 0.791181
  valid   3/20 (seq_ix=705808958): 9.186248
  valid   4/20 (seq_ix=500271108): 1.615638
  valid   5/20 (seq_ix=1343217302): 1.111057
  valid   6/20 (seq_ix=909959284): 0.593189
  valid   7/20 (seq_ix=1702061024): 0.504988
  valid   8/20 (seq_ix=596544969): 1.437819
  valid   9/20 (seq_ix=1210015767): 0.312689
  valid  10/20 (seq_ix=1979857100): 0.744712
  valid  11/20 (seq_ix=125810080): 3.284077
  valid  12/20 (seq_ix=92307333): 1.355775
  valid  13/20 (seq_ix=482302805): 4.543555
  valid  14/20 (seq_ix=1416170278): 1.083868
  valid  15/20 (seq_ix=1675802868): 1.445438
  valid  16/20 (seq_ix=2043764292): 0.249984
  valid  17/20 (seq_ix=233220122): 0.732955
  valid  18/20 (seq_ix=1659498468): 0.926222
  valid  19/20 (seq_ix=1272271448): 0.237746
  valid  20/20 (seq_ix=1837760365): 0.782709
Validation mean loss: 1.615388
New best validation loss: 1.615388

Epoch 2/3
  train   1/100 (seq_ix=225652787): 1.181172
  train   2/100 (seq_ix=1164881438): 0.573893
  train   3/100 (seq_ix=1967513327): 0.725189
  train   4/100 (seq_ix=1260468996): 0.155475
  train   5/100 (seq_ix=40256537): 0.290934
  train   6/100 (seq_ix=1865536806): 1.074074
  train   7/100 (seq_ix=1069985558): 0.620437
  train   8/100 (seq_ix=893657349): 0.598956
  train   9/100 (seq_ix=1146893795): 0.203667
  train  10/100 (seq_ix=746679824): 1.271457
  train  11/100 (seq_ix=1524566408): 0.512299
  train  12/100 (seq_ix=1064886781): 0.717658
  train  13/100 (seq_ix=2112803082): 0.847096
  train  14/100 (seq_ix=119492795): 0.868157
  train  15/100 (seq_ix=1835911678): 1.282083
  train  16/100 (seq_ix=2024605638): 1.432143
  train  17/100 (seq_ix=1387531102): 1.751355
  train  18/100 (seq_ix=880367331): 1.350259
  train  19/100 (seq_ix=1242585024): 0.967668
  train  20/100 (seq_ix=2020986767): 0.674397
  train  21/100 (seq_ix=1299404002): 1.376671
  train  22/100 (seq_ix=2124682310): 0.386247
  train  23/100 (seq_ix=900872744): 0.702855
  train  24/100 (seq_ix=166523150): 0.578826
  train  25/100 (seq_ix=1616210265): 0.624951
  train  26/100 (seq_ix=169816067): 0.488354
  train  27/100 (seq_ix=1558422980): 0.687620
  train  28/100 (seq_ix=2076214668): 0.980992
  train  29/100 (seq_ix=793321424): 0.412453
  train  30/100 (seq_ix=1181513046): 0.857267
  train  31/100 (seq_ix=1993728896): 0.654770
  train  32/100 (seq_ix=1891016047): 0.628309
  train  33/100 (seq_ix=1661941497): 1.457874
  train  34/100 (seq_ix=1954537312): 0.656752
  train  35/100 (seq_ix=1875296450): 0.812822
  train  36/100 (seq_ix=1861265528): 0.698403
  train  37/100 (seq_ix=1536432553): 1.016882
  train  38/100 (seq_ix=1190375104): 0.495388
  train  39/100 (seq_ix=1984276013): 0.408617
  train  40/100 (seq_ix=554796223): 0.478445
  train  41/100 (seq_ix=1920739216): 0.197030
  train  42/100 (seq_ix=1125234681): 0.374563
  train  43/100 (seq_ix=2035564581): 0.634571
  train  44/100 (seq_ix=2009925233): 1.245945
  train  45/100 (seq_ix=440944124): 0.897434
  train  46/100 (seq_ix=2061624706): 1.223807
  train  47/100 (seq_ix=892616012): 0.437041
  train  48/100 (seq_ix=2091756591): 1.052229
  train  49/100 (seq_ix=794669342): 0.610508
  train  50/100 (seq_ix=838147554): 2.615280
  train  51/100 (seq_ix=224084042): 0.278163
  train  52/100 (seq_ix=603743424): 1.336521
  train  53/100 (seq_ix=1422297712): 0.984327
  train  54/100 (seq_ix=574766713): 0.379028
  train  55/100 (seq_ix=1024616050): 1.359838
  train  56/100 (seq_ix=945297869): 0.869633
  train  57/100 (seq_ix=1620823563): 0.579384
  train  58/100 (seq_ix=1734663822): 0.780312
  train  59/100 (seq_ix=11648220): 0.723668
  train  60/100 (seq_ix=161615974): 1.229291
  train  61/100 (seq_ix=1857215576): 0.449441
  train  62/100 (seq_ix=1316485909): 0.331561
  train  63/100 (seq_ix=543427545): 1.756030
  train  64/100 (seq_ix=454825559): 0.752284
  train  65/100 (seq_ix=1060570346): 0.664335
  train  66/100 (seq_ix=2127852642): 0.717686
  train  67/100 (seq_ix=1181030253): 0.256933
  train  68/100 (seq_ix=22603860): 0.866568
  train  69/100 (seq_ix=438826393): 0.218111
  train  70/100 (seq_ix=339120526): 0.929458
  train  71/100 (seq_ix=1386612278): 0.577557
  train  72/100 (seq_ix=1217617503): 1.084015
  train  73/100 (seq_ix=893903801): 0.510828
  train  74/100 (seq_ix=573516403): 0.371751
  train  75/100 (seq_ix=741433073): 2.185151
  train  76/100 (seq_ix=1596943199): 0.648201
  train  77/100 (seq_ix=961940615): 1.339707
  train  78/100 (seq_ix=1872335189): 1.254130
  train  79/100 (seq_ix=637966516): 1.128628
  train  80/100 (seq_ix=2093658216): 1.760244
  train  81/100 (seq_ix=1068499374): 0.437033
  train  82/100 (seq_ix=1718939767): 0.831192
  train  83/100 (seq_ix=1748421619): 1.619873
  train  84/100 (seq_ix=1415113030): 0.914207
  train  85/100 (seq_ix=1236699497): 2.075991
  train  86/100 (seq_ix=372181850): 0.551442
  train  87/100 (seq_ix=1688142063): 1.042373
  train  88/100 (seq_ix=534041470): 0.177878
  train  89/100 (seq_ix=1036563475): 0.377817
  train  90/100 (seq_ix=422397392): 0.906602
  train  91/100 (seq_ix=159012369): 0.867937
  train  92/100 (seq_ix=551549935): 0.474156
  train  93/100 (seq_ix=1848114048): 0.978266
  train  94/100 (seq_ix=1741318143): 0.451409
  train  95/100 (seq_ix=675281486): 2.312947
  train  96/100 (seq_ix=898110762): 0.456974
  train  97/100 (seq_ix=1006830649): 0.715633
  train  98/100 (seq_ix=136704948): 0.353971
  train  99/100 (seq_ix=431995663): 0.463671
  train 100/100 (seq_ix=1902307434): 0.851736
Train mean loss: 0.839752
  valid   1/20 (seq_ix=180749831): 1.331248
  valid   2/20 (seq_ix=355898543): 0.812526
  valid   3/20 (seq_ix=705808958): 9.244591
  valid   4/20 (seq_ix=500271108): 1.617883
  valid   5/20 (seq_ix=1343217302): 1.079052
  valid   6/20 (seq_ix=909959284): 0.569987
  valid   7/20 (seq_ix=1702061024): 0.502385
  valid   8/20 (seq_ix=596544969): 1.451413
  valid   9/20 (seq_ix=1210015767): 0.305051
  valid  10/20 (seq_ix=1979857100): 0.747375
  valid  11/20 (seq_ix=125810080): 3.304926
  valid  12/20 (seq_ix=92307333): 1.345952
  valid  13/20 (seq_ix=482302805): 4.447314
  valid  14/20 (seq_ix=1416170278): 1.064331
  valid  15/20 (seq_ix=1675802868): 1.392223
  valid  16/20 (seq_ix=2043764292): 0.260937
  valid  17/20 (seq_ix=233220122): 0.717135
  valid  18/20 (seq_ix=1659498468): 0.907998
  valid  19/20 (seq_ix=1272271448): 0.232061
  valid  20/20 (seq_ix=1837760365): 0.798362
Validation mean loss: 1.606638
New best validation loss: 1.606638

Epoch 3/3
  train   1/100 (seq_ix=225652787): 1.147204
  train   2/100 (seq_ix=1164881438): 0.549957
  train   3/100 (seq_ix=1967513327): 0.726944
  train   4/100 (seq_ix=1260468996): 0.162014
  train   5/100 (seq_ix=40256537): 0.288878
  train   6/100 (seq_ix=1865536806): 1.050409
  train   7/100 (seq_ix=1069985558): 0.612235
  train   8/100 (seq_ix=893657349): 0.582221
  train   9/100 (seq_ix=1146893795): 0.208653
  train  10/100 (seq_ix=746679824): 1.244945
  train  11/100 (seq_ix=1524566408): 0.507153
  train  12/100 (seq_ix=1064886781): 0.668206
  train  13/100 (seq_ix=2112803082): 0.836214
  train  14/100 (seq_ix=119492795): 0.859310
  train  15/100 (seq_ix=1835911678): 1.256486
  train  16/100 (seq_ix=2024605638): 1.414037
  train  17/100 (seq_ix=1387531102): 1.719696
  train  18/100 (seq_ix=880367331): 1.286109
  train  19/100 (seq_ix=1242585024): 0.950130
  train  20/100 (seq_ix=2020986767): 0.674515
  train  21/100 (seq_ix=1299404002): 1.361139
  train  22/100 (seq_ix=2124682310): 0.384290
  train  23/100 (seq_ix=900872744): 0.680567
  train  24/100 (seq_ix=166523150): 0.571977
  train  25/100 (seq_ix=1616210265): 0.627998
  train  26/100 (seq_ix=169816067): 0.483500
  train  27/100 (seq_ix=1558422980): 0.682482
  train  28/100 (seq_ix=2076214668): 0.967016
  train  29/100 (seq_ix=793321424): 0.409452
  train  30/100 (seq_ix=1181513046): 0.847229
  train  31/100 (seq_ix=1993728896): 0.640606
  train  32/100 (seq_ix=1891016047): 0.626117
  train  33/100 (seq_ix=1661941497): 1.427449
  train  34/100 (seq_ix=1954537312): 0.658525
  train  35/100 (seq_ix=1875296450): 0.793295
  train  36/100 (seq_ix=1861265528): 0.674862
  train  37/100 (seq_ix=1536432553): 1.002950
  train  38/100 (seq_ix=1190375104): 0.469083
  train  39/100 (seq_ix=1984276013): 0.400462
  train  40/100 (seq_ix=554796223): 0.471272
  train  41/100 (seq_ix=1920739216): 0.188101
  train  42/100 (seq_ix=1125234681): 0.368936
  train  43/100 (seq_ix=2035564581): 0.628881
  train  44/100 (seq_ix=2009925233): 1.238848
  train  45/100 (seq_ix=440944124): 0.873050
  train  46/100 (seq_ix=2061624706): 1.214808
  train  47/100 (seq_ix=892616012): 0.424465
  train  48/100 (seq_ix=2091756591): 1.028834
  train  49/100 (seq_ix=794669342): 0.604041
  train  50/100 (seq_ix=838147554): 2.599402
  train  51/100 (seq_ix=224084042): 0.256106
  train  52/100 (seq_ix=603743424): 1.346213
  train  53/100 (seq_ix=1422297712): 0.977771
  train  54/100 (seq_ix=574766713): 0.370632
  train  55/100 (seq_ix=1024616050): 1.344718
  train  56/100 (seq_ix=945297869): 0.815267
  train  57/100 (seq_ix=1620823563): 0.565416
  train  58/100 (seq_ix=1734663822): 0.772852
  train  59/100 (seq_ix=11648220): 0.713372
  train  60/100 (seq_ix=161615974): 1.201338
  train  61/100 (seq_ix=1857215576): 0.418659
  train  62/100 (seq_ix=1316485909): 0.333886
  train  63/100 (seq_ix=543427545): 1.737507
  train  64/100 (seq_ix=454825559): 0.742210
  train  65/100 (seq_ix=1060570346): 0.654479
  train  66/100 (seq_ix=2127852642): 0.695166
  train  67/100 (seq_ix=1181030253): 0.251134
  train  68/100 (seq_ix=22603860): 0.859529
  train  69/100 (seq_ix=438826393): 0.203013
  train  70/100 (seq_ix=339120526): 0.912647
  train  71/100 (seq_ix=1386612278): 0.570494
  train  72/100 (seq_ix=1217617503): 1.081454
  train  73/100 (seq_ix=893903801): 0.512145
  train  74/100 (seq_ix=573516403): 0.373051
  train  75/100 (seq_ix=741433073): 2.182291
  train  76/100 (seq_ix=1596943199): 0.666042
  train  77/100 (seq_ix=961940615): 1.332633
  train  78/100 (seq_ix=1872335189): 1.248834
  train  79/100 (seq_ix=637966516): 1.119398
  train  80/100 (seq_ix=2093658216): 1.751200
  train  81/100 (seq_ix=1068499374): 0.428567
  train  82/100 (seq_ix=1718939767): 0.821470
  train  83/100 (seq_ix=1748421619): 1.604170
  train  84/100 (seq_ix=1415113030): 0.898612
  train  85/100 (seq_ix=1236699497): 2.068755
  train  86/100 (seq_ix=372181850): 0.546567
  train  87/100 (seq_ix=1688142063): 1.028680
  train  88/100 (seq_ix=534041470): 0.171052
  train  89/100 (seq_ix=1036563475): 0.378387
  train  90/100 (seq_ix=422397392): 0.888555
  train  91/100 (seq_ix=159012369): 0.853385
  train  92/100 (seq_ix=551549935): 0.458235
  train  93/100 (seq_ix=1848114048): 0.979715
  train  94/100 (seq_ix=1741318143): 0.449575
  train  95/100 (seq_ix=675281486): 2.302380
  train  96/100 (seq_ix=898110762): 0.453136
  train  97/100 (seq_ix=1006830649): 0.708158
  train  98/100 (seq_ix=136704948): 0.348716
  train  99/100 (seq_ix=431995663): 0.458924
  train 100/100 (seq_ix=1902307434): 0.855188
Train mean loss: 0.828066
  valid   1/20 (seq_ix=180749831): 1.300293
  valid   2/20 (seq_ix=355898543): 0.823133
  valid   3/20 (seq_ix=705808958): 9.297551
  valid   4/20 (seq_ix=500271108): 1.616329
  valid   5/20 (seq_ix=1343217302): 1.064442
  valid   6/20 (seq_ix=909959284): 0.562625
  valid   7/20 (seq_ix=1702061024): 0.492513
  valid   8/20 (seq_ix=596544969): 1.460886
  valid   9/20 (seq_ix=1210015767): 0.302046
  valid  10/20 (seq_ix=1979857100): 0.736194
  valid  11/20 (seq_ix=125810080): 3.283655
  valid  12/20 (seq_ix=92307333): 1.346223
  valid  13/20 (seq_ix=482302805): 4.416504
  valid  14/20 (seq_ix=1416170278): 1.044621
  valid  15/20 (seq_ix=1675802868): 1.372671
  valid  16/20 (seq_ix=2043764292): 0.267269
  valid  17/20 (seq_ix=233220122): 0.701316
  valid  18/20 (seq_ix=1659498468): 0.901324
  valid  19/20 (seq_ix=1272271448): 0.229107
  valid  20/20 (seq_ix=1837760365): 0.804381
Validation mean loss: 1.601154
New best validation loss: 1.601154

Elapsed time: 331.11 seconds
Best epoch: 3
Best validation MSE: 1.601154

Saved best checkpoint: results/weekend/extra_seeds/baseline_seed4_split1234.pt
Saved results: results/weekend/extra_seeds/baseline_seed4_split1234.json
