Device: cuda
GPU: NVIDIA RTX 5000 Ada Generation
Model: baseline
Parameters: 945602
Training sequences: 100
Validation sequences: 20

Epoch 1/3
  train   1/100 (seq_ix=225652787): 1.403622
  train   2/100 (seq_ix=1164881438): 0.664761
  train   3/100 (seq_ix=1967513327): 0.758226
  train   4/100 (seq_ix=1260468996): 0.155568
  train   5/100 (seq_ix=40256537): 0.343019
  train   6/100 (seq_ix=1865536806): 1.240398
  train   7/100 (seq_ix=1069985558): 0.677561
  train   8/100 (seq_ix=893657349): 0.650269
  train   9/100 (seq_ix=1146893795): 0.226559
  train  10/100 (seq_ix=746679824): 1.338429
  train  11/100 (seq_ix=1524566408): 0.547938
  train  12/100 (seq_ix=1064886781): 0.713740
  train  13/100 (seq_ix=2112803082): 0.862113
  train  14/100 (seq_ix=119492795): 0.864580
  train  15/100 (seq_ix=1835911678): 1.343137
  train  16/100 (seq_ix=2024605638): 1.492723
  train  17/100 (seq_ix=1387531102): 1.761633
  train  18/100 (seq_ix=880367331): 1.508632
  train  19/100 (seq_ix=1242585024): 1.036443
  train  20/100 (seq_ix=2020986767): 0.684042
  train  21/100 (seq_ix=1299404002): 1.350309
  train  22/100 (seq_ix=2124682310): 0.403515
  train  23/100 (seq_ix=900872744): 0.771348
  train  24/100 (seq_ix=166523150): 0.586527
  train  25/100 (seq_ix=1616210265): 0.607669
  train  26/100 (seq_ix=169816067): 0.502129
  train  27/100 (seq_ix=1558422980): 0.718729
  train  28/100 (seq_ix=2076214668): 1.042194
  train  29/100 (seq_ix=793321424): 0.427299
  train  30/100 (seq_ix=1181513046): 0.876413
  train  31/100 (seq_ix=1993728896): 0.675900
  train  32/100 (seq_ix=1891016047): 0.647388
  train  33/100 (seq_ix=1661941497): 1.516657
  train  34/100 (seq_ix=1954537312): 0.637111
  train  35/100 (seq_ix=1875296450): 0.847715
  train  36/100 (seq_ix=1861265528): 0.696963
  train  37/100 (seq_ix=1536432553): 1.018171
  train  38/100 (seq_ix=1190375104): 0.552667
  train  39/100 (seq_ix=1984276013): 0.420955
  train  40/100 (seq_ix=554796223): 0.510946
  train  41/100 (seq_ix=1920739216): 0.233746
  train  42/100 (seq_ix=1125234681): 0.401327
  train  43/100 (seq_ix=2035564581): 0.662540
  train  44/100 (seq_ix=2009925233): 1.281302
  train  45/100 (seq_ix=440944124): 0.943339
  train  46/100 (seq_ix=2061624706): 1.270394
  train  47/100 (seq_ix=892616012): 0.465890
  train  48/100 (seq_ix=2091756591): 1.097282
  train  49/100 (seq_ix=794669342): 0.644148
  train  50/100 (seq_ix=838147554): 2.656693
  train  51/100 (seq_ix=224084042): 0.327185
  train  52/100 (seq_ix=603743424): 1.367021
  train  53/100 (seq_ix=1422297712): 1.028638
  train  54/100 (seq_ix=574766713): 0.396993
  train  55/100 (seq_ix=1024616050): 1.387741
  train  56/100 (seq_ix=945297869): 0.860507
  train  57/100 (seq_ix=1620823563): 0.612025
  train  58/100 (seq_ix=1734663822): 0.817983
  train  59/100 (seq_ix=11648220): 0.752884
  train  60/100 (seq_ix=161615974): 1.238222
  train  61/100 (seq_ix=1857215576): 0.511810
  train  62/100 (seq_ix=1316485909): 0.338667
  train  63/100 (seq_ix=543427545): 1.823343
  train  64/100 (seq_ix=454825559): 0.793360
  train  65/100 (seq_ix=1060570346): 0.668360
  train  66/100 (seq_ix=2127852642): 0.767413
  train  67/100 (seq_ix=1181030253): 0.274009
  train  68/100 (seq_ix=22603860): 0.908537
  train  69/100 (seq_ix=438826393): 0.212630
  train  70/100 (seq_ix=339120526): 0.933664
  train  71/100 (seq_ix=1386612278): 0.585821
  train  72/100 (seq_ix=1217617503): 1.087145
  train  73/100 (seq_ix=893903801): 0.536816
  train  74/100 (seq_ix=573516403): 0.372524
  train  75/100 (seq_ix=741433073): 2.187669
  train  76/100 (seq_ix=1596943199): 0.664588
  train  77/100 (seq_ix=961940615): 1.364383
  train  78/100 (seq_ix=1872335189): 1.276025
  train  79/100 (seq_ix=637966516): 1.136893
  train  80/100 (seq_ix=2093658216): 1.789222
  train  81/100 (seq_ix=1068499374): 0.459052
  train  82/100 (seq_ix=1718939767): 0.849526
  train  83/100 (seq_ix=1748421619): 1.670262
  train  84/100 (seq_ix=1415113030): 0.996007
  train  85/100 (seq_ix=1236699497): 2.094862
  train  86/100 (seq_ix=372181850): 0.563680
  train  87/100 (seq_ix=1688142063): 1.051755
  train  88/100 (seq_ix=534041470): 0.179605
  train  89/100 (seq_ix=1036563475): 0.342069
  train  90/100 (seq_ix=422397392): 0.927976
  train  91/100 (seq_ix=159012369): 0.912168
  train  92/100 (seq_ix=551549935): 0.498810
  train  93/100 (seq_ix=1848114048): 0.969333
  train  94/100 (seq_ix=1741318143): 0.452128
  train  95/100 (seq_ix=675281486): 2.323092
  train  96/100 (seq_ix=898110762): 0.467430
  train  97/100 (seq_ix=1006830649): 0.724863
  train  98/100 (seq_ix=136704948): 0.365905
  train  99/100 (seq_ix=431995663): 0.466893
  train 100/100 (seq_ix=1902307434): 0.847873
Train mean loss: 0.869260
  valid   1/20 (seq_ix=180749831): 1.357130
  valid   2/20 (seq_ix=355898543): 0.821194
  valid   3/20 (seq_ix=705808958): 9.449057
  valid   4/20 (seq_ix=500271108): 1.622718
  valid   5/20 (seq_ix=1343217302): 1.120917
  valid   6/20 (seq_ix=909959284): 0.615203
  valid   7/20 (seq_ix=1702061024): 0.515559
  valid   8/20 (seq_ix=596544969): 1.488248
  valid   9/20 (seq_ix=1210015767): 0.321047
  valid  10/20 (seq_ix=1979857100): 0.743783
  valid  11/20 (seq_ix=125810080): 3.254408
  valid  12/20 (seq_ix=92307333): 1.352502
  valid  13/20 (seq_ix=482302805): 4.473826
  valid  14/20 (seq_ix=1416170278): 1.094994
  valid  15/20 (seq_ix=1675802868): 1.418073
  valid  16/20 (seq_ix=2043764292): 0.282027
  valid  17/20 (seq_ix=233220122): 0.708318
  valid  18/20 (seq_ix=1659498468): 0.950706
  valid  19/20 (seq_ix=1272271448): 0.243122
  valid  20/20 (seq_ix=1837760365): 0.809582
Validation mean loss: 1.632121
New best validation loss: 1.632121

Epoch 2/3
  train   1/100 (seq_ix=225652787): 1.135841
  train   2/100 (seq_ix=1164881438): 0.567512
  train   3/100 (seq_ix=1967513327): 0.728476
  train   4/100 (seq_ix=1260468996): 0.131593
  train   5/100 (seq_ix=40256537): 0.292178
  train   6/100 (seq_ix=1865536806): 1.118204
  train   7/100 (seq_ix=1069985558): 0.619243
  train   8/100 (seq_ix=893657349): 0.593815
  train   9/100 (seq_ix=1146893795): 0.211017
  train  10/100 (seq_ix=746679824): 1.263385
  train  11/100 (seq_ix=1524566408): 0.541917
  train  12/100 (seq_ix=1064886781): 0.683835
  train  13/100 (seq_ix=2112803082): 0.853771
  train  14/100 (seq_ix=119492795): 0.856003
  train  15/100 (seq_ix=1835911678): 1.260937
  train  16/100 (seq_ix=2024605638): 1.434065
  train  17/100 (seq_ix=1387531102): 1.748062
  train  18/100 (seq_ix=880367331): 1.349776
  train  19/100 (seq_ix=1242585024): 0.973872
  train  20/100 (seq_ix=2020986767): 0.685275
  train  21/100 (seq_ix=1299404002): 1.360192
  train  22/100 (seq_ix=2124682310): 0.396371
  train  23/100 (seq_ix=900872744): 0.706441
  train  24/100 (seq_ix=166523150): 0.577441
  train  25/100 (seq_ix=1616210265): 0.593196
  train  26/100 (seq_ix=169816067): 0.492294
  train  27/100 (seq_ix=1558422980): 0.680687
  train  28/100 (seq_ix=2076214668): 0.998100
  train  29/100 (seq_ix=793321424): 0.412447
  train  30/100 (seq_ix=1181513046): 0.879212
  train  31/100 (seq_ix=1993728896): 0.637256
  train  32/100 (seq_ix=1891016047): 0.632352
  train  33/100 (seq_ix=1661941497): 1.467424
  train  34/100 (seq_ix=1954537312): 0.647711
  train  35/100 (seq_ix=1875296450): 0.836509
  train  36/100 (seq_ix=1861265528): 0.679497
  train  37/100 (seq_ix=1536432553): 1.015819
  train  38/100 (seq_ix=1190375104): 0.496844
  train  39/100 (seq_ix=1984276013): 0.405289
  train  40/100 (seq_ix=554796223): 0.481319
  train  41/100 (seq_ix=1920739216): 0.209812
  train  42/100 (seq_ix=1125234681): 0.371117
  train  43/100 (seq_ix=2035564581): 0.631815
  train  44/100 (seq_ix=2009925233): 1.257472
  train  45/100 (seq_ix=440944124): 0.880840
  train  46/100 (seq_ix=2061624706): 1.236013
  train  47/100 (seq_ix=892616012): 0.437291
  train  48/100 (seq_ix=2091756591): 1.071454
  train  49/100 (seq_ix=794669342): 0.618691
  train  50/100 (seq_ix=838147554): 2.642240
  train  51/100 (seq_ix=224084042): 0.275033
  train  52/100 (seq_ix=603743424): 1.342424
  train  53/100 (seq_ix=1422297712): 0.996736
  train  54/100 (seq_ix=574766713): 0.386986
  train  55/100 (seq_ix=1024616050): 1.359479
  train  56/100 (seq_ix=945297869): 0.859333
  train  57/100 (seq_ix=1620823563): 0.583506
  train  58/100 (seq_ix=1734663822): 0.784967
  train  59/100 (seq_ix=11648220): 0.710495
  train  60/100 (seq_ix=161615974): 1.198680
  train  61/100 (seq_ix=1857215576): 0.431404
  train  62/100 (seq_ix=1316485909): 0.334927
  train  63/100 (seq_ix=543427545): 1.772984
  train  64/100 (seq_ix=454825559): 0.764212
  train  65/100 (seq_ix=1060570346): 0.650468
  train  66/100 (seq_ix=2127852642): 0.755450
  train  67/100 (seq_ix=1181030253): 0.266595
  train  68/100 (seq_ix=22603860): 0.880521
  train  69/100 (seq_ix=438826393): 0.206317
  train  70/100 (seq_ix=339120526): 0.926392
  train  71/100 (seq_ix=1386612278): 0.574351
  train  72/100 (seq_ix=1217617503): 1.087062
  train  73/100 (seq_ix=893903801): 0.503259
  train  74/100 (seq_ix=573516403): 0.370580
  train  75/100 (seq_ix=741433073): 2.191863
  train  76/100 (seq_ix=1596943199): 0.645676
  train  77/100 (seq_ix=961940615): 1.354193
  train  78/100 (seq_ix=1872335189): 1.254454
  train  79/100 (seq_ix=637966516): 1.129786
  train  80/100 (seq_ix=2093658216): 1.769968
  train  81/100 (seq_ix=1068499374): 0.440079
  train  82/100 (seq_ix=1718939767): 0.842130
  train  83/100 (seq_ix=1748421619): 1.631894
  train  84/100 (seq_ix=1415113030): 0.962923
  train  85/100 (seq_ix=1236699497): 2.062686
  train  86/100 (seq_ix=372181850): 0.555478
  train  87/100 (seq_ix=1688142063): 1.042273
  train  88/100 (seq_ix=534041470): 0.171383
  train  89/100 (seq_ix=1036563475): 0.358329
  train  90/100 (seq_ix=422397392): 0.912804
  train  91/100 (seq_ix=159012369): 0.868829
  train  92/100 (seq_ix=551549935): 0.473923
  train  93/100 (seq_ix=1848114048): 0.983846
  train  94/100 (seq_ix=1741318143): 0.439657
  train  95/100 (seq_ix=675281486): 2.324638
  train  96/100 (seq_ix=898110762): 0.463586
  train  97/100 (seq_ix=1006830649): 0.709156
  train  98/100 (seq_ix=136704948): 0.356261
  train  99/100 (seq_ix=431995663): 0.467396
  train 100/100 (seq_ix=1902307434): 0.844438
Train mean loss: 0.840817
  valid   1/20 (seq_ix=180749831): 1.350101
  valid   2/20 (seq_ix=355898543): 0.815881
  valid   3/20 (seq_ix=705808958): 9.381832
  valid   4/20 (seq_ix=500271108): 1.626344
  valid   5/20 (seq_ix=1343217302): 1.086595
  valid   6/20 (seq_ix=909959284): 0.581791
  valid   7/20 (seq_ix=1702061024): 0.513831
  valid   8/20 (seq_ix=596544969): 1.475231
  valid   9/20 (seq_ix=1210015767): 0.310202
  valid  10/20 (seq_ix=1979857100): 0.738945
  valid  11/20 (seq_ix=125810080): 3.309070
  valid  12/20 (seq_ix=92307333): 1.363294
  valid  13/20 (seq_ix=482302805): 4.437507
  valid  14/20 (seq_ix=1416170278): 1.077826
  valid  15/20 (seq_ix=1675802868): 1.399281
  valid  16/20 (seq_ix=2043764292): 0.260772
  valid  17/20 (seq_ix=233220122): 0.716665
  valid  18/20 (seq_ix=1659498468): 0.937065
  valid  19/20 (seq_ix=1272271448): 0.234674
  valid  20/20 (seq_ix=1837760365): 0.809661
Validation mean loss: 1.621328
New best validation loss: 1.621328

Epoch 3/3
  train   1/100 (seq_ix=225652787): 1.109174
  train   2/100 (seq_ix=1164881438): 0.546361
  train   3/100 (seq_ix=1967513327): 0.721096
  train   4/100 (seq_ix=1260468996): 0.151552
  train   5/100 (seq_ix=40256537): 0.290842
  train   6/100 (seq_ix=1865536806): 1.066144
  train   7/100 (seq_ix=1069985558): 0.625349
  train   8/100 (seq_ix=893657349): 0.568945
  train   9/100 (seq_ix=1146893795): 0.216507
  train  10/100 (seq_ix=746679824): 1.250838
  train  11/100 (seq_ix=1524566408): 0.493403
  train  12/100 (seq_ix=1064886781): 0.635381
  train  13/100 (seq_ix=2112803082): 0.828206
  train  14/100 (seq_ix=119492795): 0.854455
  train  15/100 (seq_ix=1835911678): 1.231657
  train  16/100 (seq_ix=2024605638): 1.426187
  train  17/100 (seq_ix=1387531102): 1.706502
  train  18/100 (seq_ix=880367331): 1.285514
  train  19/100 (seq_ix=1242585024): 0.965254
  train  20/100 (seq_ix=2020986767): 0.669681
  train  21/100 (seq_ix=1299404002): 1.343392
  train  22/100 (seq_ix=2124682310): 0.384569
  train  23/100 (seq_ix=900872744): 0.682213
  train  24/100 (seq_ix=166523150): 0.553198
  train  25/100 (seq_ix=1616210265): 0.606208
  train  26/100 (seq_ix=169816067): 0.476007
  train  27/100 (seq_ix=1558422980): 0.672292
  train  28/100 (seq_ix=2076214668): 0.980032
  train  29/100 (seq_ix=793321424): 0.404883
  train  30/100 (seq_ix=1181513046): 0.867753
  train  31/100 (seq_ix=1993728896): 0.621108
  train  32/100 (seq_ix=1891016047): 0.627660
  train  33/100 (seq_ix=1661941497): 1.430915
  train  34/100 (seq_ix=1954537312): 0.644865
  train  35/100 (seq_ix=1875296450): 0.811685
  train  36/100 (seq_ix=1861265528): 0.662107
  train  37/100 (seq_ix=1536432553): 0.996892
  train  38/100 (seq_ix=1190375104): 0.449521
  train  39/100 (seq_ix=1984276013): 0.402943
  train  40/100 (seq_ix=554796223): 0.460646
  train  41/100 (seq_ix=1920739216): 0.199307
  train  42/100 (seq_ix=1125234681): 0.367389
  train  43/100 (seq_ix=2035564581): 0.619570
  train  44/100 (seq_ix=2009925233): 1.250274
  train  45/100 (seq_ix=440944124): 0.854961
  train  46/100 (seq_ix=2061624706): 1.238159
  train  47/100 (seq_ix=892616012): 0.425686
  train  48/100 (seq_ix=2091756591): 1.058154
  train  49/100 (seq_ix=794669342): 0.610415
  train  50/100 (seq_ix=838147554): 2.640074
  train  51/100 (seq_ix=224084042): 0.253923
  train  52/100 (seq_ix=603743424): 1.324802
  train  53/100 (seq_ix=1422297712): 0.981571
  train  54/100 (seq_ix=574766713): 0.379070
  train  55/100 (seq_ix=1024616050): 1.342118
  train  56/100 (seq_ix=945297869): 0.812142
  train  57/100 (seq_ix=1620823563): 0.569316
  train  58/100 (seq_ix=1734663822): 0.774336
  train  59/100 (seq_ix=11648220): 0.708932
  train  60/100 (seq_ix=161615974): 1.196135
  train  61/100 (seq_ix=1857215576): 0.400933
  train  62/100 (seq_ix=1316485909): 0.326577
  train  63/100 (seq_ix=543427545): 1.758064
  train  64/100 (seq_ix=454825559): 0.737670
  train  65/100 (seq_ix=1060570346): 0.663869
  train  66/100 (seq_ix=2127852642): 0.712098
  train  67/100 (seq_ix=1181030253): 0.252643
  train  68/100 (seq_ix=22603860): 0.855748
  train  69/100 (seq_ix=438826393): 0.195468
  train  70/100 (seq_ix=339120526): 0.920304
  train  71/100 (seq_ix=1386612278): 0.570828
  train  72/100 (seq_ix=1217617503): 1.083330
  train  73/100 (seq_ix=893903801): 0.505396
  train  74/100 (seq_ix=573516403): 0.381905
  train  75/100 (seq_ix=741433073): 2.178078
  train  76/100 (seq_ix=1596943199): 0.649071
  train  77/100 (seq_ix=961940615): 1.344431
  train  78/100 (seq_ix=1872335189): 1.254405
  train  79/100 (seq_ix=637966516): 1.123734
  train  80/100 (seq_ix=2093658216): 1.744974
  train  81/100 (seq_ix=1068499374): 0.431601
  train  82/100 (seq_ix=1718939767): 0.833411
  train  83/100 (seq_ix=1748421619): 1.610843
  train  84/100 (seq_ix=1415113030): 0.929280
  train  85/100 (seq_ix=1236699497): 2.062135
  train  86/100 (seq_ix=372181850): 0.550990
  train  87/100 (seq_ix=1688142063): 1.033788
  train  88/100 (seq_ix=534041470): 0.167831
  train  89/100 (seq_ix=1036563475): 0.358441
  train  90/100 (seq_ix=422397392): 0.899057
  train  91/100 (seq_ix=159012369): 0.861536
  train  92/100 (seq_ix=551549935): 0.467364
  train  93/100 (seq_ix=1848114048): 0.982610
  train  94/100 (seq_ix=1741318143): 0.437127
  train  95/100 (seq_ix=675281486): 2.303836
  train  96/100 (seq_ix=898110762): 0.457426
  train  97/100 (seq_ix=1006830649): 0.701332
  train  98/100 (seq_ix=136704948): 0.350056
  train  99/100 (seq_ix=431995663): 0.462885
  train 100/100 (seq_ix=1902307434): 0.846992
Train mean loss: 0.827363
  valid   1/20 (seq_ix=180749831): 1.317033
  valid   2/20 (seq_ix=355898543): 0.830990
  valid   3/20 (seq_ix=705808958): 9.451816
  valid   4/20 (seq_ix=500271108): 1.621317
  valid   5/20 (seq_ix=1343217302): 1.064387
  valid   6/20 (seq_ix=909959284): 0.566633
  valid   7/20 (seq_ix=1702061024): 0.498109
  valid   8/20 (seq_ix=596544969): 1.473658
  valid   9/20 (seq_ix=1210015767): 0.304455
  valid  10/20 (seq_ix=1979857100): 0.730898
  valid  11/20 (seq_ix=125810080): 3.293099
  valid  12/20 (seq_ix=92307333): 1.351540
  valid  13/20 (seq_ix=482302805): 4.414101
  valid  14/20 (seq_ix=1416170278): 1.046467
  valid  15/20 (seq_ix=1675802868): 1.371245
  valid  16/20 (seq_ix=2043764292): 0.264937
  valid  17/20 (seq_ix=233220122): 0.702203
  valid  18/20 (seq_ix=1659498468): 0.921721
  valid  19/20 (seq_ix=1272271448): 0.230920
  valid  20/20 (seq_ix=1837760365): 0.824673
Validation mean loss: 1.614010
New best validation loss: 1.614010

Elapsed time: 376.70 seconds
Best epoch: 3
Best validation MSE: 1.614010

Saved best checkpoint: results/weekend/extra_seeds/baseline_seed7_split1234.pt
Saved results: results/weekend/extra_seeds/baseline_seed7_split1234.json
