Device: cuda
GPU: NVIDIA RTX 5000 Ada Generation
Model: baseline
Parameters: 945602
Training sequences: 100
Validation sequences: 20

Epoch 1/3
  train   1/100 (seq_ix=225652787): 1.364544
  train   2/100 (seq_ix=1164881438): 0.651954
  train   3/100 (seq_ix=1967513327): 0.768840
  train   4/100 (seq_ix=1260468996): 0.155076
  train   5/100 (seq_ix=40256537): 0.348298
  train   6/100 (seq_ix=1865536806): 1.230421
  train   7/100 (seq_ix=1069985558): 0.744767
  train   8/100 (seq_ix=893657349): 0.673854
  train   9/100 (seq_ix=1146893795): 0.240670
  train  10/100 (seq_ix=746679824): 1.392624
  train  11/100 (seq_ix=1524566408): 0.514368
  train  12/100 (seq_ix=1064886781): 0.700723
  train  13/100 (seq_ix=2112803082): 0.881236
  train  14/100 (seq_ix=119492795): 0.877009
  train  15/100 (seq_ix=1835911678): 1.376047
  train  16/100 (seq_ix=2024605638): 1.516568
  train  17/100 (seq_ix=1387531102): 1.778757
  train  18/100 (seq_ix=880367331): 1.523980
  train  19/100 (seq_ix=1242585024): 1.062265
  train  20/100 (seq_ix=2020986767): 0.683792
  train  21/100 (seq_ix=1299404002): 1.369400
  train  22/100 (seq_ix=2124682310): 0.405539
  train  23/100 (seq_ix=900872744): 0.770683
  train  24/100 (seq_ix=166523150): 0.593516
  train  25/100 (seq_ix=1616210265): 0.587159
  train  26/100 (seq_ix=169816067): 0.557164
  train  27/100 (seq_ix=1558422980): 0.719827
  train  28/100 (seq_ix=2076214668): 1.028105
  train  29/100 (seq_ix=793321424): 0.436073
  train  30/100 (seq_ix=1181513046): 0.888892
  train  31/100 (seq_ix=1993728896): 0.647751
  train  32/100 (seq_ix=1891016047): 0.647440
  train  33/100 (seq_ix=1661941497): 1.558761
  train  34/100 (seq_ix=1954537312): 0.652507
  train  35/100 (seq_ix=1875296450): 0.868091
  train  36/100 (seq_ix=1861265528): 0.706288
  train  37/100 (seq_ix=1536432553): 1.043987
  train  38/100 (seq_ix=1190375104): 0.573561
  train  39/100 (seq_ix=1984276013): 0.415722
  train  40/100 (seq_ix=554796223): 0.519275
  train  41/100 (seq_ix=1920739216): 0.261133
  train  42/100 (seq_ix=1125234681): 0.386381
  train  43/100 (seq_ix=2035564581): 0.667094
  train  44/100 (seq_ix=2009925233): 1.256037
  train  45/100 (seq_ix=440944124): 0.965858
  train  46/100 (seq_ix=2061624706): 1.282222
  train  47/100 (seq_ix=892616012): 0.453382
  train  48/100 (seq_ix=2091756591): 1.122198
  train  49/100 (seq_ix=794669342): 0.654829
  train  50/100 (seq_ix=838147554): 2.636211
  train  51/100 (seq_ix=224084042): 0.358700
  train  52/100 (seq_ix=603743424): 1.374152
  train  53/100 (seq_ix=1422297712): 1.033681
  train  54/100 (seq_ix=574766713): 0.399458
  train  55/100 (seq_ix=1024616050): 1.372971
  train  56/100 (seq_ix=945297869): 0.921068
  train  57/100 (seq_ix=1620823563): 0.623188
  train  58/100 (seq_ix=1734663822): 0.825059
  train  59/100 (seq_ix=11648220): 0.756160
  train  60/100 (seq_ix=161615974): 1.261952
  train  61/100 (seq_ix=1857215576): 0.494601
  train  62/100 (seq_ix=1316485909): 0.347403
  train  63/100 (seq_ix=543427545): 1.812196
  train  64/100 (seq_ix=454825559): 0.811535
  train  65/100 (seq_ix=1060570346): 0.660399
  train  66/100 (seq_ix=2127852642): 0.783728
  train  67/100 (seq_ix=1181030253): 0.281004
  train  68/100 (seq_ix=22603860): 0.920692
  train  69/100 (seq_ix=438826393): 0.205159
  train  70/100 (seq_ix=339120526): 0.945891
  train  71/100 (seq_ix=1386612278): 0.580799
  train  72/100 (seq_ix=1217617503): 1.083000
  train  73/100 (seq_ix=893903801): 0.564393
  train  74/100 (seq_ix=573516403): 0.373932
  train  75/100 (seq_ix=741433073): 2.173911
  train  76/100 (seq_ix=1596943199): 0.670121
  train  77/100 (seq_ix=961940615): 1.365968
  train  78/100 (seq_ix=1872335189): 1.273880
  train  79/100 (seq_ix=637966516): 1.141899
  train  80/100 (seq_ix=2093658216): 1.786630
  train  81/100 (seq_ix=1068499374): 0.460659
  train  82/100 (seq_ix=1718939767): 0.847469
  train  83/100 (seq_ix=1748421619): 1.662192
  train  84/100 (seq_ix=1415113030): 0.996658
  train  85/100 (seq_ix=1236699497): 2.092568
  train  86/100 (seq_ix=372181850): 0.566219
  train  87/100 (seq_ix=1688142063): 1.064135
  train  88/100 (seq_ix=534041470): 0.169081
  train  89/100 (seq_ix=1036563475): 0.357338
  train  90/100 (seq_ix=422397392): 0.910428
  train  91/100 (seq_ix=159012369): 0.904173
  train  92/100 (seq_ix=551549935): 0.481180
  train  93/100 (seq_ix=1848114048): 0.967212
  train  94/100 (seq_ix=1741318143): 0.453336
  train  95/100 (seq_ix=675281486): 2.316356
  train  96/100 (seq_ix=898110762): 0.465418
  train  97/100 (seq_ix=1006830649): 0.722851
  train  98/100 (seq_ix=136704948): 0.370904
  train  99/100 (seq_ix=431995663): 0.465403
  train 100/100 (seq_ix=1902307434): 0.834411
Train mean loss: 0.874724
  valid   1/20 (seq_ix=180749831): 1.388077
  valid   2/20 (seq_ix=355898543): 0.806784
  valid   3/20 (seq_ix=705808958): 9.426931
  valid   4/20 (seq_ix=500271108): 1.622061
  valid   5/20 (seq_ix=1343217302): 1.115037
  valid   6/20 (seq_ix=909959284): 0.591262
  valid   7/20 (seq_ix=1702061024): 0.481825
  valid   8/20 (seq_ix=596544969): 1.445583
  valid   9/20 (seq_ix=1210015767): 0.306040
  valid  10/20 (seq_ix=1979857100): 0.731787
  valid  11/20 (seq_ix=125810080): 3.313639
  valid  12/20 (seq_ix=92307333): 1.332238
  valid  13/20 (seq_ix=482302805): 4.571036
  valid  14/20 (seq_ix=1416170278): 1.104937
  valid  15/20 (seq_ix=1675802868): 1.478942
  valid  16/20 (seq_ix=2043764292): 0.244865
  valid  17/20 (seq_ix=233220122): 0.730084
  valid  18/20 (seq_ix=1659498468): 0.942545
  valid  19/20 (seq_ix=1272271448): 0.227681
  valid  20/20 (seq_ix=1837760365): 0.772658
Validation mean loss: 1.631701
New best validation loss: 1.631701

Epoch 2/3
  train   1/100 (seq_ix=225652787): 1.187834
  train   2/100 (seq_ix=1164881438): 0.570723
  train   3/100 (seq_ix=1967513327): 0.734248
  train   4/100 (seq_ix=1260468996): 0.142373
  train   5/100 (seq_ix=40256537): 0.303904
  train   6/100 (seq_ix=1865536806): 1.089562
  train   7/100 (seq_ix=1069985558): 0.623867
  train   8/100 (seq_ix=893657349): 0.592463
  train   9/100 (seq_ix=1146893795): 0.203701
  train  10/100 (seq_ix=746679824): 1.271932
  train  11/100 (seq_ix=1524566408): 0.516594
  train  12/100 (seq_ix=1064886781): 0.715156
  train  13/100 (seq_ix=2112803082): 0.822855
  train  14/100 (seq_ix=119492795): 0.859530
  train  15/100 (seq_ix=1835911678): 1.284002
  train  16/100 (seq_ix=2024605638): 1.440080
  train  17/100 (seq_ix=1387531102): 1.726479
  train  18/100 (seq_ix=880367331): 1.364884
  train  19/100 (seq_ix=1242585024): 0.954880
  train  20/100 (seq_ix=2020986767): 0.682681
  train  21/100 (seq_ix=1299404002): 1.357602
  train  22/100 (seq_ix=2124682310): 0.384324
  train  23/100 (seq_ix=900872744): 0.707445
  train  24/100 (seq_ix=166523150): 0.570829
  train  25/100 (seq_ix=1616210265): 0.587400
  train  26/100 (seq_ix=169816067): 0.484602
  train  27/100 (seq_ix=1558422980): 0.682683
  train  28/100 (seq_ix=2076214668): 0.987179
  train  29/100 (seq_ix=793321424): 0.410570
  train  30/100 (seq_ix=1181513046): 0.864660
  train  31/100 (seq_ix=1993728896): 0.644542
  train  32/100 (seq_ix=1891016047): 0.633456
  train  33/100 (seq_ix=1661941497): 1.459052
  train  34/100 (seq_ix=1954537312): 0.687409
  train  35/100 (seq_ix=1875296450): 0.829991
  train  36/100 (seq_ix=1861265528): 0.682057
  train  37/100 (seq_ix=1536432553): 1.022001
  train  38/100 (seq_ix=1190375104): 0.488165
  train  39/100 (seq_ix=1984276013): 0.409341
  train  40/100 (seq_ix=554796223): 0.486404
  train  41/100 (seq_ix=1920739216): 0.208560
  train  42/100 (seq_ix=1125234681): 0.371854
  train  43/100 (seq_ix=2035564581): 0.642373
  train  44/100 (seq_ix=2009925233): 1.261858
  train  45/100 (seq_ix=440944124): 0.898604
  train  46/100 (seq_ix=2061624706): 1.231518
  train  47/100 (seq_ix=892616012): 0.431385
  train  48/100 (seq_ix=2091756591): 1.080380
  train  49/100 (seq_ix=794669342): 0.605879
  train  50/100 (seq_ix=838147554): 2.619932
  train  51/100 (seq_ix=224084042): 0.249167
  train  52/100 (seq_ix=603743424): 1.346641
  train  53/100 (seq_ix=1422297712): 0.989700
  train  54/100 (seq_ix=574766713): 0.390254
  train  55/100 (seq_ix=1024616050): 1.346374
  train  56/100 (seq_ix=945297869): 0.850216
  train  57/100 (seq_ix=1620823563): 0.588553
  train  58/100 (seq_ix=1734663822): 0.786710
  train  59/100 (seq_ix=11648220): 0.722807
  train  60/100 (seq_ix=161615974): 1.202510
  train  61/100 (seq_ix=1857215576): 0.440947
  train  62/100 (seq_ix=1316485909): 0.333394
  train  63/100 (seq_ix=543427545): 1.772865
  train  64/100 (seq_ix=454825559): 0.754113
  train  65/100 (seq_ix=1060570346): 0.676188
  train  66/100 (seq_ix=2127852642): 0.745001
  train  67/100 (seq_ix=1181030253): 0.261226
  train  68/100 (seq_ix=22603860): 0.889278
  train  69/100 (seq_ix=438826393): 0.193654
  train  70/100 (seq_ix=339120526): 0.927420
  train  71/100 (seq_ix=1386612278): 0.575827
  train  72/100 (seq_ix=1217617503): 1.078987
  train  73/100 (seq_ix=893903801): 0.508144
  train  74/100 (seq_ix=573516403): 0.372759
  train  75/100 (seq_ix=741433073): 2.171462
  train  76/100 (seq_ix=1596943199): 0.650205
  train  77/100 (seq_ix=961940615): 1.361977
  train  78/100 (seq_ix=1872335189): 1.259527
  train  79/100 (seq_ix=637966516): 1.131762
  train  80/100 (seq_ix=2093658216): 1.743754
  train  81/100 (seq_ix=1068499374): 0.441392
  train  82/100 (seq_ix=1718939767): 0.841253
  train  83/100 (seq_ix=1748421619): 1.645796
  train  84/100 (seq_ix=1415113030): 0.943803
  train  85/100 (seq_ix=1236699497): 2.085561
  train  86/100 (seq_ix=372181850): 0.549068
  train  87/100 (seq_ix=1688142063): 1.054087
  train  88/100 (seq_ix=534041470): 0.163991
  train  89/100 (seq_ix=1036563475): 0.372670
  train  90/100 (seq_ix=422397392): 0.904049
  train  91/100 (seq_ix=159012369): 0.848046
  train  92/100 (seq_ix=551549935): 0.478406
  train  93/100 (seq_ix=1848114048): 0.980850
  train  94/100 (seq_ix=1741318143): 0.454593
  train  95/100 (seq_ix=675281486): 2.310877
  train  96/100 (seq_ix=898110762): 0.455777
  train  97/100 (seq_ix=1006830649): 0.700584
  train  98/100 (seq_ix=136704948): 0.355932
  train  99/100 (seq_ix=431995663): 0.465812
  train 100/100 (seq_ix=1902307434): 0.842336
Train mean loss: 0.840361
  valid   1/20 (seq_ix=180749831): 1.335623
  valid   2/20 (seq_ix=355898543): 0.824972
  valid   3/20 (seq_ix=705808958): 9.408123
  valid   4/20 (seq_ix=500271108): 1.619602
  valid   5/20 (seq_ix=1343217302): 1.091004
  valid   6/20 (seq_ix=909959284): 0.569129
  valid   7/20 (seq_ix=1702061024): 0.503450
  valid   8/20 (seq_ix=596544969): 1.451327
  valid   9/20 (seq_ix=1210015767): 0.308532
  valid  10/20 (seq_ix=1979857100): 0.737343
  valid  11/20 (seq_ix=125810080): 3.305530
  valid  12/20 (seq_ix=92307333): 1.321822
  valid  13/20 (seq_ix=482302805): 4.481265
  valid  14/20 (seq_ix=1416170278): 1.066038
  valid  15/20 (seq_ix=1675802868): 1.411648
  valid  16/20 (seq_ix=2043764292): 0.260228
  valid  17/20 (seq_ix=233220122): 0.711554
  valid  18/20 (seq_ix=1659498468): 0.918476
  valid  19/20 (seq_ix=1272271448): 0.230053
  valid  20/20 (seq_ix=1837760365): 0.800682
Validation mean loss: 1.617820
New best validation loss: 1.617820

Epoch 3/3
  train   1/100 (seq_ix=225652787): 1.133064
  train   2/100 (seq_ix=1164881438): 0.547792
  train   3/100 (seq_ix=1967513327): 0.726024
  train   4/100 (seq_ix=1260468996): 0.157464
  train   5/100 (seq_ix=40256537): 0.292464
  train   6/100 (seq_ix=1865536806): 1.086731
  train   7/100 (seq_ix=1069985558): 0.612447
  train   8/100 (seq_ix=893657349): 0.575957
  train   9/100 (seq_ix=1146893795): 0.205781
  train  10/100 (seq_ix=746679824): 1.247747
  train  11/100 (seq_ix=1524566408): 0.488623
  train  12/100 (seq_ix=1064886781): 0.655095
  train  13/100 (seq_ix=2112803082): 0.840793
  train  14/100 (seq_ix=119492795): 0.856515
  train  15/100 (seq_ix=1835911678): 1.252146
  train  16/100 (seq_ix=2024605638): 1.419609
  train  17/100 (seq_ix=1387531102): 1.715596
  train  18/100 (seq_ix=880367331): 1.331673
  train  19/100 (seq_ix=1242585024): 0.934872
  train  20/100 (seq_ix=2020986767): 0.672398
  train  21/100 (seq_ix=1299404002): 1.351776
  train  22/100 (seq_ix=2124682310): 0.385756
  train  23/100 (seq_ix=900872744): 0.691355
  train  24/100 (seq_ix=166523150): 0.572491
  train  25/100 (seq_ix=1616210265): 0.604248
  train  26/100 (seq_ix=169816067): 0.495425
  train  27/100 (seq_ix=1558422980): 0.684769
  train  28/100 (seq_ix=2076214668): 0.970914
  train  29/100 (seq_ix=793321424): 0.405340
  train  30/100 (seq_ix=1181513046): 0.851963
  train  31/100 (seq_ix=1993728896): 0.635957
  train  32/100 (seq_ix=1891016047): 0.634454
  train  33/100 (seq_ix=1661941497): 1.421749
  train  34/100 (seq_ix=1954537312): 0.684769
  train  35/100 (seq_ix=1875296450): 0.813793
  train  36/100 (seq_ix=1861265528): 0.667452
  train  37/100 (seq_ix=1536432553): 1.010038
  train  38/100 (seq_ix=1190375104): 0.468012
  train  39/100 (seq_ix=1984276013): 0.403350
  train  40/100 (seq_ix=554796223): 0.484763
  train  41/100 (seq_ix=1920739216): 0.198288
  train  42/100 (seq_ix=1125234681): 0.374189
  train  43/100 (seq_ix=2035564581): 0.636114
  train  44/100 (seq_ix=2009925233): 1.248101
  train  45/100 (seq_ix=440944124): 0.878237
  train  46/100 (seq_ix=2061624706): 1.210857
  train  47/100 (seq_ix=892616012): 0.422811
  train  48/100 (seq_ix=2091756591): 1.056619
  train  49/100 (seq_ix=794669342): 0.597697
  train  50/100 (seq_ix=838147554): 2.603058
  train  51/100 (seq_ix=224084042): 0.231913
  train  52/100 (seq_ix=603743424): 1.360765
  train  53/100 (seq_ix=1422297712): 0.981742
  train  54/100 (seq_ix=574766713): 0.385791
  train  55/100 (seq_ix=1024616050): 1.328948
  train  56/100 (seq_ix=945297869): 0.789393
  train  57/100 (seq_ix=1620823563): 0.575554
  train  58/100 (seq_ix=1734663822): 0.778860
  train  59/100 (seq_ix=11648220): 0.717537
  train  60/100 (seq_ix=161615974): 1.182590
  train  61/100 (seq_ix=1857215576): 0.413932
  train  62/100 (seq_ix=1316485909): 0.328009
  train  63/100 (seq_ix=543427545): 1.756401
  train  64/100 (seq_ix=454825559): 0.737558
  train  65/100 (seq_ix=1060570346): 0.675669
  train  66/100 (seq_ix=2127852642): 0.719890
  train  67/100 (seq_ix=1181030253): 0.253579
  train  68/100 (seq_ix=22603860): 0.873097
  train  69/100 (seq_ix=438826393): 0.183676
  train  70/100 (seq_ix=339120526): 0.919684
  train  71/100 (seq_ix=1386612278): 0.572332
  train  72/100 (seq_ix=1217617503): 1.079103
  train  73/100 (seq_ix=893903801): 0.495310
  train  74/100 (seq_ix=573516403): 0.373574
  train  75/100 (seq_ix=741433073): 2.162831
  train  76/100 (seq_ix=1596943199): 0.643545
  train  77/100 (seq_ix=961940615): 1.359461
  train  78/100 (seq_ix=1872335189): 1.253892
  train  79/100 (seq_ix=637966516): 1.129486
  train  80/100 (seq_ix=2093658216): 1.733186
  train  81/100 (seq_ix=1068499374): 0.441833
  train  82/100 (seq_ix=1718939767): 0.837028
  train  83/100 (seq_ix=1748421619): 1.621885
  train  84/100 (seq_ix=1415113030): 0.925957
  train  85/100 (seq_ix=1236699497): 2.079613
  train  86/100 (seq_ix=372181850): 0.546383
  train  87/100 (seq_ix=1688142063): 1.038653
  train  88/100 (seq_ix=534041470): 0.161184
  train  89/100 (seq_ix=1036563475): 0.362633
  train  90/100 (seq_ix=422397392): 0.887355
  train  91/100 (seq_ix=159012369): 0.826609
  train  92/100 (seq_ix=551549935): 0.465856
  train  93/100 (seq_ix=1848114048): 0.977942
  train  94/100 (seq_ix=1741318143): 0.449864
  train  95/100 (seq_ix=675281486): 2.310404
  train  96/100 (seq_ix=898110762): 0.451836
  train  97/100 (seq_ix=1006830649): 0.699627
  train  98/100 (seq_ix=136704948): 0.355047
  train  99/100 (seq_ix=431995663): 0.462616
  train 100/100 (seq_ix=1902307434): 0.833205
Train mean loss: 0.829500
  valid   1/20 (seq_ix=180749831): 1.306737
  valid   2/20 (seq_ix=355898543): 0.826838
  valid   3/20 (seq_ix=705808958): 9.402395
  valid   4/20 (seq_ix=500271108): 1.620937
  valid   5/20 (seq_ix=1343217302): 1.073927
  valid   6/20 (seq_ix=909959284): 0.562969
  valid   7/20 (seq_ix=1702061024): 0.500202
  valid   8/20 (seq_ix=596544969): 1.447815
  valid   9/20 (seq_ix=1210015767): 0.309473
  valid  10/20 (seq_ix=1979857100): 0.734874
  valid  11/20 (seq_ix=125810080): 3.294759
  valid  12/20 (seq_ix=92307333): 1.347076
  valid  13/20 (seq_ix=482302805): 4.435612
  valid  14/20 (seq_ix=1416170278): 1.066147
  valid  15/20 (seq_ix=1675802868): 1.405144
  valid  16/20 (seq_ix=2043764292): 0.269907
  valid  17/20 (seq_ix=233220122): 0.700663
  valid  18/20 (seq_ix=1659498468): 0.918878
  valid  19/20 (seq_ix=1272271448): 0.229813
  valid  20/20 (seq_ix=1837760365): 0.808583
Validation mean loss: 1.613137
New best validation loss: 1.613137

Elapsed time: 390.98 seconds
Best epoch: 3
Best validation MSE: 1.613137

Saved best checkpoint: results/weekend/extra_seeds/baseline_seed9_split1234.pt
Saved results: results/weekend/extra_seeds/baseline_seed9_split1234.json
