Device: cuda
GPU: NVIDIA RTX 5000 Ada Generation
Model: baseline
Parameters: 945602
Training sequences: 100
Validation sequences: 20

Epoch 1/3
  train   1/100 (seq_ix=225652787): 1.351261
  train   2/100 (seq_ix=1164881438): 0.632690
  train   3/100 (seq_ix=1967513327): 0.754500
  train   4/100 (seq_ix=1260468996): 0.149020
  train   5/100 (seq_ix=40256537): 0.352617
  train   6/100 (seq_ix=1865536806): 1.275371
  train   7/100 (seq_ix=1069985558): 0.713128
  train   8/100 (seq_ix=893657349): 0.666616
  train   9/100 (seq_ix=1146893795): 0.256487
  train  10/100 (seq_ix=746679824): 1.378460
  train  11/100 (seq_ix=1524566408): 0.509409
  train  12/100 (seq_ix=1064886781): 0.737786
  train  13/100 (seq_ix=2112803082): 0.858156
  train  14/100 (seq_ix=119492795): 0.884319
  train  15/100 (seq_ix=1835911678): 1.323107
  train  16/100 (seq_ix=2024605638): 1.517298
  train  17/100 (seq_ix=1387531102): 1.744811
  train  18/100 (seq_ix=880367331): 1.503499
  train  19/100 (seq_ix=1242585024): 1.049453
  train  20/100 (seq_ix=2020986767): 0.686687
  train  21/100 (seq_ix=1299404002): 1.374686
  train  22/100 (seq_ix=2124682310): 0.408325
  train  23/100 (seq_ix=900872744): 0.777370
  train  24/100 (seq_ix=166523150): 0.581057
  train  25/100 (seq_ix=1616210265): 0.624502
  train  26/100 (seq_ix=169816067): 0.505477
  train  27/100 (seq_ix=1558422980): 0.716545
  train  28/100 (seq_ix=2076214668): 1.027872
  train  29/100 (seq_ix=793321424): 0.428735
  train  30/100 (seq_ix=1181513046): 0.857058
  train  31/100 (seq_ix=1993728896): 0.676208
  train  32/100 (seq_ix=1891016047): 0.640311
  train  33/100 (seq_ix=1661941497): 1.529880
  train  34/100 (seq_ix=1954537312): 0.667926
  train  35/100 (seq_ix=1875296450): 0.856165
  train  36/100 (seq_ix=1861265528): 0.719128
  train  37/100 (seq_ix=1536432553): 1.038656
  train  38/100 (seq_ix=1190375104): 0.567547
  train  39/100 (seq_ix=1984276013): 0.419061
  train  40/100 (seq_ix=554796223): 0.518995
  train  41/100 (seq_ix=1920739216): 0.235150
  train  42/100 (seq_ix=1125234681): 0.407749
  train  43/100 (seq_ix=2035564581): 0.650870
  train  44/100 (seq_ix=2009925233): 1.282819
  train  45/100 (seq_ix=440944124): 0.941732
  train  46/100 (seq_ix=2061624706): 1.277220
  train  47/100 (seq_ix=892616012): 0.445607
  train  48/100 (seq_ix=2091756591): 1.102339
  train  49/100 (seq_ix=794669342): 0.662984
  train  50/100 (seq_ix=838147554): 2.645147
  train  51/100 (seq_ix=224084042): 0.376885
  train  52/100 (seq_ix=603743424): 1.377717
  train  53/100 (seq_ix=1422297712): 1.029240
  train  54/100 (seq_ix=574766713): 0.397782
  train  55/100 (seq_ix=1024616050): 1.378566
  train  56/100 (seq_ix=945297869): 0.873124
  train  57/100 (seq_ix=1620823563): 0.613331
  train  58/100 (seq_ix=1734663822): 0.810492
  train  59/100 (seq_ix=11648220): 0.775436
  train  60/100 (seq_ix=161615974): 1.251379
  train  61/100 (seq_ix=1857215576): 0.525534
  train  62/100 (seq_ix=1316485909): 0.352295
  train  63/100 (seq_ix=543427545): 1.819680
  train  64/100 (seq_ix=454825559): 0.797239
  train  65/100 (seq_ix=1060570346): 0.685247
  train  66/100 (seq_ix=2127852642): 0.771846
  train  67/100 (seq_ix=1181030253): 0.271049
  train  68/100 (seq_ix=22603860): 0.936519
  train  69/100 (seq_ix=438826393): 0.213967
  train  70/100 (seq_ix=339120526): 0.942768
  train  71/100 (seq_ix=1386612278): 0.595888
  train  72/100 (seq_ix=1217617503): 1.087371
  train  73/100 (seq_ix=893903801): 0.542887
  train  74/100 (seq_ix=573516403): 0.377314
  train  75/100 (seq_ix=741433073): 2.199928
  train  76/100 (seq_ix=1596943199): 0.677048
  train  77/100 (seq_ix=961940615): 1.354711
  train  78/100 (seq_ix=1872335189): 1.272491
  train  79/100 (seq_ix=637966516): 1.178835
  train  80/100 (seq_ix=2093658216): 1.782811
  train  81/100 (seq_ix=1068499374): 0.440422
  train  82/100 (seq_ix=1718939767): 0.845397
  train  83/100 (seq_ix=1748421619): 1.645669
  train  84/100 (seq_ix=1415113030): 0.998067
  train  85/100 (seq_ix=1236699497): 2.110618
  train  86/100 (seq_ix=372181850): 0.576328
  train  87/100 (seq_ix=1688142063): 1.071358
  train  88/100 (seq_ix=534041470): 0.170877
  train  89/100 (seq_ix=1036563475): 0.371025
  train  90/100 (seq_ix=422397392): 0.916520
  train  91/100 (seq_ix=159012369): 0.871952
  train  92/100 (seq_ix=551549935): 0.499824
  train  93/100 (seq_ix=1848114048): 0.975687
  train  94/100 (seq_ix=1741318143): 0.453116
  train  95/100 (seq_ix=675281486): 2.321217
  train  96/100 (seq_ix=898110762): 0.467763
  train  97/100 (seq_ix=1006830649): 0.731110
  train  98/100 (seq_ix=136704948): 0.367758
  train  99/100 (seq_ix=431995663): 0.474939
  train 100/100 (seq_ix=1902307434): 0.837809
Train mean loss: 0.873486
  valid   1/20 (seq_ix=180749831): 1.379659
  valid   2/20 (seq_ix=355898543): 0.806539
  valid   3/20 (seq_ix=705808958): 9.312059
  valid   4/20 (seq_ix=500271108): 1.627372
  valid   5/20 (seq_ix=1343217302): 1.132392
  valid   6/20 (seq_ix=909959284): 0.602728
  valid   7/20 (seq_ix=1702061024): 0.492765
  valid   8/20 (seq_ix=596544969): 1.471987
  valid   9/20 (seq_ix=1210015767): 0.311143
  valid  10/20 (seq_ix=1979857100): 0.744073
  valid  11/20 (seq_ix=125810080): 3.174436
  valid  12/20 (seq_ix=92307333): 1.346115
  valid  13/20 (seq_ix=482302805): 4.576908
  valid  14/20 (seq_ix=1416170278): 1.086878
  valid  15/20 (seq_ix=1675802868): 1.431369
  valid  16/20 (seq_ix=2043764292): 0.259212
  valid  17/20 (seq_ix=233220122): 0.736137
  valid  18/20 (seq_ix=1659498468): 0.931614
  valid  19/20 (seq_ix=1272271448): 0.229943
  valid  20/20 (seq_ix=1837760365): 0.803316
Validation mean loss: 1.622832
New best validation loss: 1.622832

Epoch 2/3
  train   1/100 (seq_ix=225652787): 1.190587
  train   2/100 (seq_ix=1164881438): 0.573058
  train   3/100 (seq_ix=1967513327): 0.742674
  train   4/100 (seq_ix=1260468996): 0.132427
  train   5/100 (seq_ix=40256537): 0.298796
  train   6/100 (seq_ix=1865536806): 1.098475
  train   7/100 (seq_ix=1069985558): 0.617668
  train   8/100 (seq_ix=893657349): 0.591488
  train   9/100 (seq_ix=1146893795): 0.210993
  train  10/100 (seq_ix=746679824): 1.258191
  train  11/100 (seq_ix=1524566408): 0.531989
  train  12/100 (seq_ix=1064886781): 0.698081
  train  13/100 (seq_ix=2112803082): 0.844805
  train  14/100 (seq_ix=119492795): 0.866912
  train  15/100 (seq_ix=1835911678): 1.301726
  train  16/100 (seq_ix=2024605638): 1.444419
  train  17/100 (seq_ix=1387531102): 1.719115
  train  18/100 (seq_ix=880367331): 1.380431
  train  19/100 (seq_ix=1242585024): 0.957331
  train  20/100 (seq_ix=2020986767): 0.676575
  train  21/100 (seq_ix=1299404002): 1.367167
  train  22/100 (seq_ix=2124682310): 0.380593
  train  23/100 (seq_ix=900872744): 0.689016
  train  24/100 (seq_ix=166523150): 0.580405
  train  25/100 (seq_ix=1616210265): 0.635378
  train  26/100 (seq_ix=169816067): 0.497821
  train  27/100 (seq_ix=1558422980): 0.684240
  train  28/100 (seq_ix=2076214668): 0.991164
  train  29/100 (seq_ix=793321424): 0.403379
  train  30/100 (seq_ix=1181513046): 0.858149
  train  31/100 (seq_ix=1993728896): 0.642985
  train  32/100 (seq_ix=1891016047): 0.626796
  train  33/100 (seq_ix=1661941497): 1.459108
  train  34/100 (seq_ix=1954537312): 0.654455
  train  35/100 (seq_ix=1875296450): 0.828654
  train  36/100 (seq_ix=1861265528): 0.687902
  train  37/100 (seq_ix=1536432553): 1.016684
  train  38/100 (seq_ix=1190375104): 0.493688
  train  39/100 (seq_ix=1984276013): 0.412463
  train  40/100 (seq_ix=554796223): 0.486577
  train  41/100 (seq_ix=1920739216): 0.206319
  train  42/100 (seq_ix=1125234681): 0.387037
  train  43/100 (seq_ix=2035564581): 0.627461
  train  44/100 (seq_ix=2009925233): 1.268826
  train  45/100 (seq_ix=440944124): 0.881380
  train  46/100 (seq_ix=2061624706): 1.246398
  train  47/100 (seq_ix=892616012): 0.421547
  train  48/100 (seq_ix=2091756591): 1.073680
  train  49/100 (seq_ix=794669342): 0.617168
  train  50/100 (seq_ix=838147554): 2.615682
  train  51/100 (seq_ix=224084042): 0.281990
  train  52/100 (seq_ix=603743424): 1.341174
  train  53/100 (seq_ix=1422297712): 0.983505
  train  54/100 (seq_ix=574766713): 0.381839
  train  55/100 (seq_ix=1024616050): 1.354647
  train  56/100 (seq_ix=945297869): 0.846122
  train  57/100 (seq_ix=1620823563): 0.583960
  train  58/100 (seq_ix=1734663822): 0.783622
  train  59/100 (seq_ix=11648220): 0.724017
  train  60/100 (seq_ix=161615974): 1.207441
  train  61/100 (seq_ix=1857215576): 0.471726
  train  62/100 (seq_ix=1316485909): 0.335387
  train  63/100 (seq_ix=543427545): 1.764978
  train  64/100 (seq_ix=454825559): 0.748790
  train  65/100 (seq_ix=1060570346): 0.722221
  train  66/100 (seq_ix=2127852642): 0.731188
  train  67/100 (seq_ix=1181030253): 0.254690
  train  68/100 (seq_ix=22603860): 0.882433
  train  69/100 (seq_ix=438826393): 0.205566
  train  70/100 (seq_ix=339120526): 0.928546
  train  71/100 (seq_ix=1386612278): 0.583634
  train  72/100 (seq_ix=1217617503): 1.086725
  train  73/100 (seq_ix=893903801): 0.504122
  train  74/100 (seq_ix=573516403): 0.382152
  train  75/100 (seq_ix=741433073): 2.188072
  train  76/100 (seq_ix=1596943199): 0.655668
  train  77/100 (seq_ix=961940615): 1.348132
  train  78/100 (seq_ix=1872335189): 1.256342
  train  79/100 (seq_ix=637966516): 1.143837
  train  80/100 (seq_ix=2093658216): 1.746257
  train  81/100 (seq_ix=1068499374): 0.428265
  train  82/100 (seq_ix=1718939767): 0.831153
  train  83/100 (seq_ix=1748421619): 1.639998
  train  84/100 (seq_ix=1415113030): 0.930370
  train  85/100 (seq_ix=1236699497): 2.073350
  train  86/100 (seq_ix=372181850): 0.557565
  train  87/100 (seq_ix=1688142063): 1.053109
  train  88/100 (seq_ix=534041470): 0.160110
  train  89/100 (seq_ix=1036563475): 0.362270
  train  90/100 (seq_ix=422397392): 0.901818
  train  91/100 (seq_ix=159012369): 0.848011
  train  92/100 (seq_ix=551549935): 0.477792
  train  93/100 (seq_ix=1848114048): 0.985884
  train  94/100 (seq_ix=1741318143): 0.448314
  train  95/100 (seq_ix=675281486): 2.304482
  train  96/100 (seq_ix=898110762): 0.454547
  train  97/100 (seq_ix=1006830649): 0.711020
  train  98/100 (seq_ix=136704948): 0.356787
  train  99/100 (seq_ix=431995663): 0.473077
  train 100/100 (seq_ix=1902307434): 0.840554
Train mean loss: 0.841451
  valid   1/20 (seq_ix=180749831): 1.346435
  valid   2/20 (seq_ix=355898543): 0.829521
  valid   3/20 (seq_ix=705808958): 9.307049
  valid   4/20 (seq_ix=500271108): 1.626190
  valid   5/20 (seq_ix=1343217302): 1.095443
  valid   6/20 (seq_ix=909959284): 0.575856
  valid   7/20 (seq_ix=1702061024): 0.515230
  valid   8/20 (seq_ix=596544969): 1.471206
  valid   9/20 (seq_ix=1210015767): 0.307036
  valid  10/20 (seq_ix=1979857100): 0.744343
  valid  11/20 (seq_ix=125810080): 3.237368
  valid  12/20 (seq_ix=92307333): 1.364142
  valid  13/20 (seq_ix=482302805): 4.516032
  valid  14/20 (seq_ix=1416170278): 1.058813
  valid  15/20 (seq_ix=1675802868): 1.398236
  valid  16/20 (seq_ix=2043764292): 0.260343
  valid  17/20 (seq_ix=233220122): 0.726569
  valid  18/20 (seq_ix=1659498468): 0.926989
  valid  19/20 (seq_ix=1272271448): 0.228479
  valid  20/20 (seq_ix=1837760365): 0.822748
Validation mean loss: 1.617901
New best validation loss: 1.617901

Epoch 3/3
  train   1/100 (seq_ix=225652787): 1.138452
  train   2/100 (seq_ix=1164881438): 0.545153
  train   3/100 (seq_ix=1967513327): 0.733333
  train   4/100 (seq_ix=1260468996): 0.151153
  train   5/100 (seq_ix=40256537): 0.292154
  train   6/100 (seq_ix=1865536806): 1.079993
  train   7/100 (seq_ix=1069985558): 0.610329
  train   8/100 (seq_ix=893657349): 0.570223
  train   9/100 (seq_ix=1146893795): 0.198559
  train  10/100 (seq_ix=746679824): 1.231693
  train  11/100 (seq_ix=1524566408): 0.482226
  train  12/100 (seq_ix=1064886781): 0.651245
  train  13/100 (seq_ix=2112803082): 0.837198
  train  14/100 (seq_ix=119492795): 0.866331
  train  15/100 (seq_ix=1835911678): 1.261314
  train  16/100 (seq_ix=2024605638): 1.423536
  train  17/100 (seq_ix=1387531102): 1.697934
  train  18/100 (seq_ix=880367331): 1.336152
  train  19/100 (seq_ix=1242585024): 0.937531
  train  20/100 (seq_ix=2020986767): 0.678201
  train  21/100 (seq_ix=1299404002): 1.367115
  train  22/100 (seq_ix=2124682310): 0.379451
  train  23/100 (seq_ix=900872744): 0.672850
  train  24/100 (seq_ix=166523150): 0.575533
  train  25/100 (seq_ix=1616210265): 0.638115
  train  26/100 (seq_ix=169816067): 0.486262
  train  27/100 (seq_ix=1558422980): 0.682413
  train  28/100 (seq_ix=2076214668): 0.969626
  train  29/100 (seq_ix=793321424): 0.399940
  train  30/100 (seq_ix=1181513046): 0.845085
  train  31/100 (seq_ix=1993728896): 0.638406
  train  32/100 (seq_ix=1891016047): 0.628799
  train  33/100 (seq_ix=1661941497): 1.430555
  train  34/100 (seq_ix=1954537312): 0.649522
  train  35/100 (seq_ix=1875296450): 0.808464
  train  36/100 (seq_ix=1861265528): 0.644130
  train  37/100 (seq_ix=1536432553): 1.007482
  train  38/100 (seq_ix=1190375104): 0.470232
  train  39/100 (seq_ix=1984276013): 0.401044
  train  40/100 (seq_ix=554796223): 0.483793
  train  41/100 (seq_ix=1920739216): 0.190704
  train  42/100 (seq_ix=1125234681): 0.379598
  train  43/100 (seq_ix=2035564581): 0.621975
  train  44/100 (seq_ix=2009925233): 1.263554
  train  45/100 (seq_ix=440944124): 0.857916
  train  46/100 (seq_ix=2061624706): 1.240865
  train  47/100 (seq_ix=892616012): 0.423012
  train  48/100 (seq_ix=2091756591): 1.060596
  train  49/100 (seq_ix=794669342): 0.603314
  train  50/100 (seq_ix=838147554): 2.597370
  train  51/100 (seq_ix=224084042): 0.255077
  train  52/100 (seq_ix=603743424): 1.345262
  train  53/100 (seq_ix=1422297712): 0.969384
  train  54/100 (seq_ix=574766713): 0.372676
  train  55/100 (seq_ix=1024616050): 1.349374
  train  56/100 (seq_ix=945297869): 0.803839
  train  57/100 (seq_ix=1620823563): 0.583373
  train  58/100 (seq_ix=1734663822): 0.778940
  train  59/100 (seq_ix=11648220): 0.729634
  train  60/100 (seq_ix=161615974): 1.199967
  train  61/100 (seq_ix=1857215576): 0.425194
  train  62/100 (seq_ix=1316485909): 0.333048
  train  63/100 (seq_ix=543427545): 1.736574
  train  64/100 (seq_ix=454825559): 0.736045
  train  65/100 (seq_ix=1060570346): 0.709527
  train  66/100 (seq_ix=2127852642): 0.720257
  train  67/100 (seq_ix=1181030253): 0.249077
  train  68/100 (seq_ix=22603860): 0.875424
  train  69/100 (seq_ix=438826393): 0.198040
  train  70/100 (seq_ix=339120526): 0.918364
  train  71/100 (seq_ix=1386612278): 0.574991
  train  72/100 (seq_ix=1217617503): 1.080742
  train  73/100 (seq_ix=893903801): 0.487003
  train  74/100 (seq_ix=573516403): 0.380920
  train  75/100 (seq_ix=741433073): 2.168677
  train  76/100 (seq_ix=1596943199): 0.635920
  train  77/100 (seq_ix=961940615): 1.337467
  train  78/100 (seq_ix=1872335189): 1.253982
  train  79/100 (seq_ix=637966516): 1.112601
  train  80/100 (seq_ix=2093658216): 1.750370
  train  81/100 (seq_ix=1068499374): 0.431743
  train  82/100 (seq_ix=1718939767): 0.820517
  train  83/100 (seq_ix=1748421619): 1.625041
  train  84/100 (seq_ix=1415113030): 0.904201
  train  85/100 (seq_ix=1236699497): 2.068591
  train  86/100 (seq_ix=372181850): 0.548679
  train  87/100 (seq_ix=1688142063): 1.041847
  train  88/100 (seq_ix=534041470): 0.160790
  train  89/100 (seq_ix=1036563475): 0.361572
  train  90/100 (seq_ix=422397392): 0.885474
  train  91/100 (seq_ix=159012369): 0.838655
  train  92/100 (seq_ix=551549935): 0.464604
  train  93/100 (seq_ix=1848114048): 0.982068
  train  94/100 (seq_ix=1741318143): 0.445170
  train  95/100 (seq_ix=675281486): 2.302327
  train  96/100 (seq_ix=898110762): 0.450885
  train  97/100 (seq_ix=1006830649): 0.702707
  train  98/100 (seq_ix=136704948): 0.352304
  train  99/100 (seq_ix=431995663): 0.467668
  train 100/100 (seq_ix=1902307434): 0.825342
Train mean loss: 0.828924
  valid   1/20 (seq_ix=180749831): 1.319831
  valid   2/20 (seq_ix=355898543): 0.834091
  valid   3/20 (seq_ix=705808958): 9.289033
  valid   4/20 (seq_ix=500271108): 1.622646
  valid   5/20 (seq_ix=1343217302): 1.099008
  valid   6/20 (seq_ix=909959284): 0.575016
  valid   7/20 (seq_ix=1702061024): 0.522857
  valid   8/20 (seq_ix=596544969): 1.461771
  valid   9/20 (seq_ix=1210015767): 0.309048
  valid  10/20 (seq_ix=1979857100): 0.748117
  valid  11/20 (seq_ix=125810080): 3.227543
  valid  12/20 (seq_ix=92307333): 1.380025
  valid  13/20 (seq_ix=482302805): 4.471906
  valid  14/20 (seq_ix=1416170278): 1.045416
  valid  15/20 (seq_ix=1675802868): 1.393270
  valid  16/20 (seq_ix=2043764292): 0.267858
  valid  17/20 (seq_ix=233220122): 0.719474
  valid  18/20 (seq_ix=1659498468): 0.926012
  valid  19/20 (seq_ix=1272271448): 0.233615
  valid  20/20 (seq_ix=1837760365): 0.835734
Validation mean loss: 1.614114
New best validation loss: 1.614114

Elapsed time: 334.54 seconds
Best epoch: 3
Best validation MSE: 1.614114

Saved best checkpoint: results/weekend/extra_seeds/baseline_seed6_split1234.pt
Saved results: results/weekend/extra_seeds/baseline_seed6_split1234.json
