Device: cuda
GPU: NVIDIA RTX 5000 Ada Generation
Model: baseline
Parameters: 945602
Training sequences: 100
Validation sequences: 20

Epoch 1/3
  train   1/100 (seq_ix=225652787): 1.295728
  train   2/100 (seq_ix=1164881438): 0.671782
  train   3/100 (seq_ix=1967513327): 0.790685
  train   4/100 (seq_ix=1260468996): 0.195547
  train   5/100 (seq_ix=40256537): 0.363738
  train   6/100 (seq_ix=1865536806): 1.229738
  train   7/100 (seq_ix=1069985558): 0.721242
  train   8/100 (seq_ix=893657349): 0.667692
  train   9/100 (seq_ix=1146893795): 0.230086
  train  10/100 (seq_ix=746679824): 1.372577
  train  11/100 (seq_ix=1524566408): 0.543796
  train  12/100 (seq_ix=1064886781): 0.768850
  train  13/100 (seq_ix=2112803082): 0.854542
  train  14/100 (seq_ix=119492795): 0.869724
  train  15/100 (seq_ix=1835911678): 1.379980
  train  16/100 (seq_ix=2024605638): 1.511435
  train  17/100 (seq_ix=1387531102): 1.783010
  train  18/100 (seq_ix=880367331): 1.541246
  train  19/100 (seq_ix=1242585024): 1.080095
  train  20/100 (seq_ix=2020986767): 0.693218
  train  21/100 (seq_ix=1299404002): 1.358476
  train  22/100 (seq_ix=2124682310): 0.403796
  train  23/100 (seq_ix=900872744): 0.787126
  train  24/100 (seq_ix=166523150): 0.597557
  train  25/100 (seq_ix=1616210265): 0.608098
  train  26/100 (seq_ix=169816067): 0.499286
  train  27/100 (seq_ix=1558422980): 0.727210
  train  28/100 (seq_ix=2076214668): 1.049042
  train  29/100 (seq_ix=793321424): 0.427993
  train  30/100 (seq_ix=1181513046): 0.881884
  train  31/100 (seq_ix=1993728896): 0.673115
  train  32/100 (seq_ix=1891016047): 0.649338
  train  33/100 (seq_ix=1661941497): 1.555374
  train  34/100 (seq_ix=1954537312): 0.662323
  train  35/100 (seq_ix=1875296450): 0.855437
  train  36/100 (seq_ix=1861265528): 0.695588
  train  37/100 (seq_ix=1536432553): 1.029725
  train  38/100 (seq_ix=1190375104): 0.550825
  train  39/100 (seq_ix=1984276013): 0.425642
  train  40/100 (seq_ix=554796223): 0.511878
  train  41/100 (seq_ix=1920739216): 0.211213
  train  42/100 (seq_ix=1125234681): 0.401197
  train  43/100 (seq_ix=2035564581): 0.651456
  train  44/100 (seq_ix=2009925233): 1.281022
  train  45/100 (seq_ix=440944124): 0.928756
  train  46/100 (seq_ix=2061624706): 1.246611
  train  47/100 (seq_ix=892616012): 0.465337
  train  48/100 (seq_ix=2091756591): 1.072790
  train  49/100 (seq_ix=794669342): 0.662354
  train  50/100 (seq_ix=838147554): 2.629188
  train  51/100 (seq_ix=224084042): 0.305837
  train  52/100 (seq_ix=603743424): 1.374241
  train  53/100 (seq_ix=1422297712): 1.039050
  train  54/100 (seq_ix=574766713): 0.402463
  train  55/100 (seq_ix=1024616050): 1.369688
  train  56/100 (seq_ix=945297869): 0.848542
  train  57/100 (seq_ix=1620823563): 0.624327
  train  58/100 (seq_ix=1734663822): 0.813609
  train  59/100 (seq_ix=11648220): 0.755149
  train  60/100 (seq_ix=161615974): 1.230155
  train  61/100 (seq_ix=1857215576): 0.499623
  train  62/100 (seq_ix=1316485909): 0.346990
  train  63/100 (seq_ix=543427545): 1.806400
  train  64/100 (seq_ix=454825559): 0.794748
  train  65/100 (seq_ix=1060570346): 0.648963
  train  66/100 (seq_ix=2127852642): 0.769155
  train  67/100 (seq_ix=1181030253): 0.277744
  train  68/100 (seq_ix=22603860): 0.896815
  train  69/100 (seq_ix=438826393): 0.224653
  train  70/100 (seq_ix=339120526): 0.936092
  train  71/100 (seq_ix=1386612278): 0.589015
  train  72/100 (seq_ix=1217617503): 1.080577
  train  73/100 (seq_ix=893903801): 0.553045
  train  74/100 (seq_ix=573516403): 0.384984
  train  75/100 (seq_ix=741433073): 2.201816
  train  76/100 (seq_ix=1596943199): 0.691251
  train  77/100 (seq_ix=961940615): 1.366573
  train  78/100 (seq_ix=1872335189): 1.285281
  train  79/100 (seq_ix=637966516): 1.131603
  train  80/100 (seq_ix=2093658216): 1.789577
  train  81/100 (seq_ix=1068499374): 0.461494
  train  82/100 (seq_ix=1718939767): 0.845692
  train  83/100 (seq_ix=1748421619): 1.644876
  train  84/100 (seq_ix=1415113030): 1.016678
  train  85/100 (seq_ix=1236699497): 2.109117
  train  86/100 (seq_ix=372181850): 0.574744
  train  87/100 (seq_ix=1688142063): 1.060228
  train  88/100 (seq_ix=534041470): 0.171330
  train  89/100 (seq_ix=1036563475): 0.331797
  train  90/100 (seq_ix=422397392): 0.901309
  train  91/100 (seq_ix=159012369): 0.876477
  train  92/100 (seq_ix=551549935): 0.487471
  train  93/100 (seq_ix=1848114048): 0.968014
  train  94/100 (seq_ix=1741318143): 0.451866
  train  95/100 (seq_ix=675281486): 2.325672
  train  96/100 (seq_ix=898110762): 0.472885
  train  97/100 (seq_ix=1006830649): 0.726511
  train  98/100 (seq_ix=136704948): 0.366191
  train  99/100 (seq_ix=431995663): 0.465987
  train 100/100 (seq_ix=1902307434): 0.841070
Train mean loss: 0.872017
  valid   1/20 (seq_ix=180749831): 1.368307
  valid   2/20 (seq_ix=355898543): 0.787015
  valid   3/20 (seq_ix=705808958): 9.379833
  valid   4/20 (seq_ix=500271108): 1.621899
  valid   5/20 (seq_ix=1343217302): 1.137613
  valid   6/20 (seq_ix=909959284): 0.606219
  valid   7/20 (seq_ix=1702061024): 0.500543
  valid   8/20 (seq_ix=596544969): 1.463069
  valid   9/20 (seq_ix=1210015767): 0.326961
  valid  10/20 (seq_ix=1979857100): 0.748343
  valid  11/20 (seq_ix=125810080): 3.196078
  valid  12/20 (seq_ix=92307333): 1.381783
  valid  13/20 (seq_ix=482302805): 4.478392
  valid  14/20 (seq_ix=1416170278): 1.123951
  valid  15/20 (seq_ix=1675802868): 1.418582
  valid  16/20 (seq_ix=2043764292): 0.282447
  valid  17/20 (seq_ix=233220122): 0.728434
  valid  18/20 (seq_ix=1659498468): 0.944617
  valid  19/20 (seq_ix=1272271448): 0.238494
  valid  20/20 (seq_ix=1837760365): 0.797815
Validation mean loss: 1.626520
New best validation loss: 1.626520

Epoch 2/3
  train   1/100 (seq_ix=225652787): 1.153223
  train   2/100 (seq_ix=1164881438): 0.581173
  train   3/100 (seq_ix=1967513327): 0.747063
  train   4/100 (seq_ix=1260468996): 0.132752
  train   5/100 (seq_ix=40256537): 0.300767
  train   6/100 (seq_ix=1865536806): 1.122416
  train   7/100 (seq_ix=1069985558): 0.627997
  train   8/100 (seq_ix=893657349): 0.591774
  train   9/100 (seq_ix=1146893795): 0.212185
  train  10/100 (seq_ix=746679824): 1.280312
  train  11/100 (seq_ix=1524566408): 0.525300
  train  12/100 (seq_ix=1064886781): 0.706924
  train  13/100 (seq_ix=2112803082): 0.841565
  train  14/100 (seq_ix=119492795): 0.850167
  train  15/100 (seq_ix=1835911678): 1.259953
  train  16/100 (seq_ix=2024605638): 1.439308
  train  17/100 (seq_ix=1387531102): 1.714735
  train  18/100 (seq_ix=880367331): 1.353938
  train  19/100 (seq_ix=1242585024): 0.969469
  train  20/100 (seq_ix=2020986767): 0.692085
  train  21/100 (seq_ix=1299404002): 1.390352
  train  22/100 (seq_ix=2124682310): 0.386899
  train  23/100 (seq_ix=900872744): 0.693395
  train  24/100 (seq_ix=166523150): 0.584444
  train  25/100 (seq_ix=1616210265): 0.594683
  train  26/100 (seq_ix=169816067): 0.483000
  train  27/100 (seq_ix=1558422980): 0.685416
  train  28/100 (seq_ix=2076214668): 1.014484
  train  29/100 (seq_ix=793321424): 0.405822
  train  30/100 (seq_ix=1181513046): 0.882865
  train  31/100 (seq_ix=1993728896): 0.651427
  train  32/100 (seq_ix=1891016047): 0.632929
  train  33/100 (seq_ix=1661941497): 1.474175
  train  34/100 (seq_ix=1954537312): 0.660016
  train  35/100 (seq_ix=1875296450): 0.835085
  train  36/100 (seq_ix=1861265528): 0.692178
  train  37/100 (seq_ix=1536432553): 1.027529
  train  38/100 (seq_ix=1190375104): 0.500884
  train  39/100 (seq_ix=1984276013): 0.404628
  train  40/100 (seq_ix=554796223): 0.485459
  train  41/100 (seq_ix=1920739216): 0.196308
  train  42/100 (seq_ix=1125234681): 0.375067
  train  43/100 (seq_ix=2035564581): 0.628932
  train  44/100 (seq_ix=2009925233): 1.265060
  train  45/100 (seq_ix=440944124): 0.873226
  train  46/100 (seq_ix=2061624706): 1.221428
  train  47/100 (seq_ix=892616012): 0.436122
  train  48/100 (seq_ix=2091756591): 1.077481
  train  49/100 (seq_ix=794669342): 0.637254
  train  50/100 (seq_ix=838147554): 2.617873
  train  51/100 (seq_ix=224084042): 0.281656
  train  52/100 (seq_ix=603743424): 1.349586
  train  53/100 (seq_ix=1422297712): 1.000393
  train  54/100 (seq_ix=574766713): 0.383312
  train  55/100 (seq_ix=1024616050): 1.350995
  train  56/100 (seq_ix=945297869): 0.811083
  train  57/100 (seq_ix=1620823563): 0.589458
  train  58/100 (seq_ix=1734663822): 0.785336
  train  59/100 (seq_ix=11648220): 0.711629
  train  60/100 (seq_ix=161615974): 1.206911
  train  61/100 (seq_ix=1857215576): 0.429203
  train  62/100 (seq_ix=1316485909): 0.332206
  train  63/100 (seq_ix=543427545): 1.784755
  train  64/100 (seq_ix=454825559): 0.769514
  train  65/100 (seq_ix=1060570346): 0.653544
  train  66/100 (seq_ix=2127852642): 0.759698
  train  67/100 (seq_ix=1181030253): 0.267626
  train  68/100 (seq_ix=22603860): 0.888575
  train  69/100 (seq_ix=438826393): 0.214299
  train  70/100 (seq_ix=339120526): 0.916730
  train  71/100 (seq_ix=1386612278): 0.569917
  train  72/100 (seq_ix=1217617503): 1.082826
  train  73/100 (seq_ix=893903801): 0.526621
  train  74/100 (seq_ix=573516403): 0.374041
  train  75/100 (seq_ix=741433073): 2.178825
  train  76/100 (seq_ix=1596943199): 0.638567
  train  77/100 (seq_ix=961940615): 1.345749
  train  78/100 (seq_ix=1872335189): 1.262877
  train  79/100 (seq_ix=637966516): 1.117349
  train  80/100 (seq_ix=2093658216): 1.769506
  train  81/100 (seq_ix=1068499374): 0.457536
  train  82/100 (seq_ix=1718939767): 0.840275
  train  83/100 (seq_ix=1748421619): 1.601747
  train  84/100 (seq_ix=1415113030): 0.980715
  train  85/100 (seq_ix=1236699497): 2.069434
  train  86/100 (seq_ix=372181850): 0.552964
  train  87/100 (seq_ix=1688142063): 1.033922
  train  88/100 (seq_ix=534041470): 0.164250
  train  89/100 (seq_ix=1036563475): 0.340262
  train  90/100 (seq_ix=422397392): 0.903774
  train  91/100 (seq_ix=159012369): 0.861751
  train  92/100 (seq_ix=551549935): 0.473520
  train  93/100 (seq_ix=1848114048): 0.981064
  train  94/100 (seq_ix=1741318143): 0.443114
  train  95/100 (seq_ix=675281486): 2.309758
  train  96/100 (seq_ix=898110762): 0.464366
  train  97/100 (seq_ix=1006830649): 0.728641
  train  98/100 (seq_ix=136704948): 0.354952
  train  99/100 (seq_ix=431995663): 0.459714
  train 100/100 (seq_ix=1902307434): 0.843176
Train mean loss: 0.841353
  valid   1/20 (seq_ix=180749831): 1.336707
  valid   2/20 (seq_ix=355898543): 0.796230
  valid   3/20 (seq_ix=705808958): 9.454176
  valid   4/20 (seq_ix=500271108): 1.620202
  valid   5/20 (seq_ix=1343217302): 1.091310
  valid   6/20 (seq_ix=909959284): 0.578603
  valid   7/20 (seq_ix=1702061024): 0.508622
  valid   8/20 (seq_ix=596544969): 1.463203
  valid   9/20 (seq_ix=1210015767): 0.311708
  valid  10/20 (seq_ix=1979857100): 0.757787
  valid  11/20 (seq_ix=125810080): 3.221386
  valid  12/20 (seq_ix=92307333): 1.339091
  valid  13/20 (seq_ix=482302805): 4.445719
  valid  14/20 (seq_ix=1416170278): 1.057047
  valid  15/20 (seq_ix=1675802868): 1.361513
  valid  16/20 (seq_ix=2043764292): 0.263600
  valid  17/20 (seq_ix=233220122): 0.713496
  valid  18/20 (seq_ix=1659498468): 0.917749
  valid  19/20 (seq_ix=1272271448): 0.233646
  valid  20/20 (seq_ix=1837760365): 0.811519
Validation mean loss: 1.614166
New best validation loss: 1.614166

Epoch 3/3
  train   1/100 (seq_ix=225652787): 1.121120
  train   2/100 (seq_ix=1164881438): 0.554387
  train   3/100 (seq_ix=1967513327): 0.738742
  train   4/100 (seq_ix=1260468996): 0.149654
  train   5/100 (seq_ix=40256537): 0.290018
  train   6/100 (seq_ix=1865536806): 1.070467
  train   7/100 (seq_ix=1069985558): 0.616867
  train   8/100 (seq_ix=893657349): 0.574784
  train   9/100 (seq_ix=1146893795): 0.212757
  train  10/100 (seq_ix=746679824): 1.255997
  train  11/100 (seq_ix=1524566408): 0.474977
  train  12/100 (seq_ix=1064886781): 0.667086
  train  13/100 (seq_ix=2112803082): 0.825538
  train  14/100 (seq_ix=119492795): 0.851946
  train  15/100 (seq_ix=1835911678): 1.234153
  train  16/100 (seq_ix=2024605638): 1.415673
  train  17/100 (seq_ix=1387531102): 1.684611
  train  18/100 (seq_ix=880367331): 1.289937
  train  19/100 (seq_ix=1242585024): 0.959891
  train  20/100 (seq_ix=2020986767): 0.682230
  train  21/100 (seq_ix=1299404002): 1.379101
  train  22/100 (seq_ix=2124682310): 0.377198
  train  23/100 (seq_ix=900872744): 0.677397
  train  24/100 (seq_ix=166523150): 0.564257
  train  25/100 (seq_ix=1616210265): 0.580693
  train  26/100 (seq_ix=169816067): 0.477584
  train  27/100 (seq_ix=1558422980): 0.670824
  train  28/100 (seq_ix=2076214668): 0.992351
  train  29/100 (seq_ix=793321424): 0.400693
  train  30/100 (seq_ix=1181513046): 0.859111
  train  31/100 (seq_ix=1993728896): 0.630670
  train  32/100 (seq_ix=1891016047): 0.627251
  train  33/100 (seq_ix=1661941497): 1.441732
  train  34/100 (seq_ix=1954537312): 0.661600
  train  35/100 (seq_ix=1875296450): 0.818108
  train  36/100 (seq_ix=1861265528): 0.671004
  train  37/100 (seq_ix=1536432553): 1.011135
  train  38/100 (seq_ix=1190375104): 0.457316
  train  39/100 (seq_ix=1984276013): 0.401715
  train  40/100 (seq_ix=554796223): 0.471271
  train  41/100 (seq_ix=1920739216): 0.187946
  train  42/100 (seq_ix=1125234681): 0.386379
  train  43/100 (seq_ix=2035564581): 0.615382
  train  44/100 (seq_ix=2009925233): 1.251641
  train  45/100 (seq_ix=440944124): 0.843637
  train  46/100 (seq_ix=2061624706): 1.211238
  train  47/100 (seq_ix=892616012): 0.432521
  train  48/100 (seq_ix=2091756591): 1.072490
  train  49/100 (seq_ix=794669342): 0.629557
  train  50/100 (seq_ix=838147554): 2.601688
  train  51/100 (seq_ix=224084042): 0.244525
  train  52/100 (seq_ix=603743424): 1.338871
  train  53/100 (seq_ix=1422297712): 0.976296
  train  54/100 (seq_ix=574766713): 0.374792
  train  55/100 (seq_ix=1024616050): 1.344348
  train  56/100 (seq_ix=945297869): 0.817245
  train  57/100 (seq_ix=1620823563): 0.582287
  train  58/100 (seq_ix=1734663822): 0.773141
  train  59/100 (seq_ix=11648220): 0.702570
  train  60/100 (seq_ix=161615974): 1.196173
  train  61/100 (seq_ix=1857215576): 0.402552
  train  62/100 (seq_ix=1316485909): 0.329520
  train  63/100 (seq_ix=543427545): 1.772084
  train  64/100 (seq_ix=454825559): 0.745540
  train  65/100 (seq_ix=1060570346): 0.684792
  train  66/100 (seq_ix=2127852642): 0.723881
  train  67/100 (seq_ix=1181030253): 0.264524
  train  68/100 (seq_ix=22603860): 0.864032
  train  69/100 (seq_ix=438826393): 0.200128
  train  70/100 (seq_ix=339120526): 0.914073
  train  71/100 (seq_ix=1386612278): 0.567669
  train  72/100 (seq_ix=1217617503): 1.075729
  train  73/100 (seq_ix=893903801): 0.525537
  train  74/100 (seq_ix=573516403): 0.371691
  train  75/100 (seq_ix=741433073): 2.172220
  train  76/100 (seq_ix=1596943199): 0.620919
  train  77/100 (seq_ix=961940615): 1.340891
  train  78/100 (seq_ix=1872335189): 1.250768
  train  79/100 (seq_ix=637966516): 1.105397
  train  80/100 (seq_ix=2093658216): 1.741801
  train  81/100 (seq_ix=1068499374): 0.459274
  train  82/100 (seq_ix=1718939767): 0.833111
  train  83/100 (seq_ix=1748421619): 1.595367
  train  84/100 (seq_ix=1415113030): 0.942863
  train  85/100 (seq_ix=1236699497): 2.063516
  train  86/100 (seq_ix=372181850): 0.542920
  train  87/100 (seq_ix=1688142063): 1.021075
  train  88/100 (seq_ix=534041470): 0.162785
  train  89/100 (seq_ix=1036563475): 0.369835
  train  90/100 (seq_ix=422397392): 0.893912
  train  91/100 (seq_ix=159012369): 0.827801
  train  92/100 (seq_ix=551549935): 0.461570
  train  93/100 (seq_ix=1848114048): 0.984438
  train  94/100 (seq_ix=1741318143): 0.437785
  train  95/100 (seq_ix=675281486): 2.292785
  train  96/100 (seq_ix=898110762): 0.458617
  train  97/100 (seq_ix=1006830649): 0.711145
  train  98/100 (seq_ix=136704948): 0.349528
  train  99/100 (seq_ix=431995663): 0.453498
  train 100/100 (seq_ix=1902307434): 0.834041
Train mean loss: 0.827942
  valid   1/20 (seq_ix=180749831): 1.309778
  valid   2/20 (seq_ix=355898543): 0.809021
  valid   3/20 (seq_ix=705808958): 9.455650
  valid   4/20 (seq_ix=500271108): 1.618826
  valid   5/20 (seq_ix=1343217302): 1.064150
  valid   6/20 (seq_ix=909959284): 0.564612
  valid   7/20 (seq_ix=1702061024): 0.502911
  valid   8/20 (seq_ix=596544969): 1.466791
  valid   9/20 (seq_ix=1210015767): 0.305765
  valid  10/20 (seq_ix=1979857100): 0.752684
  valid  11/20 (seq_ix=125810080): 3.241066
  valid  12/20 (seq_ix=92307333): 1.344741
  valid  13/20 (seq_ix=482302805): 4.426690
  valid  14/20 (seq_ix=1416170278): 1.036381
  valid  15/20 (seq_ix=1675802868): 1.352119
  valid  16/20 (seq_ix=2043764292): 0.268310
  valid  17/20 (seq_ix=233220122): 0.707120
  valid  18/20 (seq_ix=1659498468): 0.911448
  valid  19/20 (seq_ix=1272271448): 0.232243
  valid  20/20 (seq_ix=1837760365): 0.818086
Validation mean loss: 1.609420
New best validation loss: 1.609420

Elapsed time: 336.83 seconds
Best epoch: 3
Best validation MSE: 1.609420

Saved best checkpoint: results/weekend/extra_seeds/baseline_seed3_split1234.pt
Saved results: results/weekend/extra_seeds/baseline_seed3_split1234.json
