Device: cuda
GPU: NVIDIA RTX 5000 Ada Generation
Model: baseline
Parameters: 945602
Training sequences: 100
Validation sequences: 20

Epoch 1/3
  train   1/100 (seq_ix=225652787): 1.291617
  train   2/100 (seq_ix=1164881438): 0.707189
  train   3/100 (seq_ix=1967513327): 0.773918
  train   4/100 (seq_ix=1260468996): 0.140306
  train   5/100 (seq_ix=40256537): 0.335807
  train   6/100 (seq_ix=1865536806): 1.296256
  train   7/100 (seq_ix=1069985558): 0.686798
  train   8/100 (seq_ix=893657349): 0.626067
  train   9/100 (seq_ix=1146893795): 0.230919
  train  10/100 (seq_ix=746679824): 1.390695
  train  11/100 (seq_ix=1524566408): 0.550880
  train  12/100 (seq_ix=1064886781): 0.736345
  train  13/100 (seq_ix=2112803082): 0.869257
  train  14/100 (seq_ix=119492795): 0.867246
  train  15/100 (seq_ix=1835911678): 1.348098
  train  16/100 (seq_ix=2024605638): 1.518149
  train  17/100 (seq_ix=1387531102): 1.741957
  train  18/100 (seq_ix=880367331): 1.467753
  train  19/100 (seq_ix=1242585024): 1.052135
  train  20/100 (seq_ix=2020986767): 0.694244
  train  21/100 (seq_ix=1299404002): 1.375416
  train  22/100 (seq_ix=2124682310): 0.396370
  train  23/100 (seq_ix=900872744): 0.791883
  train  24/100 (seq_ix=166523150): 0.568044
  train  25/100 (seq_ix=1616210265): 0.587261
  train  26/100 (seq_ix=169816067): 0.499472
  train  27/100 (seq_ix=1558422980): 0.722664
  train  28/100 (seq_ix=2076214668): 1.063347
  train  29/100 (seq_ix=793321424): 0.422596
  train  30/100 (seq_ix=1181513046): 0.880329
  train  31/100 (seq_ix=1993728896): 0.696385
  train  32/100 (seq_ix=1891016047): 0.645348
  train  33/100 (seq_ix=1661941497): 1.528798
  train  34/100 (seq_ix=1954537312): 0.670674
  train  35/100 (seq_ix=1875296450): 0.853903
  train  36/100 (seq_ix=1861265528): 0.685596
  train  37/100 (seq_ix=1536432553): 1.030313
  train  38/100 (seq_ix=1190375104): 0.549823
  train  39/100 (seq_ix=1984276013): 0.418085
  train  40/100 (seq_ix=554796223): 0.517543
  train  41/100 (seq_ix=1920739216): 0.238709
  train  42/100 (seq_ix=1125234681): 0.394792
  train  43/100 (seq_ix=2035564581): 0.663319
  train  44/100 (seq_ix=2009925233): 1.269833
  train  45/100 (seq_ix=440944124): 0.955010
  train  46/100 (seq_ix=2061624706): 1.262412
  train  47/100 (seq_ix=892616012): 0.455877
  train  48/100 (seq_ix=2091756591): 1.092679
  train  49/100 (seq_ix=794669342): 0.659075
  train  50/100 (seq_ix=838147554): 2.638224
  train  51/100 (seq_ix=224084042): 0.341282
  train  52/100 (seq_ix=603743424): 1.377503
  train  53/100 (seq_ix=1422297712): 1.031406
  train  54/100 (seq_ix=574766713): 0.398003
  train  55/100 (seq_ix=1024616050): 1.381391
  train  56/100 (seq_ix=945297869): 0.872069
  train  57/100 (seq_ix=1620823563): 0.623817
  train  58/100 (seq_ix=1734663822): 0.816446
  train  59/100 (seq_ix=11648220): 0.769406
  train  60/100 (seq_ix=161615974): 1.265700
  train  61/100 (seq_ix=1857215576): 0.488546
  train  62/100 (seq_ix=1316485909): 0.346307
  train  63/100 (seq_ix=543427545): 1.801595
  train  64/100 (seq_ix=454825559): 0.792000
  train  65/100 (seq_ix=1060570346): 0.658492
  train  66/100 (seq_ix=2127852642): 0.757402
  train  67/100 (seq_ix=1181030253): 0.266528
  train  68/100 (seq_ix=22603860): 0.928891
  train  69/100 (seq_ix=438826393): 0.232683
  train  70/100 (seq_ix=339120526): 0.933538
  train  71/100 (seq_ix=1386612278): 0.585782
  train  72/100 (seq_ix=1217617503): 1.086200
  train  73/100 (seq_ix=893903801): 0.524799
  train  74/100 (seq_ix=573516403): 0.368687
  train  75/100 (seq_ix=741433073): 2.180247
  train  76/100 (seq_ix=1596943199): 0.687110
  train  77/100 (seq_ix=961940615): 1.372096
  train  78/100 (seq_ix=1872335189): 1.276149
  train  79/100 (seq_ix=637966516): 1.143797
  train  80/100 (seq_ix=2093658216): 1.798292
  train  81/100 (seq_ix=1068499374): 0.453155
  train  82/100 (seq_ix=1718939767): 0.849082
  train  83/100 (seq_ix=1748421619): 1.651974
  train  84/100 (seq_ix=1415113030): 0.999177
  train  85/100 (seq_ix=1236699497): 2.107487
  train  86/100 (seq_ix=372181850): 0.571984
  train  87/100 (seq_ix=1688142063): 1.054401
  train  88/100 (seq_ix=534041470): 0.178614
  train  89/100 (seq_ix=1036563475): 0.336703
  train  90/100 (seq_ix=422397392): 0.920958
  train  91/100 (seq_ix=159012369): 0.905639
  train  92/100 (seq_ix=551549935): 0.500355
  train  93/100 (seq_ix=1848114048): 0.956940
  train  94/100 (seq_ix=1741318143): 0.450813
  train  95/100 (seq_ix=675281486): 2.332222
  train  96/100 (seq_ix=898110762): 0.467599
  train  97/100 (seq_ix=1006830649): 0.739831
  train  98/100 (seq_ix=136704948): 0.372055
  train  99/100 (seq_ix=431995663): 0.462949
  train 100/100 (seq_ix=1902307434): 0.852081
Train mean loss: 0.871296
  valid   1/20 (seq_ix=180749831): 1.347057
  valid   2/20 (seq_ix=355898543): 0.837916
  valid   3/20 (seq_ix=705808958): 9.588474
  valid   4/20 (seq_ix=500271108): 1.628168
  valid   5/20 (seq_ix=1343217302): 1.093235
  valid   6/20 (seq_ix=909959284): 0.583786
  valid   7/20 (seq_ix=1702061024): 0.472136
  valid   8/20 (seq_ix=596544969): 1.471464
  valid   9/20 (seq_ix=1210015767): 0.304063
  valid  10/20 (seq_ix=1979857100): 0.726104
  valid  11/20 (seq_ix=125810080): 3.187501
  valid  12/20 (seq_ix=92307333): 1.295525
  valid  13/20 (seq_ix=482302805): 4.507193
  valid  14/20 (seq_ix=1416170278): 1.074569
  valid  15/20 (seq_ix=1675802868): 1.389609
  valid  16/20 (seq_ix=2043764292): 0.271202
  valid  17/20 (seq_ix=233220122): 0.713523
  valid  18/20 (seq_ix=1659498468): 0.916023
  valid  19/20 (seq_ix=1272271448): 0.229098
  valid  20/20 (seq_ix=1837760365): 0.822146
Validation mean loss: 1.622940
New best validation loss: 1.622940

Epoch 2/3
  train   1/100 (seq_ix=225652787): 1.150662
  train   2/100 (seq_ix=1164881438): 0.581681
  train   3/100 (seq_ix=1967513327): 0.733283
  train   4/100 (seq_ix=1260468996): 0.130965
  train   5/100 (seq_ix=40256537): 0.292823
  train   6/100 (seq_ix=1865536806): 1.107489
  train   7/100 (seq_ix=1069985558): 0.629992
  train   8/100 (seq_ix=893657349): 0.585307
  train   9/100 (seq_ix=1146893795): 0.201987
  train  10/100 (seq_ix=746679824): 1.269429
  train  11/100 (seq_ix=1524566408): 0.513906
  train  12/100 (seq_ix=1064886781): 0.672986
  train  13/100 (seq_ix=2112803082): 0.839273
  train  14/100 (seq_ix=119492795): 0.849806
  train  15/100 (seq_ix=1835911678): 1.252206
  train  16/100 (seq_ix=2024605638): 1.433825
  train  17/100 (seq_ix=1387531102): 1.742905
  train  18/100 (seq_ix=880367331): 1.339616
  train  19/100 (seq_ix=1242585024): 0.976854
  train  20/100 (seq_ix=2020986767): 0.685727
  train  21/100 (seq_ix=1299404002): 1.367823
  train  22/100 (seq_ix=2124682310): 0.381875
  train  23/100 (seq_ix=900872744): 0.704712
  train  24/100 (seq_ix=166523150): 0.575995
  train  25/100 (seq_ix=1616210265): 0.579453
  train  26/100 (seq_ix=169816067): 0.484951
  train  27/100 (seq_ix=1558422980): 0.687023
  train  28/100 (seq_ix=2076214668): 1.013893
  train  29/100 (seq_ix=793321424): 0.402332
  train  30/100 (seq_ix=1181513046): 0.873811
  train  31/100 (seq_ix=1993728896): 0.643069
  train  32/100 (seq_ix=1891016047): 0.632822
  train  33/100 (seq_ix=1661941497): 1.468990
  train  34/100 (seq_ix=1954537312): 0.680681
  train  35/100 (seq_ix=1875296450): 0.836142
  train  36/100 (seq_ix=1861265528): 0.686720
  train  37/100 (seq_ix=1536432553): 1.016096
  train  38/100 (seq_ix=1190375104): 0.482565
  train  39/100 (seq_ix=1984276013): 0.411365
  train  40/100 (seq_ix=554796223): 0.485137
  train  41/100 (seq_ix=1920739216): 0.208205
  train  42/100 (seq_ix=1125234681): 0.362764
  train  43/100 (seq_ix=2035564581): 0.634361
  train  44/100 (seq_ix=2009925233): 1.256780
  train  45/100 (seq_ix=440944124): 0.881582
  train  46/100 (seq_ix=2061624706): 1.220074
  train  47/100 (seq_ix=892616012): 0.424715
  train  48/100 (seq_ix=2091756591): 1.059370
  train  49/100 (seq_ix=794669342): 0.635117
  train  50/100 (seq_ix=838147554): 2.632007
  train  51/100 (seq_ix=224084042): 0.314633
  train  52/100 (seq_ix=603743424): 1.338887
  train  53/100 (seq_ix=1422297712): 0.994755
  train  54/100 (seq_ix=574766713): 0.384918
  train  55/100 (seq_ix=1024616050): 1.368422
  train  56/100 (seq_ix=945297869): 0.885871
  train  57/100 (seq_ix=1620823563): 0.587160
  train  58/100 (seq_ix=1734663822): 0.786175
  train  59/100 (seq_ix=11648220): 0.715082
  train  60/100 (seq_ix=161615974): 1.230235
  train  61/100 (seq_ix=1857215576): 0.417688
  train  62/100 (seq_ix=1316485909): 0.334247
  train  63/100 (seq_ix=543427545): 1.772149
  train  64/100 (seq_ix=454825559): 0.769383
  train  65/100 (seq_ix=1060570346): 0.629685
  train  66/100 (seq_ix=2127852642): 0.745521
  train  67/100 (seq_ix=1181030253): 0.268208
  train  68/100 (seq_ix=22603860): 0.889227
  train  69/100 (seq_ix=438826393): 0.212460
  train  70/100 (seq_ix=339120526): 0.922441
  train  71/100 (seq_ix=1386612278): 0.574589
  train  72/100 (seq_ix=1217617503): 1.089847
  train  73/100 (seq_ix=893903801): 0.514903
  train  74/100 (seq_ix=573516403): 0.373503
  train  75/100 (seq_ix=741433073): 2.189136
  train  76/100 (seq_ix=1596943199): 0.640406
  train  77/100 (seq_ix=961940615): 1.341692
  train  78/100 (seq_ix=1872335189): 1.256026
  train  79/100 (seq_ix=637966516): 1.120761
  train  80/100 (seq_ix=2093658216): 1.769600
  train  81/100 (seq_ix=1068499374): 0.451319
  train  82/100 (seq_ix=1718939767): 0.836535
  train  83/100 (seq_ix=1748421619): 1.625161
  train  84/100 (seq_ix=1415113030): 0.949164
  train  85/100 (seq_ix=1236699497): 2.067383
  train  86/100 (seq_ix=372181850): 0.561297
  train  87/100 (seq_ix=1688142063): 1.037625
  train  88/100 (seq_ix=534041470): 0.182746
  train  89/100 (seq_ix=1036563475): 0.352034
  train  90/100 (seq_ix=422397392): 0.910564
  train  91/100 (seq_ix=159012369): 0.880756
  train  92/100 (seq_ix=551549935): 0.477909
  train  93/100 (seq_ix=1848114048): 0.973627
  train  94/100 (seq_ix=1741318143): 0.445384
  train  95/100 (seq_ix=675281486): 2.326405
  train  96/100 (seq_ix=898110762): 0.464956
  train  97/100 (seq_ix=1006830649): 0.719496
  train  98/100 (seq_ix=136704948): 0.362457
  train  99/100 (seq_ix=431995663): 0.461471
  train 100/100 (seq_ix=1902307434): 0.850217
Train mean loss: 0.840953
  valid   1/20 (seq_ix=180749831): 1.350198
  valid   2/20 (seq_ix=355898543): 0.794819
  valid   3/20 (seq_ix=705808958): 9.584774
  valid   4/20 (seq_ix=500271108): 1.627803
  valid   5/20 (seq_ix=1343217302): 1.108116
  valid   6/20 (seq_ix=909959284): 0.586675
  valid   7/20 (seq_ix=1702061024): 0.523246
  valid   8/20 (seq_ix=596544969): 1.420224
  valid   9/20 (seq_ix=1210015767): 0.314128
  valid  10/20 (seq_ix=1979857100): 0.756513
  valid  11/20 (seq_ix=125810080): 3.245446
  valid  12/20 (seq_ix=92307333): 1.318366
  valid  13/20 (seq_ix=482302805): 4.476570
  valid  14/20 (seq_ix=1416170278): 1.085228
  valid  15/20 (seq_ix=1675802868): 1.405418
  valid  16/20 (seq_ix=2043764292): 0.264789
  valid  17/20 (seq_ix=233220122): 0.720713
  valid  18/20 (seq_ix=1659498468): 0.914956
  valid  19/20 (seq_ix=1272271448): 0.235023
  valid  20/20 (seq_ix=1837760365): 0.803130
Validation mean loss: 1.626807

Epoch 3/3
  train   1/100 (seq_ix=225652787): 1.134808
  train   2/100 (seq_ix=1164881438): 0.555811
  train   3/100 (seq_ix=1967513327): 0.729168
  train   4/100 (seq_ix=1260468996): 0.139194
  train   5/100 (seq_ix=40256537): 0.291526
  train   6/100 (seq_ix=1865536806): 1.077505
  train   7/100 (seq_ix=1069985558): 0.628268
  train   8/100 (seq_ix=893657349): 0.568965
  train   9/100 (seq_ix=1146893795): 0.206579
  train  10/100 (seq_ix=746679824): 1.252348
  train  11/100 (seq_ix=1524566408): 0.499956
  train  12/100 (seq_ix=1064886781): 0.695076
  train  13/100 (seq_ix=2112803082): 0.837033
  train  14/100 (seq_ix=119492795): 0.857202
  train  15/100 (seq_ix=1835911678): 1.233238
  train  16/100 (seq_ix=2024605638): 1.407164
  train  17/100 (seq_ix=1387531102): 1.741282
  train  18/100 (seq_ix=880367331): 1.287595
  train  19/100 (seq_ix=1242585024): 0.944177
  train  20/100 (seq_ix=2020986767): 0.684068
  train  21/100 (seq_ix=1299404002): 1.349336
  train  22/100 (seq_ix=2124682310): 0.375360
  train  23/100 (seq_ix=900872744): 0.681140
  train  24/100 (seq_ix=166523150): 0.569851
  train  25/100 (seq_ix=1616210265): 0.600966
  train  26/100 (seq_ix=169816067): 0.477467
  train  27/100 (seq_ix=1558422980): 0.674775
  train  28/100 (seq_ix=2076214668): 0.989628
  train  29/100 (seq_ix=793321424): 0.399790
  train  30/100 (seq_ix=1181513046): 0.866245
  train  31/100 (seq_ix=1993728896): 0.622647
  train  32/100 (seq_ix=1891016047): 0.629101
  train  33/100 (seq_ix=1661941497): 1.441081
  train  34/100 (seq_ix=1954537312): 0.679864
  train  35/100 (seq_ix=1875296450): 0.817016
  train  36/100 (seq_ix=1861265528): 0.664829
  train  37/100 (seq_ix=1536432553): 1.004351
  train  38/100 (seq_ix=1190375104): 0.459819
  train  39/100 (seq_ix=1984276013): 0.403287
  train  40/100 (seq_ix=554796223): 0.475110
  train  41/100 (seq_ix=1920739216): 0.187254
  train  42/100 (seq_ix=1125234681): 0.378925
  train  43/100 (seq_ix=2035564581): 0.628082
  train  44/100 (seq_ix=2009925233): 1.239606
  train  45/100 (seq_ix=440944124): 0.860699
  train  46/100 (seq_ix=2061624706): 1.211104
  train  47/100 (seq_ix=892616012): 0.424696
  train  48/100 (seq_ix=2091756591): 1.058576
  train  49/100 (seq_ix=794669342): 0.619258
  train  50/100 (seq_ix=838147554): 2.614687
  train  51/100 (seq_ix=224084042): 0.283950
  train  52/100 (seq_ix=603743424): 1.329061
  train  53/100 (seq_ix=1422297712): 0.973516
  train  54/100 (seq_ix=574766713): 0.374188
  train  55/100 (seq_ix=1024616050): 1.354466
  train  56/100 (seq_ix=945297869): 0.792473
  train  57/100 (seq_ix=1620823563): 0.570562
  train  58/100 (seq_ix=1734663822): 0.775896
  train  59/100 (seq_ix=11648220): 0.716352
  train  60/100 (seq_ix=161615974): 1.233284
  train  61/100 (seq_ix=1857215576): 0.402141
  train  62/100 (seq_ix=1316485909): 0.334301
  train  63/100 (seq_ix=543427545): 1.754807
  train  64/100 (seq_ix=454825559): 0.750075
  train  65/100 (seq_ix=1060570346): 0.661078
  train  66/100 (seq_ix=2127852642): 0.712985
  train  67/100 (seq_ix=1181030253): 0.258134
  train  68/100 (seq_ix=22603860): 0.866140
  train  69/100 (seq_ix=438826393): 0.195940
  train  70/100 (seq_ix=339120526): 0.921286
  train  71/100 (seq_ix=1386612278): 0.571781
  train  72/100 (seq_ix=1217617503): 1.077155
  train  73/100 (seq_ix=893903801): 0.499428
  train  74/100 (seq_ix=573516403): 0.375657
  train  75/100 (seq_ix=741433073): 2.177839
  train  76/100 (seq_ix=1596943199): 0.629649
  train  77/100 (seq_ix=961940615): 1.348569
  train  78/100 (seq_ix=1872335189): 1.248277
  train  79/100 (seq_ix=637966516): 1.117973
  train  80/100 (seq_ix=2093658216): 1.749328
  train  81/100 (seq_ix=1068499374): 0.441239
  train  82/100 (seq_ix=1718939767): 0.825943
  train  83/100 (seq_ix=1748421619): 1.611957
  train  84/100 (seq_ix=1415113030): 0.917260
  train  85/100 (seq_ix=1236699497): 2.053373
  train  86/100 (seq_ix=372181850): 0.552247
  train  87/100 (seq_ix=1688142063): 1.032346
  train  88/100 (seq_ix=534041470): 0.173575
  train  89/100 (seq_ix=1036563475): 0.354303
  train  90/100 (seq_ix=422397392): 0.901465
  train  91/100 (seq_ix=159012369): 0.857233
  train  92/100 (seq_ix=551549935): 0.473461
  train  93/100 (seq_ix=1848114048): 0.974498
  train  94/100 (seq_ix=1741318143): 0.444018
  train  95/100 (seq_ix=675281486): 2.317499
  train  96/100 (seq_ix=898110762): 0.462142
  train  97/100 (seq_ix=1006830649): 0.709119
  train  98/100 (seq_ix=136704948): 0.356699
  train  99/100 (seq_ix=431995663): 0.453976
  train 100/100 (seq_ix=1902307434): 0.850190
Train mean loss: 0.829943
  valid   1/20 (seq_ix=180749831): 1.325789
  valid   2/20 (seq_ix=355898543): 0.804355
  valid   3/20 (seq_ix=705808958): 9.551655
  valid   4/20 (seq_ix=500271108): 1.624319
  valid   5/20 (seq_ix=1343217302): 1.096545
  valid   6/20 (seq_ix=909959284): 0.578526
  valid   7/20 (seq_ix=1702061024): 0.517528
  valid   8/20 (seq_ix=596544969): 1.428809
  valid   9/20 (seq_ix=1210015767): 0.309222
  valid  10/20 (seq_ix=1979857100): 0.751112
  valid  11/20 (seq_ix=125810080): 3.250825
  valid  12/20 (seq_ix=92307333): 1.312295
  valid  13/20 (seq_ix=482302805): 4.457224
  valid  14/20 (seq_ix=1416170278): 1.071503
  valid  15/20 (seq_ix=1675802868): 1.390585
  valid  16/20 (seq_ix=2043764292): 0.262510
  valid  17/20 (seq_ix=233220122): 0.716757
  valid  18/20 (seq_ix=1659498468): 0.902867
  valid  19/20 (seq_ix=1272271448): 0.236191
  valid  20/20 (seq_ix=1837760365): 0.815145
Validation mean loss: 1.620188
New best validation loss: 1.620188

Elapsed time: 390.46 seconds
Best epoch: 3
Best validation MSE: 1.620188

Saved best checkpoint: results/weekend/extra_seeds/baseline_seed8_split1234.pt
Saved results: results/weekend/extra_seeds/baseline_seed8_split1234.json
