Device: cuda
GPU: NVIDIA RTX 5000 Ada Generation
Model: looped
Parameters: 317890
Training sequences: 100
Validation sequences: 20

Epoch 1/3
  train   1/100 (seq_ix=225652787): 1.872124
  train   2/100 (seq_ix=1164881438): 0.744050
  train   3/100 (seq_ix=1967513327): 0.778751
  train   4/100 (seq_ix=1260468996): 0.166030
  train   5/100 (seq_ix=40256537): 0.356212
  train   6/100 (seq_ix=1865536806): 1.221704
  train   7/100 (seq_ix=1069985558): 0.739860
  train   8/100 (seq_ix=893657349): 0.679700
  train   9/100 (seq_ix=1146893795): 0.237443
  train  10/100 (seq_ix=746679824): 1.407263
  train  11/100 (seq_ix=1524566408): 0.558837
  train  12/100 (seq_ix=1064886781): 0.631484
  train  13/100 (seq_ix=2112803082): 0.892100
  train  14/100 (seq_ix=119492795): 0.904302
  train  15/100 (seq_ix=1835911678): 1.329488
  train  16/100 (seq_ix=2024605638): 1.522329
  train  17/100 (seq_ix=1387531102): 1.804865
  train  18/100 (seq_ix=880367331): 1.513108
  train  19/100 (seq_ix=1242585024): 1.087718
  train  20/100 (seq_ix=2020986767): 0.688292
  train  21/100 (seq_ix=1299404002): 1.378510
  train  22/100 (seq_ix=2124682310): 0.406798
  train  23/100 (seq_ix=900872744): 0.785020
  train  24/100 (seq_ix=166523150): 0.597123
  train  25/100 (seq_ix=1616210265): 0.601095
  train  26/100 (seq_ix=169816067): 0.544171
  train  27/100 (seq_ix=1558422980): 0.732031
  train  28/100 (seq_ix=2076214668): 1.041804
  train  29/100 (seq_ix=793321424): 0.438352
  train  30/100 (seq_ix=1181513046): 0.892158
  train  31/100 (seq_ix=1993728896): 0.675053
  train  32/100 (seq_ix=1891016047): 0.658107
  train  33/100 (seq_ix=1661941497): 1.556604
  train  34/100 (seq_ix=1954537312): 0.637570
  train  35/100 (seq_ix=1875296450): 0.869703
  train  36/100 (seq_ix=1861265528): 0.695472
  train  37/100 (seq_ix=1536432553): 1.034040
  train  38/100 (seq_ix=1190375104): 0.604673
  train  39/100 (seq_ix=1984276013): 0.429968
  train  40/100 (seq_ix=554796223): 0.528060
  train  41/100 (seq_ix=1920739216): 0.229338
  train  42/100 (seq_ix=1125234681): 0.409673
  train  43/100 (seq_ix=2035564581): 0.664693
  train  44/100 (seq_ix=2009925233): 1.280490
  train  45/100 (seq_ix=440944124): 0.964819
  train  46/100 (seq_ix=2061624706): 1.282328
  train  47/100 (seq_ix=892616012): 0.468242
  train  48/100 (seq_ix=2091756591): 1.068272
  train  49/100 (seq_ix=794669342): 0.700688
  train  50/100 (seq_ix=838147554): 2.634841
  train  51/100 (seq_ix=224084042): 0.384172
  train  52/100 (seq_ix=603743424): 1.391925
  train  53/100 (seq_ix=1422297712): 1.049138
  train  54/100 (seq_ix=574766713): 0.401418
  train  55/100 (seq_ix=1024616050): 1.389804
  train  56/100 (seq_ix=945297869): 0.914233
  train  57/100 (seq_ix=1620823563): 0.632334
  train  58/100 (seq_ix=1734663822): 0.811927
  train  59/100 (seq_ix=11648220): 0.782721
  train  60/100 (seq_ix=161615974): 1.278590
  train  61/100 (seq_ix=1857215576): 0.497702
  train  62/100 (seq_ix=1316485909): 0.346541
  train  63/100 (seq_ix=543427545): 1.820751
  train  64/100 (seq_ix=454825559): 0.795082
  train  65/100 (seq_ix=1060570346): 0.672421
  train  66/100 (seq_ix=2127852642): 0.779169
  train  67/100 (seq_ix=1181030253): 0.283136
  train  68/100 (seq_ix=22603860): 0.904938
  train  69/100 (seq_ix=438826393): 0.223522
  train  70/100 (seq_ix=339120526): 0.932779
  train  71/100 (seq_ix=1386612278): 0.596711
  train  72/100 (seq_ix=1217617503): 1.078945
  train  73/100 (seq_ix=893903801): 0.547744
  train  74/100 (seq_ix=573516403): 0.373193
  train  75/100 (seq_ix=741433073): 2.203669
  train  76/100 (seq_ix=1596943199): 0.710237
  train  77/100 (seq_ix=961940615): 1.359586
  train  78/100 (seq_ix=1872335189): 1.291729
  train  79/100 (seq_ix=637966516): 1.134686
  train  80/100 (seq_ix=2093658216): 1.794252
  train  81/100 (seq_ix=1068499374): 0.471269
  train  82/100 (seq_ix=1718939767): 0.848098
  train  83/100 (seq_ix=1748421619): 1.688615
  train  84/100 (seq_ix=1415113030): 1.034394
  train  85/100 (seq_ix=1236699497): 2.115460
  train  86/100 (seq_ix=372181850): 0.577365
  train  87/100 (seq_ix=1688142063): 1.067058
  train  88/100 (seq_ix=534041470): 0.172111
  train  89/100 (seq_ix=1036563475): 0.328923
  train  90/100 (seq_ix=422397392): 0.911597
  train  91/100 (seq_ix=159012369): 0.867964
  train  92/100 (seq_ix=551549935): 0.481108
  train  93/100 (seq_ix=1848114048): 0.966949
  train  94/100 (seq_ix=1741318143): 0.449707
  train  95/100 (seq_ix=675281486): 2.323948
  train  96/100 (seq_ix=898110762): 0.475254
  train  97/100 (seq_ix=1006830649): 0.728867
  train  98/100 (seq_ix=136704948): 0.371265
  train  99/100 (seq_ix=431995663): 0.465850
  train 100/100 (seq_ix=1902307434): 0.832862
Train mean loss: 0.885071
  valid   1/20 (seq_ix=180749831): 1.336266
  valid   2/20 (seq_ix=355898543): 0.792059
  valid   3/20 (seq_ix=705808958): 9.402568
  valid   4/20 (seq_ix=500271108): 1.620301
  valid   5/20 (seq_ix=1343217302): 1.075522
  valid   6/20 (seq_ix=909959284): 0.599563
  valid   7/20 (seq_ix=1702061024): 0.427831
  valid   8/20 (seq_ix=596544969): 1.509205
  valid   9/20 (seq_ix=1210015767): 0.315200
  valid  10/20 (seq_ix=1979857100): 0.699118
  valid  11/20 (seq_ix=125810080): 3.151306
  valid  12/20 (seq_ix=92307333): 1.302622
  valid  13/20 (seq_ix=482302805): 4.420194
  valid  14/20 (seq_ix=1416170278): 1.065729
  valid  15/20 (seq_ix=1675802868): 1.345838
  valid  16/20 (seq_ix=2043764292): 0.249420
  valid  17/20 (seq_ix=233220122): 0.730108
  valid  18/20 (seq_ix=1659498468): 0.914206
  valid  19/20 (seq_ix=1272271448): 0.233262
  valid  20/20 (seq_ix=1837760365): 0.832679
Validation mean loss: 1.601150
New best validation loss: 1.601150

Epoch 2/3
  train   1/100 (seq_ix=225652787): 1.184637
  train   2/100 (seq_ix=1164881438): 0.594904
  train   3/100 (seq_ix=1967513327): 0.732547
  train   4/100 (seq_ix=1260468996): 0.138217
  train   5/100 (seq_ix=40256537): 0.300394
  train   6/100 (seq_ix=1865536806): 1.140901
  train   7/100 (seq_ix=1069985558): 0.635119
  train   8/100 (seq_ix=893657349): 0.593641
  train   9/100 (seq_ix=1146893795): 0.208619
  train  10/100 (seq_ix=746679824): 1.298667
  train  11/100 (seq_ix=1524566408): 0.521168
  train  12/100 (seq_ix=1064886781): 0.636773
  train  13/100 (seq_ix=2112803082): 0.852763
  train  14/100 (seq_ix=119492795): 0.849936
  train  15/100 (seq_ix=1835911678): 1.268825
  train  16/100 (seq_ix=2024605638): 1.452872
  train  17/100 (seq_ix=1387531102): 1.713648
  train  18/100 (seq_ix=880367331): 1.375653
  train  19/100 (seq_ix=1242585024): 0.983027
  train  20/100 (seq_ix=2020986767): 0.678447
  train  21/100 (seq_ix=1299404002): 1.361016
  train  22/100 (seq_ix=2124682310): 0.386156
  train  23/100 (seq_ix=900872744): 0.694971
  train  24/100 (seq_ix=166523150): 0.586043
  train  25/100 (seq_ix=1616210265): 0.601498
  train  26/100 (seq_ix=169816067): 0.495226
  train  27/100 (seq_ix=1558422980): 0.693993
  train  28/100 (seq_ix=2076214668): 1.020417
  train  29/100 (seq_ix=793321424): 0.394850
  train  30/100 (seq_ix=1181513046): 0.872598
  train  31/100 (seq_ix=1993728896): 0.659095
  train  32/100 (seq_ix=1891016047): 0.637403
  train  33/100 (seq_ix=1661941497): 1.476676
  train  34/100 (seq_ix=1954537312): 0.650205
  train  35/100 (seq_ix=1875296450): 0.833689
  train  36/100 (seq_ix=1861265528): 0.705946
  train  37/100 (seq_ix=1536432553): 1.028042
  train  38/100 (seq_ix=1190375104): 0.512408
  train  39/100 (seq_ix=1984276013): 0.410670
  train  40/100 (seq_ix=554796223): 0.489559
  train  41/100 (seq_ix=1920739216): 0.208889
  train  42/100 (seq_ix=1125234681): 0.369669
  train  43/100 (seq_ix=2035564581): 0.643837
  train  44/100 (seq_ix=2009925233): 1.261544
  train  45/100 (seq_ix=440944124): 0.896791
  train  46/100 (seq_ix=2061624706): 1.234799
  train  47/100 (seq_ix=892616012): 0.438093
  train  48/100 (seq_ix=2091756591): 1.048548
  train  49/100 (seq_ix=794669342): 0.646895
  train  50/100 (seq_ix=838147554): 2.623506
  train  51/100 (seq_ix=224084042): 0.341894
  train  52/100 (seq_ix=603743424): 1.360678
  train  53/100 (seq_ix=1422297712): 1.016390
  train  54/100 (seq_ix=574766713): 0.390426
  train  55/100 (seq_ix=1024616050): 1.373220
  train  56/100 (seq_ix=945297869): 0.860285
  train  57/100 (seq_ix=1620823563): 0.593161
  train  58/100 (seq_ix=1734663822): 0.785612
  train  59/100 (seq_ix=11648220): 0.740628
  train  60/100 (seq_ix=161615974): 1.210149
  train  61/100 (seq_ix=1857215576): 0.460607
  train  62/100 (seq_ix=1316485909): 0.332221
  train  63/100 (seq_ix=543427545): 1.792854
  train  64/100 (seq_ix=454825559): 0.786665
  train  65/100 (seq_ix=1060570346): 0.659043
  train  66/100 (seq_ix=2127852642): 0.758054
  train  67/100 (seq_ix=1181030253): 0.264305
  train  68/100 (seq_ix=22603860): 0.888962
  train  69/100 (seq_ix=438826393): 0.210931
  train  70/100 (seq_ix=339120526): 0.923406
  train  71/100 (seq_ix=1386612278): 0.571796
  train  72/100 (seq_ix=1217617503): 1.087455
  train  73/100 (seq_ix=893903801): 0.531711
  train  74/100 (seq_ix=573516403): 0.366611
  train  75/100 (seq_ix=741433073): 2.165356
  train  76/100 (seq_ix=1596943199): 0.650521
  train  77/100 (seq_ix=961940615): 1.341968
  train  78/100 (seq_ix=1872335189): 1.274677
  train  79/100 (seq_ix=637966516): 1.125913
  train  80/100 (seq_ix=2093658216): 1.759707
  train  81/100 (seq_ix=1068499374): 0.460813
  train  82/100 (seq_ix=1718939767): 0.836153
  train  83/100 (seq_ix=1748421619): 1.649761
  train  84/100 (seq_ix=1415113030): 1.015894
  train  85/100 (seq_ix=1236699497): 2.076138
  train  86/100 (seq_ix=372181850): 0.560229
  train  87/100 (seq_ix=1688142063): 1.042009
  train  88/100 (seq_ix=534041470): 0.161170
  train  89/100 (seq_ix=1036563475): 0.331020
  train  90/100 (seq_ix=422397392): 0.905836
  train  91/100 (seq_ix=159012369): 0.842245
  train  92/100 (seq_ix=551549935): 0.460202
  train  93/100 (seq_ix=1848114048): 0.972647
  train  94/100 (seq_ix=1741318143): 0.440261
  train  95/100 (seq_ix=675281486): 2.317794
  train  96/100 (seq_ix=898110762): 0.462924
  train  97/100 (seq_ix=1006830649): 0.722425
  train  98/100 (seq_ix=136704948): 0.362934
  train  99/100 (seq_ix=431995663): 0.463316
  train 100/100 (seq_ix=1902307434): 0.841949
Train mean loss: 0.845947
  valid   1/20 (seq_ix=180749831): 1.333294
  valid   2/20 (seq_ix=355898543): 0.810334
  valid   3/20 (seq_ix=705808958): 9.493147
  valid   4/20 (seq_ix=500271108): 1.617492
  valid   5/20 (seq_ix=1343217302): 1.089047
  valid   6/20 (seq_ix=909959284): 0.570441
  valid   7/20 (seq_ix=1702061024): 0.453033
  valid   8/20 (seq_ix=596544969): 1.473908
  valid   9/20 (seq_ix=1210015767): 0.316676
  valid  10/20 (seq_ix=1979857100): 0.735205
  valid  11/20 (seq_ix=125810080): 3.188196
  valid  12/20 (seq_ix=92307333): 1.355589
  valid  13/20 (seq_ix=482302805): 4.433984
  valid  14/20 (seq_ix=1416170278): 1.061020
  valid  15/20 (seq_ix=1675802868): 1.381491
  valid  16/20 (seq_ix=2043764292): 0.264861
  valid  17/20 (seq_ix=233220122): 0.714767
  valid  18/20 (seq_ix=1659498468): 0.918703
  valid  19/20 (seq_ix=1272271448): 0.230434
  valid  20/20 (seq_ix=1837760365): 0.817889
Validation mean loss: 1.612975

Epoch 3/3
  train   1/100 (seq_ix=225652787): 1.126914
  train   2/100 (seq_ix=1164881438): 0.566682
  train   3/100 (seq_ix=1967513327): 0.723961
  train   4/100 (seq_ix=1260468996): 0.133606
  train   5/100 (seq_ix=40256537): 0.295487
  train   6/100 (seq_ix=1865536806): 1.097252
  train   7/100 (seq_ix=1069985558): 0.615996
  train   8/100 (seq_ix=893657349): 0.567689
  train   9/100 (seq_ix=1146893795): 0.209175
  train  10/100 (seq_ix=746679824): 1.273263
  train  11/100 (seq_ix=1524566408): 0.489245
  train  12/100 (seq_ix=1064886781): 0.625874
  train  13/100 (seq_ix=2112803082): 0.839553
  train  14/100 (seq_ix=119492795): 0.850803
  train  15/100 (seq_ix=1835911678): 1.209505
  train  16/100 (seq_ix=2024605638): 1.423124
  train  17/100 (seq_ix=1387531102): 1.666558
  train  18/100 (seq_ix=880367331): 1.317309
  train  19/100 (seq_ix=1242585024): 0.971654
  train  20/100 (seq_ix=2020986767): 0.669135
  train  21/100 (seq_ix=1299404002): 1.379015
  train  22/100 (seq_ix=2124682310): 0.376045
  train  23/100 (seq_ix=900872744): 0.679256
  train  24/100 (seq_ix=166523150): 0.567065
  train  25/100 (seq_ix=1616210265): 0.580932
  train  26/100 (seq_ix=169816067): 0.477625
  train  27/100 (seq_ix=1558422980): 0.673481
  train  28/100 (seq_ix=2076214668): 1.007455
  train  29/100 (seq_ix=793321424): 0.393842
  train  30/100 (seq_ix=1181513046): 0.857151
  train  31/100 (seq_ix=1993728896): 0.648949
  train  32/100 (seq_ix=1891016047): 0.629829
  train  33/100 (seq_ix=1661941497): 1.449283
  train  34/100 (seq_ix=1954537312): 0.644578
  train  35/100 (seq_ix=1875296450): 0.820151
  train  36/100 (seq_ix=1861265528): 0.694125
  train  37/100 (seq_ix=1536432553): 1.024805
  train  38/100 (seq_ix=1190375104): 0.487041
  train  39/100 (seq_ix=1984276013): 0.405218
  train  40/100 (seq_ix=554796223): 0.474315
  train  41/100 (seq_ix=1920739216): 0.206340
  train  42/100 (seq_ix=1125234681): 0.369566
  train  43/100 (seq_ix=2035564581): 0.631528
  train  44/100 (seq_ix=2009925233): 1.247466
  train  45/100 (seq_ix=440944124): 0.866523
  train  46/100 (seq_ix=2061624706): 1.222867
  train  47/100 (seq_ix=892616012): 0.432326
  train  48/100 (seq_ix=2091756591): 1.057661
  train  49/100 (seq_ix=794669342): 0.634383
  train  50/100 (seq_ix=838147554): 2.620320
  train  51/100 (seq_ix=224084042): 0.284256
  train  52/100 (seq_ix=603743424): 1.345392
  train  53/100 (seq_ix=1422297712): 0.995943
  train  54/100 (seq_ix=574766713): 0.386856
  train  55/100 (seq_ix=1024616050): 1.355516
  train  56/100 (seq_ix=945297869): 0.838126
  train  57/100 (seq_ix=1620823563): 0.573160
  train  58/100 (seq_ix=1734663822): 0.774687
  train  59/100 (seq_ix=11648220): 0.721870
  train  60/100 (seq_ix=161615974): 1.190304
  train  61/100 (seq_ix=1857215576): 0.435672
  train  62/100 (seq_ix=1316485909): 0.332292
  train  63/100 (seq_ix=543427545): 1.781545
  train  64/100 (seq_ix=454825559): 0.771926
  train  65/100 (seq_ix=1060570346): 0.649857
  train  66/100 (seq_ix=2127852642): 0.748952
  train  67/100 (seq_ix=1181030253): 0.258440
  train  68/100 (seq_ix=22603860): 0.891401
  train  69/100 (seq_ix=438826393): 0.202508
  train  70/100 (seq_ix=339120526): 0.916002
  train  71/100 (seq_ix=1386612278): 0.567063
  train  72/100 (seq_ix=1217617503): 1.087810
  train  73/100 (seq_ix=893903801): 0.528948
  train  74/100 (seq_ix=573516403): 0.368353
  train  75/100 (seq_ix=741433073): 2.166970
  train  76/100 (seq_ix=1596943199): 0.630133
  train  77/100 (seq_ix=961940615): 1.327506
  train  78/100 (seq_ix=1872335189): 1.262979
  train  79/100 (seq_ix=637966516): 1.128537
  train  80/100 (seq_ix=2093658216): 1.748722
  train  81/100 (seq_ix=1068499374): 0.455172
  train  82/100 (seq_ix=1718939767): 0.832145
  train  83/100 (seq_ix=1748421619): 1.630273
  train  84/100 (seq_ix=1415113030): 0.968330
  train  85/100 (seq_ix=1236699497): 2.056498
  train  86/100 (seq_ix=372181850): 0.552352
  train  87/100 (seq_ix=1688142063): 1.031501
  train  88/100 (seq_ix=534041470): 0.156885
  train  89/100 (seq_ix=1036563475): 0.347810
  train  90/100 (seq_ix=422397392): 0.907120
  train  91/100 (seq_ix=159012369): 0.831237
  train  92/100 (seq_ix=551549935): 0.457310
  train  93/100 (seq_ix=1848114048): 0.979610
  train  94/100 (seq_ix=1741318143): 0.441243
  train  95/100 (seq_ix=675281486): 2.323033
  train  96/100 (seq_ix=898110762): 0.459574
  train  97/100 (seq_ix=1006830649): 0.707611
  train  98/100 (seq_ix=136704948): 0.356105
  train  99/100 (seq_ix=431995663): 0.451450
  train 100/100 (seq_ix=1902307434): 0.843507
Train mean loss: 0.832924
  valid   1/20 (seq_ix=180749831): 1.313702
  valid   2/20 (seq_ix=355898543): 0.831298
  valid   3/20 (seq_ix=705808958): 9.494796
  valid   4/20 (seq_ix=500271108): 1.621057
  valid   5/20 (seq_ix=1343217302): 1.067898
  valid   6/20 (seq_ix=909959284): 0.558438
  valid   7/20 (seq_ix=1702061024): 0.455840
  valid   8/20 (seq_ix=596544969): 1.497833
  valid   9/20 (seq_ix=1210015767): 0.306279
  valid  10/20 (seq_ix=1979857100): 0.735762
  valid  11/20 (seq_ix=125810080): 3.170702
  valid  12/20 (seq_ix=92307333): 1.333204
  valid  13/20 (seq_ix=482302805): 4.406812
  valid  14/20 (seq_ix=1416170278): 1.036959
  valid  15/20 (seq_ix=1675802868): 1.346256
  valid  16/20 (seq_ix=2043764292): 0.276473
  valid  17/20 (seq_ix=233220122): 0.703942
  valid  18/20 (seq_ix=1659498468): 0.903629
  valid  19/20 (seq_ix=1272271448): 0.229109
  valid  20/20 (seq_ix=1837760365): 0.843828
Validation mean loss: 1.606691

Elapsed time: 368.15 seconds
Best epoch: 1
Best validation MSE: 1.601150

Saved best checkpoint: results/weekend/extra_seeds/looped_seed3_split1234.pt
Saved results: results/weekend/extra_seeds/looped_seed3_split1234.json
