Device: cuda
GPU: NVIDIA RTX 5000 Ada Generation
Model: baseline
Parameters: 945602
Training sequences: 100
Validation sequences: 20

Epoch 1/3
  train   1/100 (seq_ix=225652787): 1.325094
  train   2/100 (seq_ix=1164881438): 0.646798
  train   3/100 (seq_ix=1967513327): 0.774454
  train   4/100 (seq_ix=1260468996): 0.141637
  train   5/100 (seq_ix=40256537): 0.339013
  train   6/100 (seq_ix=1865536806): 1.280018
  train   7/100 (seq_ix=1069985558): 0.654995
  train   8/100 (seq_ix=893657349): 0.627382
  train   9/100 (seq_ix=1146893795): 0.225708
  train  10/100 (seq_ix=746679824): 1.334278
  train  11/100 (seq_ix=1524566408): 0.515421
  train  12/100 (seq_ix=1064886781): 0.801763
  train  13/100 (seq_ix=2112803082): 0.813544
  train  14/100 (seq_ix=119492795): 0.862239
  train  15/100 (seq_ix=1835911678): 1.353383
  train  16/100 (seq_ix=2024605638): 1.492530
  train  17/100 (seq_ix=1387531102): 1.782038
  train  18/100 (seq_ix=880367331): 1.474827
  train  19/100 (seq_ix=1242585024): 1.041584
  train  20/100 (seq_ix=2020986767): 0.689407
  train  21/100 (seq_ix=1299404002): 1.365593
  train  22/100 (seq_ix=2124682310): 0.407744
  train  23/100 (seq_ix=900872744): 0.756286
  train  24/100 (seq_ix=166523150): 0.607901
  train  25/100 (seq_ix=1616210265): 0.598473
  train  26/100 (seq_ix=169816067): 0.501530
  train  27/100 (seq_ix=1558422980): 0.726152
  train  28/100 (seq_ix=2076214668): 1.046581
  train  29/100 (seq_ix=793321424): 0.436099
  train  30/100 (seq_ix=1181513046): 0.890730
  train  31/100 (seq_ix=1993728896): 0.700269
  train  32/100 (seq_ix=1891016047): 0.644391
  train  33/100 (seq_ix=1661941497): 1.529085
  train  34/100 (seq_ix=1954537312): 0.660267
  train  35/100 (seq_ix=1875296450): 0.841494
  train  36/100 (seq_ix=1861265528): 0.690434
  train  37/100 (seq_ix=1536432553): 1.031878
  train  38/100 (seq_ix=1190375104): 0.541220
  train  39/100 (seq_ix=1984276013): 0.418805
  train  40/100 (seq_ix=554796223): 0.507772
  train  41/100 (seq_ix=1920739216): 0.221140
  train  42/100 (seq_ix=1125234681): 0.394005
  train  43/100 (seq_ix=2035564581): 0.655585
  train  44/100 (seq_ix=2009925233): 1.281872
  train  45/100 (seq_ix=440944124): 0.915782
  train  46/100 (seq_ix=2061624706): 1.243664
  train  47/100 (seq_ix=892616012): 0.464695
  train  48/100 (seq_ix=2091756591): 1.085341
  train  49/100 (seq_ix=794669342): 0.643654
  train  50/100 (seq_ix=838147554): 2.642309
  train  51/100 (seq_ix=224084042): 0.313997
  train  52/100 (seq_ix=603743424): 1.373940
  train  53/100 (seq_ix=1422297712): 1.026226
  train  54/100 (seq_ix=574766713): 0.407521
  train  55/100 (seq_ix=1024616050): 1.368873
  train  56/100 (seq_ix=945297869): 0.839936
  train  57/100 (seq_ix=1620823563): 0.622847
  train  58/100 (seq_ix=1734663822): 0.815461
  train  59/100 (seq_ix=11648220): 0.772335
  train  60/100 (seq_ix=161615974): 1.231869
  train  61/100 (seq_ix=1857215576): 0.496609
  train  62/100 (seq_ix=1316485909): 0.343649
  train  63/100 (seq_ix=543427545): 1.807524
  train  64/100 (seq_ix=454825559): 0.788114
  train  65/100 (seq_ix=1060570346): 0.647324
  train  66/100 (seq_ix=2127852642): 0.770012
  train  67/100 (seq_ix=1181030253): 0.265197
  train  68/100 (seq_ix=22603860): 0.897348
  train  69/100 (seq_ix=438826393): 0.221263
  train  70/100 (seq_ix=339120526): 0.933309
  train  71/100 (seq_ix=1386612278): 0.587946
  train  72/100 (seq_ix=1217617503): 1.087898
  train  73/100 (seq_ix=893903801): 0.540247
  train  74/100 (seq_ix=573516403): 0.384921
  train  75/100 (seq_ix=741433073): 2.189331
  train  76/100 (seq_ix=1596943199): 0.653408
  train  77/100 (seq_ix=961940615): 1.359503
  train  78/100 (seq_ix=1872335189): 1.287738
  train  79/100 (seq_ix=637966516): 1.157581
  train  80/100 (seq_ix=2093658216): 1.791261
  train  81/100 (seq_ix=1068499374): 0.447967
  train  82/100 (seq_ix=1718939767): 0.851651
  train  83/100 (seq_ix=1748421619): 1.669167
  train  84/100 (seq_ix=1415113030): 1.031133
  train  85/100 (seq_ix=1236699497): 2.092708
  train  86/100 (seq_ix=372181850): 0.570584
  train  87/100 (seq_ix=1688142063): 1.062220
  train  88/100 (seq_ix=534041470): 0.165497
  train  89/100 (seq_ix=1036563475): 0.323766
  train  90/100 (seq_ix=422397392): 0.907508
  train  91/100 (seq_ix=159012369): 0.878638
  train  92/100 (seq_ix=551549935): 0.523616
  train  93/100 (seq_ix=1848114048): 0.968298
  train  94/100 (seq_ix=1741318143): 0.458740
  train  95/100 (seq_ix=675281486): 2.310030
  train  96/100 (seq_ix=898110762): 0.466532
  train  97/100 (seq_ix=1006830649): 0.727506
  train  98/100 (seq_ix=136704948): 0.365003
  train  99/100 (seq_ix=431995663): 0.469868
  train 100/100 (seq_ix=1902307434): 0.839860
Train mean loss: 0.867403
  valid   1/20 (seq_ix=180749831): 1.376033
  valid   2/20 (seq_ix=355898543): 0.793178
  valid   3/20 (seq_ix=705808958): 9.298270
  valid   4/20 (seq_ix=500271108): 1.631381
  valid   5/20 (seq_ix=1343217302): 1.128776
  valid   6/20 (seq_ix=909959284): 0.616018
  valid   7/20 (seq_ix=1702061024): 0.473719
  valid   8/20 (seq_ix=596544969): 1.475217
  valid   9/20 (seq_ix=1210015767): 0.317513
  valid  10/20 (seq_ix=1979857100): 0.744870
  valid  11/20 (seq_ix=125810080): 3.218789
  valid  12/20 (seq_ix=92307333): 1.301579
  valid  13/20 (seq_ix=482302805): 4.446090
  valid  14/20 (seq_ix=1416170278): 1.129471
  valid  15/20 (seq_ix=1675802868): 1.374086
  valid  16/20 (seq_ix=2043764292): 0.262752
  valid  17/20 (seq_ix=233220122): 0.733783
  valid  18/20 (seq_ix=1659498468): 0.943574
  valid  19/20 (seq_ix=1272271448): 0.248260
  valid  20/20 (seq_ix=1837760365): 0.819227
Validation mean loss: 1.616629
New best validation loss: 1.616629

Epoch 2/3
  train   1/100 (seq_ix=225652787): 1.164630
  train   2/100 (seq_ix=1164881438): 0.570887
  train   3/100 (seq_ix=1967513327): 0.736662
  train   4/100 (seq_ix=1260468996): 0.137052
  train   5/100 (seq_ix=40256537): 0.289848
  train   6/100 (seq_ix=1865536806): 1.147910
  train   7/100 (seq_ix=1069985558): 0.610650
  train   8/100 (seq_ix=893657349): 0.584004
  train   9/100 (seq_ix=1146893795): 0.209140
  train  10/100 (seq_ix=746679824): 1.266940
  train  11/100 (seq_ix=1524566408): 0.528306
  train  12/100 (seq_ix=1064886781): 0.715685
  train  13/100 (seq_ix=2112803082): 0.836072
  train  14/100 (seq_ix=119492795): 0.856554
  train  15/100 (seq_ix=1835911678): 1.245636
  train  16/100 (seq_ix=2024605638): 1.434063
  train  17/100 (seq_ix=1387531102): 1.693480
  train  18/100 (seq_ix=880367331): 1.365224
  train  19/100 (seq_ix=1242585024): 0.986617
  train  20/100 (seq_ix=2020986767): 0.678138
  train  21/100 (seq_ix=1299404002): 1.379768
  train  22/100 (seq_ix=2124682310): 0.389662
  train  23/100 (seq_ix=900872744): 0.689309
  train  24/100 (seq_ix=166523150): 0.585292
  train  25/100 (seq_ix=1616210265): 0.601070
  train  26/100 (seq_ix=169816067): 0.483869
  train  27/100 (seq_ix=1558422980): 0.677788
  train  28/100 (seq_ix=2076214668): 1.002752
  train  29/100 (seq_ix=793321424): 0.411455
  train  30/100 (seq_ix=1181513046): 0.877335
  train  31/100 (seq_ix=1993728896): 0.647483
  train  32/100 (seq_ix=1891016047): 0.630896
  train  33/100 (seq_ix=1661941497): 1.481031
  train  34/100 (seq_ix=1954537312): 0.666366
  train  35/100 (seq_ix=1875296450): 0.838991
  train  36/100 (seq_ix=1861265528): 0.692705
  train  37/100 (seq_ix=1536432553): 1.012515
  train  38/100 (seq_ix=1190375104): 0.496948
  train  39/100 (seq_ix=1984276013): 0.405722
  train  40/100 (seq_ix=554796223): 0.497719
  train  41/100 (seq_ix=1920739216): 0.206860
  train  42/100 (seq_ix=1125234681): 0.372189
  train  43/100 (seq_ix=2035564581): 0.632930
  train  44/100 (seq_ix=2009925233): 1.261315
  train  45/100 (seq_ix=440944124): 0.873503
  train  46/100 (seq_ix=2061624706): 1.219820
  train  47/100 (seq_ix=892616012): 0.438756
  train  48/100 (seq_ix=2091756591): 1.068651
  train  49/100 (seq_ix=794669342): 0.636503
  train  50/100 (seq_ix=838147554): 2.628723
  train  51/100 (seq_ix=224084042): 0.298236
  train  52/100 (seq_ix=603743424): 1.343140
  train  53/100 (seq_ix=1422297712): 0.996142
  train  54/100 (seq_ix=574766713): 0.389415
  train  55/100 (seq_ix=1024616050): 1.353662
  train  56/100 (seq_ix=945297869): 0.845387
  train  57/100 (seq_ix=1620823563): 0.586724
  train  58/100 (seq_ix=1734663822): 0.783690
  train  59/100 (seq_ix=11648220): 0.722738
  train  60/100 (seq_ix=161615974): 1.222880
  train  61/100 (seq_ix=1857215576): 0.426820
  train  62/100 (seq_ix=1316485909): 0.334561
  train  63/100 (seq_ix=543427545): 1.793544
  train  64/100 (seq_ix=454825559): 0.769189
  train  65/100 (seq_ix=1060570346): 0.629470
  train  66/100 (seq_ix=2127852642): 0.760428
  train  67/100 (seq_ix=1181030253): 0.257868
  train  68/100 (seq_ix=22603860): 0.881397
  train  69/100 (seq_ix=438826393): 0.210902
  train  70/100 (seq_ix=339120526): 0.919720
  train  71/100 (seq_ix=1386612278): 0.575268
  train  72/100 (seq_ix=1217617503): 1.086191
  train  73/100 (seq_ix=893903801): 0.507437
  train  74/100 (seq_ix=573516403): 0.379066
  train  75/100 (seq_ix=741433073): 2.183432
  train  76/100 (seq_ix=1596943199): 0.640865
  train  77/100 (seq_ix=961940615): 1.351569
  train  78/100 (seq_ix=1872335189): 1.256772
  train  79/100 (seq_ix=637966516): 1.141289
  train  80/100 (seq_ix=2093658216): 1.766481
  train  81/100 (seq_ix=1068499374): 0.440647
  train  82/100 (seq_ix=1718939767): 0.849894
  train  83/100 (seq_ix=1748421619): 1.632535
  train  84/100 (seq_ix=1415113030): 0.981532
  train  85/100 (seq_ix=1236699497): 2.065767
  train  86/100 (seq_ix=372181850): 0.552163
  train  87/100 (seq_ix=1688142063): 1.041444
  train  88/100 (seq_ix=534041470): 0.164172
  train  89/100 (seq_ix=1036563475): 0.354010
  train  90/100 (seq_ix=422397392): 0.895047
  train  91/100 (seq_ix=159012369): 0.848672
  train  92/100 (seq_ix=551549935): 0.478295
  train  93/100 (seq_ix=1848114048): 0.977170
  train  94/100 (seq_ix=1741318143): 0.445670
  train  95/100 (seq_ix=675281486): 2.297632
  train  96/100 (seq_ix=898110762): 0.461054
  train  97/100 (seq_ix=1006830649): 0.718058
  train  98/100 (seq_ix=136704948): 0.355050
  train  99/100 (seq_ix=431995663): 0.452914
  train 100/100 (seq_ix=1902307434): 0.840242
Train mean loss: 0.841317
  valid   1/20 (seq_ix=180749831): 1.377105
  valid   2/20 (seq_ix=355898543): 0.777542
  valid   3/20 (seq_ix=705808958): 9.429650
  valid   4/20 (seq_ix=500271108): 1.635552
  valid   5/20 (seq_ix=1343217302): 1.137394
  valid   6/20 (seq_ix=909959284): 0.615099
  valid   7/20 (seq_ix=1702061024): 0.532737
  valid   8/20 (seq_ix=596544969): 1.418917
  valid   9/20 (seq_ix=1210015767): 0.317985
  valid  10/20 (seq_ix=1979857100): 0.776874
  valid  11/20 (seq_ix=125810080): 3.255570
  valid  12/20 (seq_ix=92307333): 1.326858
  valid  13/20 (seq_ix=482302805): 4.437284
  valid  14/20 (seq_ix=1416170278): 1.130218
  valid  15/20 (seq_ix=1675802868): 1.428566
  valid  16/20 (seq_ix=2043764292): 0.253634
  valid  17/20 (seq_ix=233220122): 0.730965
  valid  18/20 (seq_ix=1659498468): 0.938000
  valid  19/20 (seq_ix=1272271448): 0.248759
  valid  20/20 (seq_ix=1837760365): 0.783831
Validation mean loss: 1.627627

Epoch 3/3
  train   1/100 (seq_ix=225652787): 1.146570
  train   2/100 (seq_ix=1164881438): 0.548672
  train   3/100 (seq_ix=1967513327): 0.731688
  train   4/100 (seq_ix=1260468996): 0.135007
  train   5/100 (seq_ix=40256537): 0.286996
  train   6/100 (seq_ix=1865536806): 1.111493
  train   7/100 (seq_ix=1069985558): 0.602934
  train   8/100 (seq_ix=893657349): 0.569152
  train   9/100 (seq_ix=1146893795): 0.204895
  train  10/100 (seq_ix=746679824): 1.248699
  train  11/100 (seq_ix=1524566408): 0.499292
  train  12/100 (seq_ix=1064886781): 0.668517
  train  13/100 (seq_ix=2112803082): 0.839126
  train  14/100 (seq_ix=119492795): 0.847545
  train  15/100 (seq_ix=1835911678): 1.212231
  train  16/100 (seq_ix=2024605638): 1.411835
  train  17/100 (seq_ix=1387531102): 1.662791
  train  18/100 (seq_ix=880367331): 1.312103
  train  19/100 (seq_ix=1242585024): 0.961573
  train  20/100 (seq_ix=2020986767): 0.670034
  train  21/100 (seq_ix=1299404002): 1.357918
  train  22/100 (seq_ix=2124682310): 0.377419
  train  23/100 (seq_ix=900872744): 0.684890
  train  24/100 (seq_ix=166523150): 0.562673
  train  25/100 (seq_ix=1616210265): 0.594146
  train  26/100 (seq_ix=169816067): 0.474220
  train  27/100 (seq_ix=1558422980): 0.667291
  train  28/100 (seq_ix=2076214668): 0.981614
  train  29/100 (seq_ix=793321424): 0.408193
  train  30/100 (seq_ix=1181513046): 0.866128
  train  31/100 (seq_ix=1993728896): 0.612312
  train  32/100 (seq_ix=1891016047): 0.626825
  train  33/100 (seq_ix=1661941497): 1.438895
  train  34/100 (seq_ix=1954537312): 0.670344
  train  35/100 (seq_ix=1875296450): 0.820056
  train  36/100 (seq_ix=1861265528): 0.667484
  train  37/100 (seq_ix=1536432553): 1.002740
  train  38/100 (seq_ix=1190375104): 0.470696
  train  39/100 (seq_ix=1984276013): 0.402015
  train  40/100 (seq_ix=554796223): 0.483931
  train  41/100 (seq_ix=1920739216): 0.189865
  train  42/100 (seq_ix=1125234681): 0.378560
  train  43/100 (seq_ix=2035564581): 0.626693
  train  44/100 (seq_ix=2009925233): 1.237425
  train  45/100 (seq_ix=440944124): 0.855701
  train  46/100 (seq_ix=2061624706): 1.210661
  train  47/100 (seq_ix=892616012): 0.433002
  train  48/100 (seq_ix=2091756591): 1.074546
  train  49/100 (seq_ix=794669342): 0.618761
  train  50/100 (seq_ix=838147554): 2.618532
  train  51/100 (seq_ix=224084042): 0.245120
  train  52/100 (seq_ix=603743424): 1.339193
  train  53/100 (seq_ix=1422297712): 0.980482
  train  54/100 (seq_ix=574766713): 0.376643
  train  55/100 (seq_ix=1024616050): 1.344046
  train  56/100 (seq_ix=945297869): 0.826314
  train  57/100 (seq_ix=1620823563): 0.578139
  train  58/100 (seq_ix=1734663822): 0.772717
  train  59/100 (seq_ix=11648220): 0.711968
  train  60/100 (seq_ix=161615974): 1.199275
  train  61/100 (seq_ix=1857215576): 0.389966
  train  62/100 (seq_ix=1316485909): 0.327886
  train  63/100 (seq_ix=543427545): 1.776451
  train  64/100 (seq_ix=454825559): 0.754758
  train  65/100 (seq_ix=1060570346): 0.638920
  train  66/100 (seq_ix=2127852642): 0.749126
  train  67/100 (seq_ix=1181030253): 0.251458
  train  68/100 (seq_ix=22603860): 0.866921
  train  69/100 (seq_ix=438826393): 0.202657
  train  70/100 (seq_ix=339120526): 0.911317
  train  71/100 (seq_ix=1386612278): 0.570764
  train  72/100 (seq_ix=1217617503): 1.080344
  train  73/100 (seq_ix=893903801): 0.486191
  train  74/100 (seq_ix=573516403): 0.381435
  train  75/100 (seq_ix=741433073): 2.181097
  train  76/100 (seq_ix=1596943199): 0.641962
  train  77/100 (seq_ix=961940615): 1.346927
  train  78/100 (seq_ix=1872335189): 1.247234
  train  79/100 (seq_ix=637966516): 1.134141
  train  80/100 (seq_ix=2093658216): 1.746419
  train  81/100 (seq_ix=1068499374): 0.435042
  train  82/100 (seq_ix=1718939767): 0.838880
  train  83/100 (seq_ix=1748421619): 1.612807
  train  84/100 (seq_ix=1415113030): 0.936828
  train  85/100 (seq_ix=1236699497): 2.057647
  train  86/100 (seq_ix=372181850): 0.544848
  train  87/100 (seq_ix=1688142063): 1.025973
  train  88/100 (seq_ix=534041470): 0.161640
  train  89/100 (seq_ix=1036563475): 0.369836
  train  90/100 (seq_ix=422397392): 0.888360
  train  91/100 (seq_ix=159012369): 0.815813
  train  92/100 (seq_ix=551549935): 0.468273
  train  93/100 (seq_ix=1848114048): 0.977964
  train  94/100 (seq_ix=1741318143): 0.438195
  train  95/100 (seq_ix=675281486): 2.284019
  train  96/100 (seq_ix=898110762): 0.453736
  train  97/100 (seq_ix=1006830649): 0.706579
  train  98/100 (seq_ix=136704948): 0.346815
  train  99/100 (seq_ix=431995663): 0.445714
  train 100/100 (seq_ix=1902307434): 0.832445
Train mean loss: 0.827860
  valid   1/20 (seq_ix=180749831): 1.344094
  valid   2/20 (seq_ix=355898543): 0.780332
  valid   3/20 (seq_ix=705808958): 9.465904
  valid   4/20 (seq_ix=500271108): 1.632420
  valid   5/20 (seq_ix=1343217302): 1.119312
  valid   6/20 (seq_ix=909959284): 0.597045
  valid   7/20 (seq_ix=1702061024): 0.532580
  valid   8/20 (seq_ix=596544969): 1.411183
  valid   9/20 (seq_ix=1210015767): 0.313801
  valid  10/20 (seq_ix=1979857100): 0.769527
  valid  11/20 (seq_ix=125810080): 3.282385
  valid  12/20 (seq_ix=92307333): 1.320606
  valid  13/20 (seq_ix=482302805): 4.380739
  valid  14/20 (seq_ix=1416170278): 1.101437
  valid  15/20 (seq_ix=1675802868): 1.417472
  valid  16/20 (seq_ix=2043764292): 0.254849
  valid  17/20 (seq_ix=233220122): 0.724023
  valid  18/20 (seq_ix=1659498468): 0.927027
  valid  19/20 (seq_ix=1272271448): 0.249171
  valid  20/20 (seq_ix=1837760365): 0.795863
Validation mean loss: 1.620989

Elapsed time: 412.21 seconds
Best epoch: 1
Best validation MSE: 1.616629

Saved best checkpoint: results/baseline_seed1_split1234.pt
Saved results: results/baseline_seed1_split1234.json
