Device: cuda
GPU: NVIDIA RTX 5000 Ada Generation
Model: baseline
Parameters: 945602
Training sequences: 100
Validation sequences: 20

Epoch 1/3
  train   1/100 (seq_ix=225652787): 1.356096
  train   2/100 (seq_ix=1164881438): 0.649466
  train   3/100 (seq_ix=1967513327): 0.794992
  train   4/100 (seq_ix=1260468996): 0.151701
  train   5/100 (seq_ix=40256537): 0.347558
  train   6/100 (seq_ix=1865536806): 1.293778
  train   7/100 (seq_ix=1069985558): 0.690114
  train   8/100 (seq_ix=893657349): 0.649540
  train   9/100 (seq_ix=1146893795): 0.222330
  train  10/100 (seq_ix=746679824): 1.354492
  train  11/100 (seq_ix=1524566408): 0.523811
  train  12/100 (seq_ix=1064886781): 0.736352
  train  13/100 (seq_ix=2112803082): 0.871812
  train  14/100 (seq_ix=119492795): 0.877253
  train  15/100 (seq_ix=1835911678): 1.354832
  train  16/100 (seq_ix=2024605638): 1.498242
  train  17/100 (seq_ix=1387531102): 1.767233
  train  18/100 (seq_ix=880367331): 1.504819
  train  19/100 (seq_ix=1242585024): 1.064794
  train  20/100 (seq_ix=2020986767): 0.692247
  train  21/100 (seq_ix=1299404002): 1.378047
  train  22/100 (seq_ix=2124682310): 0.398341
  train  23/100 (seq_ix=900872744): 0.771694
  train  24/100 (seq_ix=166523150): 0.598381
  train  25/100 (seq_ix=1616210265): 0.605467
  train  26/100 (seq_ix=169816067): 0.515805
  train  27/100 (seq_ix=1558422980): 0.722930
  train  28/100 (seq_ix=2076214668): 1.039763
  train  29/100 (seq_ix=793321424): 0.423805
  train  30/100 (seq_ix=1181513046): 0.852985
  train  31/100 (seq_ix=1993728896): 0.683594
  train  32/100 (seq_ix=1891016047): 0.644187
  train  33/100 (seq_ix=1661941497): 1.535393
  train  34/100 (seq_ix=1954537312): 0.667287
  train  35/100 (seq_ix=1875296450): 0.852690
  train  36/100 (seq_ix=1861265528): 0.673497
  train  37/100 (seq_ix=1536432553): 1.039041
  train  38/100 (seq_ix=1190375104): 0.560006
  train  39/100 (seq_ix=1984276013): 0.425386
  train  40/100 (seq_ix=554796223): 0.514135
  train  41/100 (seq_ix=1920739216): 0.215337
  train  42/100 (seq_ix=1125234681): 0.395558
  train  43/100 (seq_ix=2035564581): 0.662938
  train  44/100 (seq_ix=2009925233): 1.266070
  train  45/100 (seq_ix=440944124): 0.927308
  train  46/100 (seq_ix=2061624706): 1.244027
  train  47/100 (seq_ix=892616012): 0.465932
  train  48/100 (seq_ix=2091756591): 1.086755
  train  49/100 (seq_ix=794669342): 0.669811
  train  50/100 (seq_ix=838147554): 2.643525
  train  51/100 (seq_ix=224084042): 0.327478
  train  52/100 (seq_ix=603743424): 1.377129
  train  53/100 (seq_ix=1422297712): 1.044802
  train  54/100 (seq_ix=574766713): 0.401816
  train  55/100 (seq_ix=1024616050): 1.379913
  train  56/100 (seq_ix=945297869): 0.853717
  train  57/100 (seq_ix=1620823563): 0.622502
  train  58/100 (seq_ix=1734663822): 0.811851
  train  59/100 (seq_ix=11648220): 0.752424
  train  60/100 (seq_ix=161615974): 1.270301
  train  61/100 (seq_ix=1857215576): 0.477364
  train  62/100 (seq_ix=1316485909): 0.339155
  train  63/100 (seq_ix=543427545): 1.797156
  train  64/100 (seq_ix=454825559): 0.781817
  train  65/100 (seq_ix=1060570346): 0.682743
  train  66/100 (seq_ix=2127852642): 0.762739
  train  67/100 (seq_ix=1181030253): 0.271213
  train  68/100 (seq_ix=22603860): 0.898532
  train  69/100 (seq_ix=438826393): 0.231558
  train  70/100 (seq_ix=339120526): 0.929638
  train  71/100 (seq_ix=1386612278): 0.590188
  train  72/100 (seq_ix=1217617503): 1.096779
  train  73/100 (seq_ix=893903801): 0.534461
  train  74/100 (seq_ix=573516403): 0.382936
  train  75/100 (seq_ix=741433073): 2.191228
  train  76/100 (seq_ix=1596943199): 0.680030
  train  77/100 (seq_ix=961940615): 1.366140
  train  78/100 (seq_ix=1872335189): 1.285008
  train  79/100 (seq_ix=637966516): 1.149513
  train  80/100 (seq_ix=2093658216): 1.791581
  train  81/100 (seq_ix=1068499374): 0.458032
  train  82/100 (seq_ix=1718939767): 0.850306
  train  83/100 (seq_ix=1748421619): 1.666634
  train  84/100 (seq_ix=1415113030): 1.001814
  train  85/100 (seq_ix=1236699497): 2.118191
  train  86/100 (seq_ix=372181850): 0.576381
  train  87/100 (seq_ix=1688142063): 1.063390
  train  88/100 (seq_ix=534041470): 0.178186
  train  89/100 (seq_ix=1036563475): 0.355937
  train  90/100 (seq_ix=422397392): 0.921062
  train  91/100 (seq_ix=159012369): 0.905604
  train  92/100 (seq_ix=551549935): 0.519150
  train  93/100 (seq_ix=1848114048): 0.972103
  train  94/100 (seq_ix=1741318143): 0.454577
  train  95/100 (seq_ix=675281486): 2.324809
  train  96/100 (seq_ix=898110762): 0.471858
  train  97/100 (seq_ix=1006830649): 0.716021
  train  98/100 (seq_ix=136704948): 0.367682
  train  99/100 (seq_ix=431995663): 0.470310
  train 100/100 (seq_ix=1902307434): 0.849659
Train mean loss: 0.872046
  valid   1/20 (seq_ix=180749831): 1.388777
  valid   2/20 (seq_ix=355898543): 0.797761
  valid   3/20 (seq_ix=705808958): 9.169019
  valid   4/20 (seq_ix=500271108): 1.634293
  valid   5/20 (seq_ix=1343217302): 1.138971
  valid   6/20 (seq_ix=909959284): 0.605748
  valid   7/20 (seq_ix=1702061024): 0.503927
  valid   8/20 (seq_ix=596544969): 1.485289
  valid   9/20 (seq_ix=1210015767): 0.313352
  valid  10/20 (seq_ix=1979857100): 0.754004
  valid  11/20 (seq_ix=125810080): 3.227749
  valid  12/20 (seq_ix=92307333): 1.349127
  valid  13/20 (seq_ix=482302805): 4.535438
  valid  14/20 (seq_ix=1416170278): 1.097101
  valid  15/20 (seq_ix=1675802868): 1.387401
  valid  16/20 (seq_ix=2043764292): 0.257153
  valid  17/20 (seq_ix=233220122): 0.731088
  valid  18/20 (seq_ix=1659498468): 0.934204
  valid  19/20 (seq_ix=1272271448): 0.237437
  valid  20/20 (seq_ix=1837760365): 0.822349
Validation mean loss: 1.618509
New best validation loss: 1.618509

Epoch 2/3
  train   1/100 (seq_ix=225652787): 1.156389
  train   2/100 (seq_ix=1164881438): 0.575101
  train   3/100 (seq_ix=1967513327): 0.746969
  train   4/100 (seq_ix=1260468996): 0.136311
  train   5/100 (seq_ix=40256537): 0.300984
  train   6/100 (seq_ix=1865536806): 1.154421
  train   7/100 (seq_ix=1069985558): 0.632947
  train   8/100 (seq_ix=893657349): 0.590258
  train   9/100 (seq_ix=1146893795): 0.203122
  train  10/100 (seq_ix=746679824): 1.261650
  train  11/100 (seq_ix=1524566408): 0.542338
  train  12/100 (seq_ix=1064886781): 0.692459
  train  13/100 (seq_ix=2112803082): 0.847455
  train  14/100 (seq_ix=119492795): 0.851510
  train  15/100 (seq_ix=1835911678): 1.279461
  train  16/100 (seq_ix=2024605638): 1.436525
  train  17/100 (seq_ix=1387531102): 1.719227
  train  18/100 (seq_ix=880367331): 1.397470
  train  19/100 (seq_ix=1242585024): 0.979644
  train  20/100 (seq_ix=2020986767): 0.687107
  train  21/100 (seq_ix=1299404002): 1.371239
  train  22/100 (seq_ix=2124682310): 0.389404
  train  23/100 (seq_ix=900872744): 0.699923
  train  24/100 (seq_ix=166523150): 0.586660
  train  25/100 (seq_ix=1616210265): 0.572731
  train  26/100 (seq_ix=169816067): 0.490211
  train  27/100 (seq_ix=1558422980): 0.688038
  train  28/100 (seq_ix=2076214668): 1.001922
  train  29/100 (seq_ix=793321424): 0.416645
  train  30/100 (seq_ix=1181513046): 0.876480
  train  31/100 (seq_ix=1993728896): 0.645613
  train  32/100 (seq_ix=1891016047): 0.632028
  train  33/100 (seq_ix=1661941497): 1.480556
  train  34/100 (seq_ix=1954537312): 0.667526
  train  35/100 (seq_ix=1875296450): 0.836819
  train  36/100 (seq_ix=1861265528): 0.688211
  train  37/100 (seq_ix=1536432553): 1.025034
  train  38/100 (seq_ix=1190375104): 0.505635
  train  39/100 (seq_ix=1984276013): 0.409522
  train  40/100 (seq_ix=554796223): 0.492479
  train  41/100 (seq_ix=1920739216): 0.202758
  train  42/100 (seq_ix=1125234681): 0.373772
  train  43/100 (seq_ix=2035564581): 0.637799
  train  44/100 (seq_ix=2009925233): 1.272390
  train  45/100 (seq_ix=440944124): 0.876239
  train  46/100 (seq_ix=2061624706): 1.225547
  train  47/100 (seq_ix=892616012): 0.441417
  train  48/100 (seq_ix=2091756591): 1.072946
  train  49/100 (seq_ix=794669342): 0.636918
  train  50/100 (seq_ix=838147554): 2.622983
  train  51/100 (seq_ix=224084042): 0.289694
  train  52/100 (seq_ix=603743424): 1.356692
  train  53/100 (seq_ix=1422297712): 1.024923
  train  54/100 (seq_ix=574766713): 0.389941
  train  55/100 (seq_ix=1024616050): 1.360910
  train  56/100 (seq_ix=945297869): 0.814305
  train  57/100 (seq_ix=1620823563): 0.596033
  train  58/100 (seq_ix=1734663822): 0.794526
  train  59/100 (seq_ix=11648220): 0.721416
  train  60/100 (seq_ix=161615974): 1.205109
  train  61/100 (seq_ix=1857215576): 0.417422
  train  62/100 (seq_ix=1316485909): 0.331693
  train  63/100 (seq_ix=543427545): 1.800412
  train  64/100 (seq_ix=454825559): 0.780996
  train  65/100 (seq_ix=1060570346): 0.662330
  train  66/100 (seq_ix=2127852642): 0.758865
  train  67/100 (seq_ix=1181030253): 0.256721
  train  68/100 (seq_ix=22603860): 0.886694
  train  69/100 (seq_ix=438826393): 0.211205
  train  70/100 (seq_ix=339120526): 0.913772
  train  71/100 (seq_ix=1386612278): 0.577973
  train  72/100 (seq_ix=1217617503): 1.091640
  train  73/100 (seq_ix=893903801): 0.522432
  train  74/100 (seq_ix=573516403): 0.381983
  train  75/100 (seq_ix=741433073): 2.175942
  train  76/100 (seq_ix=1596943199): 0.650237
  train  77/100 (seq_ix=961940615): 1.351655
  train  78/100 (seq_ix=1872335189): 1.267481
  train  79/100 (seq_ix=637966516): 1.107211
  train  80/100 (seq_ix=2093658216): 1.782310
  train  81/100 (seq_ix=1068499374): 0.460850
  train  82/100 (seq_ix=1718939767): 0.843833
  train  83/100 (seq_ix=1748421619): 1.634829
  train  84/100 (seq_ix=1415113030): 0.976344
  train  85/100 (seq_ix=1236699497): 2.085873
  train  86/100 (seq_ix=372181850): 0.562336
  train  87/100 (seq_ix=1688142063): 1.034822
  train  88/100 (seq_ix=534041470): 0.167341
  train  89/100 (seq_ix=1036563475): 0.348772
  train  90/100 (seq_ix=422397392): 0.905771
  train  91/100 (seq_ix=159012369): 0.868631
  train  92/100 (seq_ix=551549935): 0.491121
  train  93/100 (seq_ix=1848114048): 0.974309
  train  94/100 (seq_ix=1741318143): 0.441297
  train  95/100 (seq_ix=675281486): 2.317281
  train  96/100 (seq_ix=898110762): 0.465830
  train  97/100 (seq_ix=1006830649): 0.703949
  train  98/100 (seq_ix=136704948): 0.359134
  train  99/100 (seq_ix=431995663): 0.462768
  train 100/100 (seq_ix=1902307434): 0.842898
Train mean loss: 0.844613
  valid   1/20 (seq_ix=180749831): 1.346273
  valid   2/20 (seq_ix=355898543): 0.814518
  valid   3/20 (seq_ix=705808958): 9.223671
  valid   4/20 (seq_ix=500271108): 1.631828
  valid   5/20 (seq_ix=1343217302): 1.119844
  valid   6/20 (seq_ix=909959284): 0.593590
  valid   7/20 (seq_ix=1702061024): 0.502470
  valid   8/20 (seq_ix=596544969): 1.459086
  valid   9/20 (seq_ix=1210015767): 0.313395
  valid  10/20 (seq_ix=1979857100): 0.760567
  valid  11/20 (seq_ix=125810080): 3.252414
  valid  12/20 (seq_ix=92307333): 1.315863
  valid  13/20 (seq_ix=482302805): 4.427472
  valid  14/20 (seq_ix=1416170278): 1.061705
  valid  15/20 (seq_ix=1675802868): 1.369079
  valid  16/20 (seq_ix=2043764292): 0.276066
  valid  17/20 (seq_ix=233220122): 0.704101
  valid  18/20 (seq_ix=1659498468): 0.902810
  valid  19/20 (seq_ix=1272271448): 0.239136
  valid  20/20 (seq_ix=1837760365): 0.831123
Validation mean loss: 1.607251
New best validation loss: 1.607251

Epoch 3/3
  train   1/100 (seq_ix=225652787): 1.142229
  train   2/100 (seq_ix=1164881438): 0.553967
  train   3/100 (seq_ix=1967513327): 0.729789
  train   4/100 (seq_ix=1260468996): 0.130321
  train   5/100 (seq_ix=40256537): 0.291339
  train   6/100 (seq_ix=1865536806): 1.074190
  train   7/100 (seq_ix=1069985558): 0.614769
  train   8/100 (seq_ix=893657349): 0.577245
  train   9/100 (seq_ix=1146893795): 0.212319
  train  10/100 (seq_ix=746679824): 1.252412
  train  11/100 (seq_ix=1524566408): 0.512471
  train  12/100 (seq_ix=1064886781): 0.657197
  train  13/100 (seq_ix=2112803082): 0.831614
  train  14/100 (seq_ix=119492795): 0.846425
  train  15/100 (seq_ix=1835911678): 1.244792
  train  16/100 (seq_ix=2024605638): 1.408622
  train  17/100 (seq_ix=1387531102): 1.718050
  train  18/100 (seq_ix=880367331): 1.340106
  train  19/100 (seq_ix=1242585024): 0.961692
  train  20/100 (seq_ix=2020986767): 0.682022
  train  21/100 (seq_ix=1299404002): 1.366038
  train  22/100 (seq_ix=2124682310): 0.377563
  train  23/100 (seq_ix=900872744): 0.687152
  train  24/100 (seq_ix=166523150): 0.571252
  train  25/100 (seq_ix=1616210265): 0.572932
  train  26/100 (seq_ix=169816067): 0.479860
  train  27/100 (seq_ix=1558422980): 0.666945
  train  28/100 (seq_ix=2076214668): 0.988754
  train  29/100 (seq_ix=793321424): 0.411836
  train  30/100 (seq_ix=1181513046): 0.868778
  train  31/100 (seq_ix=1993728896): 0.620613
  train  32/100 (seq_ix=1891016047): 0.629421
  train  33/100 (seq_ix=1661941497): 1.443515
  train  34/100 (seq_ix=1954537312): 0.659063
  train  35/100 (seq_ix=1875296450): 0.830361
  train  36/100 (seq_ix=1861265528): 0.669366
  train  37/100 (seq_ix=1536432553): 1.015825
  train  38/100 (seq_ix=1190375104): 0.483105
  train  39/100 (seq_ix=1984276013): 0.405539
  train  40/100 (seq_ix=554796223): 0.479132
  train  41/100 (seq_ix=1920739216): 0.192367
  train  42/100 (seq_ix=1125234681): 0.372430
  train  43/100 (seq_ix=2035564581): 0.623825
  train  44/100 (seq_ix=2009925233): 1.256759
  train  45/100 (seq_ix=440944124): 0.857010
  train  46/100 (seq_ix=2061624706): 1.215821
  train  47/100 (seq_ix=892616012): 0.434254
  train  48/100 (seq_ix=2091756591): 1.063957
  train  49/100 (seq_ix=794669342): 0.634132
  train  50/100 (seq_ix=838147554): 2.621588
  train  51/100 (seq_ix=224084042): 0.260619
  train  52/100 (seq_ix=603743424): 1.329344
  train  53/100 (seq_ix=1422297712): 1.002797
  train  54/100 (seq_ix=574766713): 0.383099
  train  55/100 (seq_ix=1024616050): 1.347226
  train  56/100 (seq_ix=945297869): 0.789246
  train  57/100 (seq_ix=1620823563): 0.572557
  train  58/100 (seq_ix=1734663822): 0.777478
  train  59/100 (seq_ix=11648220): 0.707229
  train  60/100 (seq_ix=161615974): 1.194580
  train  61/100 (seq_ix=1857215576): 0.393425
  train  62/100 (seq_ix=1316485909): 0.327683
  train  63/100 (seq_ix=543427545): 1.780082
  train  64/100 (seq_ix=454825559): 0.770944
  train  65/100 (seq_ix=1060570346): 0.655833
  train  66/100 (seq_ix=2127852642): 0.739708
  train  67/100 (seq_ix=1181030253): 0.253856
  train  68/100 (seq_ix=22603860): 0.880036
  train  69/100 (seq_ix=438826393): 0.205104
  train  70/100 (seq_ix=339120526): 0.904507
  train  71/100 (seq_ix=1386612278): 0.571897
  train  72/100 (seq_ix=1217617503): 1.090852
  train  73/100 (seq_ix=893903801): 0.515806
  train  74/100 (seq_ix=573516403): 0.398389
  train  75/100 (seq_ix=741433073): 2.192494
  train  76/100 (seq_ix=1596943199): 0.655164
  train  77/100 (seq_ix=961940615): 1.342017
  train  78/100 (seq_ix=1872335189): 1.253391
  train  79/100 (seq_ix=637966516): 1.116852
  train  80/100 (seq_ix=2093658216): 1.751300
  train  81/100 (seq_ix=1068499374): 0.447508
  train  82/100 (seq_ix=1718939767): 0.841042
  train  83/100 (seq_ix=1748421619): 1.624385
  train  84/100 (seq_ix=1415113030): 0.961538
  train  85/100 (seq_ix=1236699497): 2.063153
  train  86/100 (seq_ix=372181850): 0.547385
  train  87/100 (seq_ix=1688142063): 1.031420
  train  88/100 (seq_ix=534041470): 0.164755
  train  89/100 (seq_ix=1036563475): 0.363638
  train  90/100 (seq_ix=422397392): 0.903784
  train  91/100 (seq_ix=159012369): 0.869626
  train  92/100 (seq_ix=551549935): 0.471623
  train  93/100 (seq_ix=1848114048): 0.971347
  train  94/100 (seq_ix=1741318143): 0.435896
  train  95/100 (seq_ix=675281486): 2.300016
  train  96/100 (seq_ix=898110762): 0.462682
  train  97/100 (seq_ix=1006830649): 0.706599
  train  98/100 (seq_ix=136704948): 0.350599
  train  99/100 (seq_ix=431995663): 0.456993
  train 100/100 (seq_ix=1902307434): 0.843230
Train mean loss: 0.832615
  valid   1/20 (seq_ix=180749831): 1.327652
  valid   2/20 (seq_ix=355898543): 0.819091
  valid   3/20 (seq_ix=705808958): 9.287191
  valid   4/20 (seq_ix=500271108): 1.629320
  valid   5/20 (seq_ix=1343217302): 1.095133
  valid   6/20 (seq_ix=909959284): 0.576608
  valid   7/20 (seq_ix=1702061024): 0.507750
  valid   8/20 (seq_ix=596544969): 1.465226
  valid   9/20 (seq_ix=1210015767): 0.309543
  valid  10/20 (seq_ix=1979857100): 0.766603
  valid  11/20 (seq_ix=125810080): 3.263462
  valid  12/20 (seq_ix=92307333): 1.300547
  valid  13/20 (seq_ix=482302805): 4.391838
  valid  14/20 (seq_ix=1416170278): 1.037895
  valid  15/20 (seq_ix=1675802868): 1.328440
  valid  16/20 (seq_ix=2043764292): 0.272335
  valid  17/20 (seq_ix=233220122): 0.704425
  valid  18/20 (seq_ix=1659498468): 0.900237
  valid  19/20 (seq_ix=1272271448): 0.238637
  valid  20/20 (seq_ix=1837760365): 0.843812
Validation mean loss: 1.603287
New best validation loss: 1.603287

Elapsed time: 335.21 seconds
Best epoch: 3
Best validation MSE: 1.603287

Saved best checkpoint: results/baseline_seed0_split1234.pt
Saved results: results/baseline_seed0_split1234.json
