Device: cuda
GPU: NVIDIA RTX 5000 Ada Generation
Model: baseline
Parameters: 945602
Training sequences: 100
Validation sequences: 20

Epoch 1/3
  train   1/100 (seq_ix=225652787): 1.359301
  train   2/100 (seq_ix=1164881438): 0.667002
  train   3/100 (seq_ix=1967513327): 0.756463
  train   4/100 (seq_ix=1260468996): 0.169752
  train   5/100 (seq_ix=40256537): 0.358755
  train   6/100 (seq_ix=1865536806): 1.286179
  train   7/100 (seq_ix=1069985558): 0.712775
  train   8/100 (seq_ix=893657349): 0.661394
  train   9/100 (seq_ix=1146893795): 0.229784
  train  10/100 (seq_ix=746679824): 1.375038
  train  11/100 (seq_ix=1524566408): 0.500743
  train  12/100 (seq_ix=1064886781): 0.700326
  train  13/100 (seq_ix=2112803082): 0.863842
  train  14/100 (seq_ix=119492795): 0.883388
  train  15/100 (seq_ix=1835911678): 1.335127
  train  16/100 (seq_ix=2024605638): 1.524165
  train  17/100 (seq_ix=1387531102): 1.774511
  train  18/100 (seq_ix=880367331): 1.465487
  train  19/100 (seq_ix=1242585024): 1.092464
  train  20/100 (seq_ix=2020986767): 0.707503
  train  21/100 (seq_ix=1299404002): 1.359610
  train  22/100 (seq_ix=2124682310): 0.397396
  train  23/100 (seq_ix=900872744): 0.781567
  train  24/100 (seq_ix=166523150): 0.584455
  train  25/100 (seq_ix=1616210265): 0.600441
  train  26/100 (seq_ix=169816067): 0.515701
  train  27/100 (seq_ix=1558422980): 0.715356
  train  28/100 (seq_ix=2076214668): 1.042566
  train  29/100 (seq_ix=793321424): 0.431359
  train  30/100 (seq_ix=1181513046): 0.892563
  train  31/100 (seq_ix=1993728896): 0.706217
  train  32/100 (seq_ix=1891016047): 0.648408
  train  33/100 (seq_ix=1661941497): 1.547990
  train  34/100 (seq_ix=1954537312): 0.641661
  train  35/100 (seq_ix=1875296450): 0.865347
  train  36/100 (seq_ix=1861265528): 0.686471
  train  37/100 (seq_ix=1536432553): 1.037807
  train  38/100 (seq_ix=1190375104): 0.600096
  train  39/100 (seq_ix=1984276013): 0.427121
  train  40/100 (seq_ix=554796223): 0.507082
  train  41/100 (seq_ix=1920739216): 0.210246
  train  42/100 (seq_ix=1125234681): 0.416872
  train  43/100 (seq_ix=2035564581): 0.663045
  train  44/100 (seq_ix=2009925233): 1.273574
  train  45/100 (seq_ix=440944124): 0.944796
  train  46/100 (seq_ix=2061624706): 1.263185
  train  47/100 (seq_ix=892616012): 0.455360
  train  48/100 (seq_ix=2091756591): 1.099067
  train  49/100 (seq_ix=794669342): 0.664838
  train  50/100 (seq_ix=838147554): 2.618381
  train  51/100 (seq_ix=224084042): 0.312803
  train  52/100 (seq_ix=603743424): 1.377348
  train  53/100 (seq_ix=1422297712): 1.052287
  train  54/100 (seq_ix=574766713): 0.391763
  train  55/100 (seq_ix=1024616050): 1.385566
  train  56/100 (seq_ix=945297869): 0.842231
  train  57/100 (seq_ix=1620823563): 0.630253
  train  58/100 (seq_ix=1734663822): 0.807610
  train  59/100 (seq_ix=11648220): 0.800151
  train  60/100 (seq_ix=161615974): 1.277837
  train  61/100 (seq_ix=1857215576): 0.498943
  train  62/100 (seq_ix=1316485909): 0.344959
  train  63/100 (seq_ix=543427545): 1.845452
  train  64/100 (seq_ix=454825559): 0.793131
  train  65/100 (seq_ix=1060570346): 0.677650
  train  66/100 (seq_ix=2127852642): 0.777339
  train  67/100 (seq_ix=1181030253): 0.284045
  train  68/100 (seq_ix=22603860): 0.906960
  train  69/100 (seq_ix=438826393): 0.202682
  train  70/100 (seq_ix=339120526): 0.931156
  train  71/100 (seq_ix=1386612278): 0.595949
  train  72/100 (seq_ix=1217617503): 1.093322
  train  73/100 (seq_ix=893903801): 0.571719
  train  74/100 (seq_ix=573516403): 0.385517
  train  75/100 (seq_ix=741433073): 2.188743
  train  76/100 (seq_ix=1596943199): 0.673051
  train  77/100 (seq_ix=961940615): 1.368635
  train  78/100 (seq_ix=1872335189): 1.283156
  train  79/100 (seq_ix=637966516): 1.147919
  train  80/100 (seq_ix=2093658216): 1.791298
  train  81/100 (seq_ix=1068499374): 0.459312
  train  82/100 (seq_ix=1718939767): 0.862777
  train  83/100 (seq_ix=1748421619): 1.637540
  train  84/100 (seq_ix=1415113030): 1.006922
  train  85/100 (seq_ix=1236699497): 2.104851
  train  86/100 (seq_ix=372181850): 0.564654
  train  87/100 (seq_ix=1688142063): 1.066725
  train  88/100 (seq_ix=534041470): 0.171766
  train  89/100 (seq_ix=1036563475): 0.379751
  train  90/100 (seq_ix=422397392): 0.914902
  train  91/100 (seq_ix=159012369): 0.888682
  train  92/100 (seq_ix=551549935): 0.486242
  train  93/100 (seq_ix=1848114048): 0.966247
  train  94/100 (seq_ix=1741318143): 0.454186
  train  95/100 (seq_ix=675281486): 2.336753
  train  96/100 (seq_ix=898110762): 0.471555
  train  97/100 (seq_ix=1006830649): 0.721160
  train  98/100 (seq_ix=136704948): 0.368062
  train  99/100 (seq_ix=431995663): 0.475672
  train 100/100 (seq_ix=1902307434): 0.849221
Train mean loss: 0.874490
  valid   1/20 (seq_ix=180749831): 1.377425
  valid   2/20 (seq_ix=355898543): 0.807320
  valid   3/20 (seq_ix=705808958): 9.558260
  valid   4/20 (seq_ix=500271108): 1.632649
  valid   5/20 (seq_ix=1343217302): 1.162719
  valid   6/20 (seq_ix=909959284): 0.605317
  valid   7/20 (seq_ix=1702061024): 0.523501
  valid   8/20 (seq_ix=596544969): 1.450543
  valid   9/20 (seq_ix=1210015767): 0.324363
  valid  10/20 (seq_ix=1979857100): 0.749112
  valid  11/20 (seq_ix=125810080): 3.241903
  valid  12/20 (seq_ix=92307333): 1.345832
  valid  13/20 (seq_ix=482302805): 4.547468
  valid  14/20 (seq_ix=1416170278): 1.091061
  valid  15/20 (seq_ix=1675802868): 1.472565
  valid  16/20 (seq_ix=2043764292): 0.260072
  valid  17/20 (seq_ix=233220122): 0.716281
  valid  18/20 (seq_ix=1659498468): 0.935734
  valid  19/20 (seq_ix=1272271448): 0.241007
  valid  20/20 (seq_ix=1837760365): 0.784950
Validation mean loss: 1.641404
New best validation loss: 1.641404

Epoch 2/3
  train   1/100 (seq_ix=225652787): 1.179312
  train   2/100 (seq_ix=1164881438): 0.573937
  train   3/100 (seq_ix=1967513327): 0.717127
  train   4/100 (seq_ix=1260468996): 0.121987
  train   5/100 (seq_ix=40256537): 0.295635
  train   6/100 (seq_ix=1865536806): 1.116428
  train   7/100 (seq_ix=1069985558): 0.629841
  train   8/100 (seq_ix=893657349): 0.591357
  train   9/100 (seq_ix=1146893795): 0.200062
  train  10/100 (seq_ix=746679824): 1.277762
  train  11/100 (seq_ix=1524566408): 0.506839
  train  12/100 (seq_ix=1064886781): 0.666212
  train  13/100 (seq_ix=2112803082): 0.838822
  train  14/100 (seq_ix=119492795): 0.847381
  train  15/100 (seq_ix=1835911678): 1.253916
  train  16/100 (seq_ix=2024605638): 1.453196
  train  17/100 (seq_ix=1387531102): 1.732365
  train  18/100 (seq_ix=880367331): 1.354653
  train  19/100 (seq_ix=1242585024): 0.977221
  train  20/100 (seq_ix=2020986767): 0.689221
  train  21/100 (seq_ix=1299404002): 1.358008
  train  22/100 (seq_ix=2124682310): 0.376289
  train  23/100 (seq_ix=900872744): 0.694193
  train  24/100 (seq_ix=166523150): 0.583623
  train  25/100 (seq_ix=1616210265): 0.586796
  train  26/100 (seq_ix=169816067): 0.488601
  train  27/100 (seq_ix=1558422980): 0.678448
  train  28/100 (seq_ix=2076214668): 1.006388
  train  29/100 (seq_ix=793321424): 0.399471
  train  30/100 (seq_ix=1181513046): 0.898652
  train  31/100 (seq_ix=1993728896): 0.637024
  train  32/100 (seq_ix=1891016047): 0.630874
  train  33/100 (seq_ix=1661941497): 1.471122
  train  34/100 (seq_ix=1954537312): 0.645428
  train  35/100 (seq_ix=1875296450): 0.836805
  train  36/100 (seq_ix=1861265528): 0.697620
  train  37/100 (seq_ix=1536432553): 1.027250
  train  38/100 (seq_ix=1190375104): 0.505978
  train  39/100 (seq_ix=1984276013): 0.407207
  train  40/100 (seq_ix=554796223): 0.479122
  train  41/100 (seq_ix=1920739216): 0.207742
  train  42/100 (seq_ix=1125234681): 0.378044
  train  43/100 (seq_ix=2035564581): 0.639039
  train  44/100 (seq_ix=2009925233): 1.251264
  train  45/100 (seq_ix=440944124): 0.877174
  train  46/100 (seq_ix=2061624706): 1.239008
  train  47/100 (seq_ix=892616012): 0.431460
  train  48/100 (seq_ix=2091756591): 1.089095
  train  49/100 (seq_ix=794669342): 0.640728
  train  50/100 (seq_ix=838147554): 2.621213
  train  51/100 (seq_ix=224084042): 0.272691
  train  52/100 (seq_ix=603743424): 1.351239
  train  53/100 (seq_ix=1422297712): 1.000051
  train  54/100 (seq_ix=574766713): 0.380169
  train  55/100 (seq_ix=1024616050): 1.356752
  train  56/100 (seq_ix=945297869): 0.847421
  train  57/100 (seq_ix=1620823563): 0.590381
  train  58/100 (seq_ix=1734663822): 0.781269
  train  59/100 (seq_ix=11648220): 0.726275
  train  60/100 (seq_ix=161615974): 1.213155
  train  61/100 (seq_ix=1857215576): 0.440501
  train  62/100 (seq_ix=1316485909): 0.336492
  train  63/100 (seq_ix=543427545): 1.792392
  train  64/100 (seq_ix=454825559): 0.763845
  train  65/100 (seq_ix=1060570346): 0.679627
  train  66/100 (seq_ix=2127852642): 0.763999
  train  67/100 (seq_ix=1181030253): 0.259983
  train  68/100 (seq_ix=22603860): 0.894039
  train  69/100 (seq_ix=438826393): 0.198841
  train  70/100 (seq_ix=339120526): 0.915243
  train  71/100 (seq_ix=1386612278): 0.574648
  train  72/100 (seq_ix=1217617503): 1.082593
  train  73/100 (seq_ix=893903801): 0.535094
  train  74/100 (seq_ix=573516403): 0.376711
  train  75/100 (seq_ix=741433073): 2.182609
  train  76/100 (seq_ix=1596943199): 0.635502
  train  77/100 (seq_ix=961940615): 1.358491
  train  78/100 (seq_ix=1872335189): 1.262315
  train  79/100 (seq_ix=637966516): 1.147991
  train  80/100 (seq_ix=2093658216): 1.760179
  train  81/100 (seq_ix=1068499374): 0.444098
  train  82/100 (seq_ix=1718939767): 0.847548
  train  83/100 (seq_ix=1748421619): 1.612029
  train  84/100 (seq_ix=1415113030): 0.944415
  train  85/100 (seq_ix=1236699497): 2.077042
  train  86/100 (seq_ix=372181850): 0.549360
  train  87/100 (seq_ix=1688142063): 1.051209
  train  88/100 (seq_ix=534041470): 0.170349
  train  89/100 (seq_ix=1036563475): 0.363862
  train  90/100 (seq_ix=422397392): 0.910927
  train  91/100 (seq_ix=159012369): 0.860373
  train  92/100 (seq_ix=551549935): 0.478164
  train  93/100 (seq_ix=1848114048): 0.985698
  train  94/100 (seq_ix=1741318143): 0.445629
  train  95/100 (seq_ix=675281486): 2.317615
  train  96/100 (seq_ix=898110762): 0.462012
  train  97/100 (seq_ix=1006830649): 0.714211
  train  98/100 (seq_ix=136704948): 0.355701
  train  99/100 (seq_ix=431995663): 0.468088
  train 100/100 (seq_ix=1902307434): 0.854276
Train mean loss: 0.842000
  valid   1/20 (seq_ix=180749831): 1.338613
  valid   2/20 (seq_ix=355898543): 0.826586
  valid   3/20 (seq_ix=705808958): 9.494328
  valid   4/20 (seq_ix=500271108): 1.626705
  valid   5/20 (seq_ix=1343217302): 1.115941
  valid   6/20 (seq_ix=909959284): 0.583919
  valid   7/20 (seq_ix=1702061024): 0.514363
  valid   8/20 (seq_ix=596544969): 1.449300
  valid   9/20 (seq_ix=1210015767): 0.307895
  valid  10/20 (seq_ix=1979857100): 0.742380
  valid  11/20 (seq_ix=125810080): 3.241492
  valid  12/20 (seq_ix=92307333): 1.339654
  valid  13/20 (seq_ix=482302805): 4.434983
  valid  14/20 (seq_ix=1416170278): 1.054657
  valid  15/20 (seq_ix=1675802868): 1.408560
  valid  16/20 (seq_ix=2043764292): 0.262125
  valid  17/20 (seq_ix=233220122): 0.712176
  valid  18/20 (seq_ix=1659498468): 0.909987
  valid  19/20 (seq_ix=1272271448): 0.233562
  valid  20/20 (seq_ix=1837760365): 0.808962
Validation mean loss: 1.620309
New best validation loss: 1.620309

Epoch 3/3
  train   1/100 (seq_ix=225652787): 1.134044
  train   2/100 (seq_ix=1164881438): 0.551143
  train   3/100 (seq_ix=1967513327): 0.722405
  train   4/100 (seq_ix=1260468996): 0.142767
  train   5/100 (seq_ix=40256537): 0.291512
  train   6/100 (seq_ix=1865536806): 1.116467
  train   7/100 (seq_ix=1069985558): 0.610170
  train   8/100 (seq_ix=893657349): 0.564068
  train   9/100 (seq_ix=1146893795): 0.208320
  train  10/100 (seq_ix=746679824): 1.247500
  train  11/100 (seq_ix=1524566408): 0.478534
  train  12/100 (seq_ix=1064886781): 0.676056
  train  13/100 (seq_ix=2112803082): 0.833454
  train  14/100 (seq_ix=119492795): 0.857847
  train  15/100 (seq_ix=1835911678): 1.260445
  train  16/100 (seq_ix=2024605638): 1.424797
  train  17/100 (seq_ix=1387531102): 1.709589
  train  18/100 (seq_ix=880367331): 1.291432
  train  19/100 (seq_ix=1242585024): 0.957911
  train  20/100 (seq_ix=2020986767): 0.675198
  train  21/100 (seq_ix=1299404002): 1.366916
  train  22/100 (seq_ix=2124682310): 0.375348
  train  23/100 (seq_ix=900872744): 0.677235
  train  24/100 (seq_ix=166523150): 0.576596
  train  25/100 (seq_ix=1616210265): 0.573451
  train  26/100 (seq_ix=169816067): 0.479422
  train  27/100 (seq_ix=1558422980): 0.668099
  train  28/100 (seq_ix=2076214668): 0.995099
  train  29/100 (seq_ix=793321424): 0.396642
  train  30/100 (seq_ix=1181513046): 0.877720
  train  31/100 (seq_ix=1993728896): 0.612028
  train  32/100 (seq_ix=1891016047): 0.627949
  train  33/100 (seq_ix=1661941497): 1.441244
  train  34/100 (seq_ix=1954537312): 0.660739
  train  35/100 (seq_ix=1875296450): 0.824095
  train  36/100 (seq_ix=1861265528): 0.671585
  train  37/100 (seq_ix=1536432553): 1.013266
  train  38/100 (seq_ix=1190375104): 0.465272
  train  39/100 (seq_ix=1984276013): 0.403067
  train  40/100 (seq_ix=554796223): 0.475538
  train  41/100 (seq_ix=1920739216): 0.185276
  train  42/100 (seq_ix=1125234681): 0.383284
  train  43/100 (seq_ix=2035564581): 0.617864
  train  44/100 (seq_ix=2009925233): 1.238952
  train  45/100 (seq_ix=440944124): 0.851632
  train  46/100 (seq_ix=2061624706): 1.224612
  train  47/100 (seq_ix=892616012): 0.421170
  train  48/100 (seq_ix=2091756591): 1.073240
  train  49/100 (seq_ix=794669342): 0.627987
  train  50/100 (seq_ix=838147554): 2.619224
  train  51/100 (seq_ix=224084042): 0.249681
  train  52/100 (seq_ix=603743424): 1.347148
  train  53/100 (seq_ix=1422297712): 0.973154
  train  54/100 (seq_ix=574766713): 0.375887
  train  55/100 (seq_ix=1024616050): 1.348005
  train  56/100 (seq_ix=945297869): 0.839638
  train  57/100 (seq_ix=1620823563): 0.573883
  train  58/100 (seq_ix=1734663822): 0.776951
  train  59/100 (seq_ix=11648220): 0.718669
  train  60/100 (seq_ix=161615974): 1.214059
  train  61/100 (seq_ix=1857215576): 0.390954
  train  62/100 (seq_ix=1316485909): 0.326108
  train  63/100 (seq_ix=543427545): 1.772948
  train  64/100 (seq_ix=454825559): 0.737633
  train  65/100 (seq_ix=1060570346): 0.713853
  train  66/100 (seq_ix=2127852642): 0.718817
  train  67/100 (seq_ix=1181030253): 0.248522
  train  68/100 (seq_ix=22603860): 0.862051
  train  69/100 (seq_ix=438826393): 0.193615
  train  70/100 (seq_ix=339120526): 0.910021
  train  71/100 (seq_ix=1386612278): 0.570234
  train  72/100 (seq_ix=1217617503): 1.084583
  train  73/100 (seq_ix=893903801): 0.515220
  train  74/100 (seq_ix=573516403): 0.370045
  train  75/100 (seq_ix=741433073): 2.178570
  train  76/100 (seq_ix=1596943199): 0.642256
  train  77/100 (seq_ix=961940615): 1.357570
  train  78/100 (seq_ix=1872335189): 1.252755
  train  79/100 (seq_ix=637966516): 1.128708
  train  80/100 (seq_ix=2093658216): 1.742023
  train  81/100 (seq_ix=1068499374): 0.434012
  train  82/100 (seq_ix=1718939767): 0.840033
  train  83/100 (seq_ix=1748421619): 1.599516
  train  84/100 (seq_ix=1415113030): 0.934866
  train  85/100 (seq_ix=1236699497): 2.063745
  train  86/100 (seq_ix=372181850): 0.545351
  train  87/100 (seq_ix=1688142063): 1.038457
  train  88/100 (seq_ix=534041470): 0.159048
  train  89/100 (seq_ix=1036563475): 0.362810
  train  90/100 (seq_ix=422397392): 0.900971
  train  91/100 (seq_ix=159012369): 0.847994
  train  92/100 (seq_ix=551549935): 0.470197
  train  93/100 (seq_ix=1848114048): 0.984983
  train  94/100 (seq_ix=1741318143): 0.441864
  train  95/100 (seq_ix=675281486): 2.313342
  train  96/100 (seq_ix=898110762): 0.456323
  train  97/100 (seq_ix=1006830649): 0.700429
  train  98/100 (seq_ix=136704948): 0.351431
  train  99/100 (seq_ix=431995663): 0.462807
  train 100/100 (seq_ix=1902307434): 0.853000
Train mean loss: 0.830730
  valid   1/20 (seq_ix=180749831): 1.300370
  valid   2/20 (seq_ix=355898543): 0.833346
  valid   3/20 (seq_ix=705808958): 9.401783
  valid   4/20 (seq_ix=500271108): 1.620686
  valid   5/20 (seq_ix=1343217302): 1.096806
  valid   6/20 (seq_ix=909959284): 0.579542
  valid   7/20 (seq_ix=1702061024): 0.520813
  valid   8/20 (seq_ix=596544969): 1.456847
  valid   9/20 (seq_ix=1210015767): 0.306149
  valid  10/20 (seq_ix=1979857100): 0.739627
  valid  11/20 (seq_ix=125810080): 3.252373
  valid  12/20 (seq_ix=92307333): 1.349030
  valid  13/20 (seq_ix=482302805): 4.411685
  valid  14/20 (seq_ix=1416170278): 1.047783
  valid  15/20 (seq_ix=1675802868): 1.387606
  valid  16/20 (seq_ix=2043764292): 0.265583
  valid  17/20 (seq_ix=233220122): 0.702426
  valid  18/20 (seq_ix=1659498468): 0.905463
  valid  19/20 (seq_ix=1272271448): 0.234229
  valid  20/20 (seq_ix=1837760365): 0.812553
Validation mean loss: 1.611235
New best validation loss: 1.611235

Elapsed time: 346.86 seconds
Best epoch: 3
Best validation MSE: 1.611235

Saved best checkpoint: results/baseline_seed2_split1234.pt
Saved results: results/baseline_seed2_split1234.json
