Device: cuda
GPU: NVIDIA RTX 5000 Ada Generation
Model: looped
Parameters: 317890
Training sequences: 100
Validation sequences: 20

Epoch 1/3
  train   1/100 (seq_ix=225652787): 1.613907
  train   2/100 (seq_ix=1164881438): 0.698252
  train   3/100 (seq_ix=1967513327): 0.805017
  train   4/100 (seq_ix=1260468996): 0.144464
  train   5/100 (seq_ix=40256537): 0.377878
  train   6/100 (seq_ix=1865536806): 1.260333
  train   7/100 (seq_ix=1069985558): 0.706067
  train   8/100 (seq_ix=893657349): 0.649111
  train   9/100 (seq_ix=1146893795): 0.226544
  train  10/100 (seq_ix=746679824): 1.361226
  train  11/100 (seq_ix=1524566408): 0.578405
  train  12/100 (seq_ix=1064886781): 0.658043
  train  13/100 (seq_ix=2112803082): 0.912062
  train  14/100 (seq_ix=119492795): 0.880305
  train  15/100 (seq_ix=1835911678): 1.390135
  train  16/100 (seq_ix=2024605638): 1.501688
  train  17/100 (seq_ix=1387531102): 1.801462
  train  18/100 (seq_ix=880367331): 1.523038
  train  19/100 (seq_ix=1242585024): 1.063376
  train  20/100 (seq_ix=2020986767): 0.691891
  train  21/100 (seq_ix=1299404002): 1.391097
  train  22/100 (seq_ix=2124682310): 0.400397
  train  23/100 (seq_ix=900872744): 0.773575
  train  24/100 (seq_ix=166523150): 0.603297
  train  25/100 (seq_ix=1616210265): 0.608048
  train  26/100 (seq_ix=169816067): 0.526216
  train  27/100 (seq_ix=1558422980): 0.730010
  train  28/100 (seq_ix=2076214668): 1.060711
  train  29/100 (seq_ix=793321424): 0.430786
  train  30/100 (seq_ix=1181513046): 0.852963
  train  31/100 (seq_ix=1993728896): 0.675576
  train  32/100 (seq_ix=1891016047): 0.657489
  train  33/100 (seq_ix=1661941497): 1.551743
  train  34/100 (seq_ix=1954537312): 0.672749
  train  35/100 (seq_ix=1875296450): 0.861240
  train  36/100 (seq_ix=1861265528): 0.676743
  train  37/100 (seq_ix=1536432553): 1.030063
  train  38/100 (seq_ix=1190375104): 0.601616
  train  39/100 (seq_ix=1984276013): 0.427440
  train  40/100 (seq_ix=554796223): 0.513128
  train  41/100 (seq_ix=1920739216): 0.235357
  train  42/100 (seq_ix=1125234681): 0.398115
  train  43/100 (seq_ix=2035564581): 0.659725
  train  44/100 (seq_ix=2009925233): 1.259474
  train  45/100 (seq_ix=440944124): 0.938676
  train  46/100 (seq_ix=2061624706): 1.231028
  train  47/100 (seq_ix=892616012): 0.470297
  train  48/100 (seq_ix=2091756591): 1.069555
  train  49/100 (seq_ix=794669342): 0.651113
  train  50/100 (seq_ix=838147554): 2.657930
  train  51/100 (seq_ix=224084042): 0.305891
  train  52/100 (seq_ix=603743424): 1.374634
  train  53/100 (seq_ix=1422297712): 1.056895
  train  54/100 (seq_ix=574766713): 0.404539
  train  55/100 (seq_ix=1024616050): 1.371895
  train  56/100 (seq_ix=945297869): 0.834375
  train  57/100 (seq_ix=1620823563): 0.621677
  train  58/100 (seq_ix=1734663822): 0.822840
  train  59/100 (seq_ix=11648220): 0.763144
  train  60/100 (seq_ix=161615974): 1.259203
  train  61/100 (seq_ix=1857215576): 0.523574
  train  62/100 (seq_ix=1316485909): 0.348985
  train  63/100 (seq_ix=543427545): 1.783983
  train  64/100 (seq_ix=454825559): 0.805014
  train  65/100 (seq_ix=1060570346): 0.698692
  train  66/100 (seq_ix=2127852642): 0.770966
  train  67/100 (seq_ix=1181030253): 0.280847
  train  68/100 (seq_ix=22603860): 0.905165
  train  69/100 (seq_ix=438826393): 0.226150
  train  70/100 (seq_ix=339120526): 0.937545
  train  71/100 (seq_ix=1386612278): 0.592968
  train  72/100 (seq_ix=1217617503): 1.088168
  train  73/100 (seq_ix=893903801): 0.529149
  train  74/100 (seq_ix=573516403): 0.378523
  train  75/100 (seq_ix=741433073): 2.196040
  train  76/100 (seq_ix=1596943199): 0.664718
  train  77/100 (seq_ix=961940615): 1.355244
  train  78/100 (seq_ix=1872335189): 1.288858
  train  79/100 (seq_ix=637966516): 1.150170
  train  80/100 (seq_ix=2093658216): 1.789694
  train  81/100 (seq_ix=1068499374): 0.463680
  train  82/100 (seq_ix=1718939767): 0.841949
  train  83/100 (seq_ix=1748421619): 1.682644
  train  84/100 (seq_ix=1415113030): 1.000365
  train  85/100 (seq_ix=1236699497): 2.103407
  train  86/100 (seq_ix=372181850): 0.574948
  train  87/100 (seq_ix=1688142063): 1.065464
  train  88/100 (seq_ix=534041470): 0.179843
  train  89/100 (seq_ix=1036563475): 0.354333
  train  90/100 (seq_ix=422397392): 0.927445
  train  91/100 (seq_ix=159012369): 0.922774
  train  92/100 (seq_ix=551549935): 0.518227
  train  93/100 (seq_ix=1848114048): 0.968019
  train  94/100 (seq_ix=1741318143): 0.467148
  train  95/100 (seq_ix=675281486): 2.323537
  train  96/100 (seq_ix=898110762): 0.471695
  train  97/100 (seq_ix=1006830649): 0.725597
  train  98/100 (seq_ix=136704948): 0.371332
  train  99/100 (seq_ix=431995663): 0.471672
  train 100/100 (seq_ix=1902307434): 0.843455
Train mean loss: 0.878664
  valid   1/20 (seq_ix=180749831): 1.369096
  valid   2/20 (seq_ix=355898543): 0.798692
  valid   3/20 (seq_ix=705808958): 9.375942
  valid   4/20 (seq_ix=500271108): 1.631181
  valid   5/20 (seq_ix=1343217302): 1.108769
  valid   6/20 (seq_ix=909959284): 0.600445
  valid   7/20 (seq_ix=1702061024): 0.489518
  valid   8/20 (seq_ix=596544969): 1.497452
  valid   9/20 (seq_ix=1210015767): 0.318010
  valid  10/20 (seq_ix=1979857100): 0.737321
  valid  11/20 (seq_ix=125810080): 3.184232
  valid  12/20 (seq_ix=92307333): 1.332356
  valid  13/20 (seq_ix=482302805): 4.586399
  valid  14/20 (seq_ix=1416170278): 1.071713
  valid  15/20 (seq_ix=1675802868): 1.357542
  valid  16/20 (seq_ix=2043764292): 0.268303
  valid  17/20 (seq_ix=233220122): 0.737436
  valid  18/20 (seq_ix=1659498468): 0.942432
  valid  19/20 (seq_ix=1272271448): 0.233270
  valid  20/20 (seq_ix=1837760365): 0.839269
Validation mean loss: 1.623969
New best validation loss: 1.623969

Epoch 2/3
  train   1/100 (seq_ix=225652787): 1.164375
  train   2/100 (seq_ix=1164881438): 0.584444
  train   3/100 (seq_ix=1967513327): 0.748202
  train   4/100 (seq_ix=1260468996): 0.126350
  train   5/100 (seq_ix=40256537): 0.298373
  train   6/100 (seq_ix=1865536806): 1.112014
  train   7/100 (seq_ix=1069985558): 0.636342
  train   8/100 (seq_ix=893657349): 0.581191
  train   9/100 (seq_ix=1146893795): 0.204228
  train  10/100 (seq_ix=746679824): 1.270435
  train  11/100 (seq_ix=1524566408): 0.545724
  train  12/100 (seq_ix=1064886781): 0.665818
  train  13/100 (seq_ix=2112803082): 0.852132
  train  14/100 (seq_ix=119492795): 0.848838
  train  15/100 (seq_ix=1835911678): 1.271004
  train  16/100 (seq_ix=2024605638): 1.441050
  train  17/100 (seq_ix=1387531102): 1.728045
  train  18/100 (seq_ix=880367331): 1.409954
  train  19/100 (seq_ix=1242585024): 0.989938
  train  20/100 (seq_ix=2020986767): 0.674998
  train  21/100 (seq_ix=1299404002): 1.379918
  train  22/100 (seq_ix=2124682310): 0.387742
  train  23/100 (seq_ix=900872744): 0.709785
  train  24/100 (seq_ix=166523150): 0.597104
  train  25/100 (seq_ix=1616210265): 0.583135
  train  26/100 (seq_ix=169816067): 0.499000
  train  27/100 (seq_ix=1558422980): 0.689570
  train  28/100 (seq_ix=2076214668): 1.022004
  train  29/100 (seq_ix=793321424): 0.400328
  train  30/100 (seq_ix=1181513046): 0.866286
  train  31/100 (seq_ix=1993728896): 0.660685
  train  32/100 (seq_ix=1891016047): 0.634096
  train  33/100 (seq_ix=1661941497): 1.496114
  train  34/100 (seq_ix=1954537312): 0.654866
  train  35/100 (seq_ix=1875296450): 0.833008
  train  36/100 (seq_ix=1861265528): 0.695890
  train  37/100 (seq_ix=1536432553): 1.023804
  train  38/100 (seq_ix=1190375104): 0.502408
  train  39/100 (seq_ix=1984276013): 0.410113
  train  40/100 (seq_ix=554796223): 0.482316
  train  41/100 (seq_ix=1920739216): 0.205781
  train  42/100 (seq_ix=1125234681): 0.376295
  train  43/100 (seq_ix=2035564581): 0.643448
  train  44/100 (seq_ix=2009925233): 1.251152
  train  45/100 (seq_ix=440944124): 0.898881
  train  46/100 (seq_ix=2061624706): 1.207061
  train  47/100 (seq_ix=892616012): 0.441168
  train  48/100 (seq_ix=2091756591): 1.050687
  train  49/100 (seq_ix=794669342): 0.647553
  train  50/100 (seq_ix=838147554): 2.641340
  train  51/100 (seq_ix=224084042): 0.273525
  train  52/100 (seq_ix=603743424): 1.354742
  train  53/100 (seq_ix=1422297712): 1.029994
  train  54/100 (seq_ix=574766713): 0.393344
  train  55/100 (seq_ix=1024616050): 1.366656
  train  56/100 (seq_ix=945297869): 0.833209
  train  57/100 (seq_ix=1620823563): 0.586101
  train  58/100 (seq_ix=1734663822): 0.791201
  train  59/100 (seq_ix=11648220): 0.733583
  train  60/100 (seq_ix=161615974): 1.207350
  train  61/100 (seq_ix=1857215576): 0.461758
  train  62/100 (seq_ix=1316485909): 0.333300
  train  63/100 (seq_ix=543427545): 1.786983
  train  64/100 (seq_ix=454825559): 0.782538
  train  65/100 (seq_ix=1060570346): 0.663737
  train  66/100 (seq_ix=2127852642): 0.760804
  train  67/100 (seq_ix=1181030253): 0.266947
  train  68/100 (seq_ix=22603860): 0.889951
  train  69/100 (seq_ix=438826393): 0.210606
  train  70/100 (seq_ix=339120526): 0.923247
  train  71/100 (seq_ix=1386612278): 0.574606
  train  72/100 (seq_ix=1217617503): 1.093652
  train  73/100 (seq_ix=893903801): 0.525785
  train  74/100 (seq_ix=573516403): 0.385415
  train  75/100 (seq_ix=741433073): 2.185689
  train  76/100 (seq_ix=1596943199): 0.655628
  train  77/100 (seq_ix=961940615): 1.338769
  train  78/100 (seq_ix=1872335189): 1.270058
  train  79/100 (seq_ix=637966516): 1.129365
  train  80/100 (seq_ix=2093658216): 1.761077
  train  81/100 (seq_ix=1068499374): 0.459400
  train  82/100 (seq_ix=1718939767): 0.840433
  train  83/100 (seq_ix=1748421619): 1.653441
  train  84/100 (seq_ix=1415113030): 0.977498
  train  85/100 (seq_ix=1236699497): 2.079714
  train  86/100 (seq_ix=372181850): 0.562367
  train  87/100 (seq_ix=1688142063): 1.046787
  train  88/100 (seq_ix=534041470): 0.169386
  train  89/100 (seq_ix=1036563475): 0.344195
  train  90/100 (seq_ix=422397392): 0.914827
  train  91/100 (seq_ix=159012369): 0.877554
  train  92/100 (seq_ix=551549935): 0.492029
  train  93/100 (seq_ix=1848114048): 0.976218
  train  94/100 (seq_ix=1741318143): 0.449488
  train  95/100 (seq_ix=675281486): 2.318681
  train  96/100 (seq_ix=898110762): 0.466399
  train  97/100 (seq_ix=1006830649): 0.709780
  train  98/100 (seq_ix=136704948): 0.362714
  train  99/100 (seq_ix=431995663): 0.468621
  train 100/100 (seq_ix=1902307434): 0.832010
Train mean loss: 0.846162
  valid   1/20 (seq_ix=180749831): 1.338442
  valid   2/20 (seq_ix=355898543): 0.823699
  valid   3/20 (seq_ix=705808958): 9.451660
  valid   4/20 (seq_ix=500271108): 1.626597
  valid   5/20 (seq_ix=1343217302): 1.090602
  valid   6/20 (seq_ix=909959284): 0.575399
  valid   7/20 (seq_ix=1702061024): 0.481925
  valid   8/20 (seq_ix=596544969): 1.496913
  valid   9/20 (seq_ix=1210015767): 0.309684
  valid  10/20 (seq_ix=1979857100): 0.738958
  valid  11/20 (seq_ix=125810080): 3.191807
  valid  12/20 (seq_ix=92307333): 1.329803
  valid  13/20 (seq_ix=482302805): 4.429476
  valid  14/20 (seq_ix=1416170278): 1.068283
  valid  15/20 (seq_ix=1675802868): 1.359141
  valid  16/20 (seq_ix=2043764292): 0.263560
  valid  17/20 (seq_ix=233220122): 0.710800
  valid  18/20 (seq_ix=1659498468): 0.921523
  valid  19/20 (seq_ix=1272271448): 0.229497
  valid  20/20 (seq_ix=1837760365): 0.853227
Validation mean loss: 1.614550
New best validation loss: 1.614550

Epoch 3/3
  train   1/100 (seq_ix=225652787): 1.134939
  train   2/100 (seq_ix=1164881438): 0.568847
  train   3/100 (seq_ix=1967513327): 0.730185
  train   4/100 (seq_ix=1260468996): 0.123676
  train   5/100 (seq_ix=40256537): 0.290911
  train   6/100 (seq_ix=1865536806): 1.075099
  train   7/100 (seq_ix=1069985558): 0.615952
  train   8/100 (seq_ix=893657349): 0.571849
  train   9/100 (seq_ix=1146893795): 0.213669
  train  10/100 (seq_ix=746679824): 1.256371
  train  11/100 (seq_ix=1524566408): 0.515862
  train  12/100 (seq_ix=1064886781): 0.668613
  train  13/100 (seq_ix=2112803082): 0.839933
  train  14/100 (seq_ix=119492795): 0.849045
  train  15/100 (seq_ix=1835911678): 1.232291
  train  16/100 (seq_ix=2024605638): 1.421001
  train  17/100 (seq_ix=1387531102): 1.721945
  train  18/100 (seq_ix=880367331): 1.350843
  train  19/100 (seq_ix=1242585024): 0.965207
  train  20/100 (seq_ix=2020986767): 0.675897
  train  21/100 (seq_ix=1299404002): 1.389044
  train  22/100 (seq_ix=2124682310): 0.384959
  train  23/100 (seq_ix=900872744): 0.695227
  train  24/100 (seq_ix=166523150): 0.586898
  train  25/100 (seq_ix=1616210265): 0.600922
  train  26/100 (seq_ix=169816067): 0.486585
  train  27/100 (seq_ix=1558422980): 0.668392
  train  28/100 (seq_ix=2076214668): 0.994377
  train  29/100 (seq_ix=793321424): 0.401060
  train  30/100 (seq_ix=1181513046): 0.865806
  train  31/100 (seq_ix=1993728896): 0.631908
  train  32/100 (seq_ix=1891016047): 0.625461
  train  33/100 (seq_ix=1661941497): 1.468939
  train  34/100 (seq_ix=1954537312): 0.630629
  train  35/100 (seq_ix=1875296450): 0.827856
  train  36/100 (seq_ix=1861265528): 0.697775
  train  37/100 (seq_ix=1536432553): 1.018320
  train  38/100 (seq_ix=1190375104): 0.480585
  train  39/100 (seq_ix=1984276013): 0.405032
  train  40/100 (seq_ix=554796223): 0.466185
  train  41/100 (seq_ix=1920739216): 0.205405
  train  42/100 (seq_ix=1125234681): 0.364034
  train  43/100 (seq_ix=2035564581): 0.631973
  train  44/100 (seq_ix=2009925233): 1.236442
  train  45/100 (seq_ix=440944124): 0.879541
  train  46/100 (seq_ix=2061624706): 1.203156
  train  47/100 (seq_ix=892616012): 0.436040
  train  48/100 (seq_ix=2091756591): 1.046963
  train  49/100 (seq_ix=794669342): 0.625211
  train  50/100 (seq_ix=838147554): 2.633505
  train  51/100 (seq_ix=224084042): 0.253975
  train  52/100 (seq_ix=603743424): 1.335313
  train  53/100 (seq_ix=1422297712): 1.017873
  train  54/100 (seq_ix=574766713): 0.386540
  train  55/100 (seq_ix=1024616050): 1.362029
  train  56/100 (seq_ix=945297869): 0.809224
  train  57/100 (seq_ix=1620823563): 0.570768
  train  58/100 (seq_ix=1734663822): 0.776895
  train  59/100 (seq_ix=11648220): 0.711167
  train  60/100 (seq_ix=161615974): 1.194380
  train  61/100 (seq_ix=1857215576): 0.423436
  train  62/100 (seq_ix=1316485909): 0.334920
  train  63/100 (seq_ix=543427545): 1.784290
  train  64/100 (seq_ix=454825559): 0.771657
  train  65/100 (seq_ix=1060570346): 0.664882
  train  66/100 (seq_ix=2127852642): 0.750628
  train  67/100 (seq_ix=1181030253): 0.258290
  train  68/100 (seq_ix=22603860): 0.881967
  train  69/100 (seq_ix=438826393): 0.198022
  train  70/100 (seq_ix=339120526): 0.912783
  train  71/100 (seq_ix=1386612278): 0.568912
  train  72/100 (seq_ix=1217617503): 1.092703
  train  73/100 (seq_ix=893903801): 0.520460
  train  74/100 (seq_ix=573516403): 0.388247
  train  75/100 (seq_ix=741433073): 2.180001
  train  76/100 (seq_ix=1596943199): 0.632584
  train  77/100 (seq_ix=961940615): 1.327392
  train  78/100 (seq_ix=1872335189): 1.259590
  train  79/100 (seq_ix=637966516): 1.123105
  train  80/100 (seq_ix=2093658216): 1.757843
  train  81/100 (seq_ix=1068499374): 0.458796
  train  82/100 (seq_ix=1718939767): 0.839136
  train  83/100 (seq_ix=1748421619): 1.633758
  train  84/100 (seq_ix=1415113030): 0.974120
  train  85/100 (seq_ix=1236699497): 2.056934
  train  86/100 (seq_ix=372181850): 0.552040
  train  87/100 (seq_ix=1688142063): 1.036464
  train  88/100 (seq_ix=534041470): 0.164918
  train  89/100 (seq_ix=1036563475): 0.351145
  train  90/100 (seq_ix=422397392): 0.909230
  train  91/100 (seq_ix=159012369): 0.844266
  train  92/100 (seq_ix=551549935): 0.475207
  train  93/100 (seq_ix=1848114048): 0.975231
  train  94/100 (seq_ix=1741318143): 0.440070
  train  95/100 (seq_ix=675281486): 2.310722
  train  96/100 (seq_ix=898110762): 0.464794
  train  97/100 (seq_ix=1006830649): 0.700257
  train  98/100 (seq_ix=136704948): 0.356381
  train  99/100 (seq_ix=431995663): 0.458761
  train 100/100 (seq_ix=1902307434): 0.833873
Train mean loss: 0.834963
  valid   1/20 (seq_ix=180749831): 1.336474
  valid   2/20 (seq_ix=355898543): 0.826598
  valid   3/20 (seq_ix=705808958): 9.518612
  valid   4/20 (seq_ix=500271108): 1.625459
  valid   5/20 (seq_ix=1343217302): 1.085234
  valid   6/20 (seq_ix=909959284): 0.568620
  valid   7/20 (seq_ix=1702061024): 0.490407
  valid   8/20 (seq_ix=596544969): 1.479517
  valid   9/20 (seq_ix=1210015767): 0.307714
  valid  10/20 (seq_ix=1979857100): 0.763420
  valid  11/20 (seq_ix=125810080): 3.213294
  valid  12/20 (seq_ix=92307333): 1.313988
  valid  13/20 (seq_ix=482302805): 4.409899
  valid  14/20 (seq_ix=1416170278): 1.054524
  valid  15/20 (seq_ix=1675802868): 1.343802
  valid  16/20 (seq_ix=2043764292): 0.269002
  valid  17/20 (seq_ix=233220122): 0.706766
  valid  18/20 (seq_ix=1659498468): 0.910301
  valid  19/20 (seq_ix=1272271448): 0.235368
  valid  20/20 (seq_ix=1837760365): 0.849258
Validation mean loss: 1.615413

Elapsed time: 326.51 seconds
Best epoch: 2
Best validation MSE: 1.614550

Saved best checkpoint: results/looped_seed0_split1234.pt
Saved results: results/looped_seed0_split1234.json
