Device: cuda
GPU: NVIDIA RTX 5000 Ada Generation
Model: looped
Parameters: 317890
Training sequences: 100
Validation sequences: 20

Epoch 1/3
  train   1/100 (seq_ix=225652787): 1.471944
  train   2/100 (seq_ix=1164881438): 0.680385
  train   3/100 (seq_ix=1967513327): 0.786759
  train   4/100 (seq_ix=1260468996): 0.187890
  train   5/100 (seq_ix=40256537): 0.360616
  train   6/100 (seq_ix=1865536806): 1.405556
  train   7/100 (seq_ix=1069985558): 0.718058
  train   8/100 (seq_ix=893657349): 0.637733
  train   9/100 (seq_ix=1146893795): 0.202545
  train  10/100 (seq_ix=746679824): 1.430195
  train  11/100 (seq_ix=1524566408): 0.536518
  train  12/100 (seq_ix=1064886781): 0.699019
  train  13/100 (seq_ix=2112803082): 0.887464
  train  14/100 (seq_ix=119492795): 0.898282
  train  15/100 (seq_ix=1835911678): 1.355796
  train  16/100 (seq_ix=2024605638): 1.506592
  train  17/100 (seq_ix=1387531102): 1.744495
  train  18/100 (seq_ix=880367331): 1.540655
  train  19/100 (seq_ix=1242585024): 1.050554
  train  20/100 (seq_ix=2020986767): 0.683179
  train  21/100 (seq_ix=1299404002): 1.368106
  train  22/100 (seq_ix=2124682310): 0.424975
  train  23/100 (seq_ix=900872744): 0.779279
  train  24/100 (seq_ix=166523150): 0.598723
  train  25/100 (seq_ix=1616210265): 0.618520
  train  26/100 (seq_ix=169816067): 0.530103
  train  27/100 (seq_ix=1558422980): 0.724459
  train  28/100 (seq_ix=2076214668): 1.051413
  train  29/100 (seq_ix=793321424): 0.443715
  train  30/100 (seq_ix=1181513046): 0.877406
  train  31/100 (seq_ix=1993728896): 0.709429
  train  32/100 (seq_ix=1891016047): 0.647719
  train  33/100 (seq_ix=1661941497): 1.540732
  train  34/100 (seq_ix=1954537312): 0.670757
  train  35/100 (seq_ix=1875296450): 0.862080
  train  36/100 (seq_ix=1861265528): 0.677479
  train  37/100 (seq_ix=1536432553): 1.035322
  train  38/100 (seq_ix=1190375104): 0.574778
  train  39/100 (seq_ix=1984276013): 0.425938
  train  40/100 (seq_ix=554796223): 0.514166
  train  41/100 (seq_ix=1920739216): 0.249642
  train  42/100 (seq_ix=1125234681): 0.393115
  train  43/100 (seq_ix=2035564581): 0.667725
  train  44/100 (seq_ix=2009925233): 1.280024
  train  45/100 (seq_ix=440944124): 0.949950
  train  46/100 (seq_ix=2061624706): 1.273453
  train  47/100 (seq_ix=892616012): 0.467379
  train  48/100 (seq_ix=2091756591): 1.100047
  train  49/100 (seq_ix=794669342): 0.671122
  train  50/100 (seq_ix=838147554): 2.650055
  train  51/100 (seq_ix=224084042): 0.387631
  train  52/100 (seq_ix=603743424): 1.371914
  train  53/100 (seq_ix=1422297712): 1.032403
  train  54/100 (seq_ix=574766713): 0.414209
  train  55/100 (seq_ix=1024616050): 1.392871
  train  56/100 (seq_ix=945297869): 0.887045
  train  57/100 (seq_ix=1620823563): 0.635389
  train  58/100 (seq_ix=1734663822): 0.831263
  train  59/100 (seq_ix=11648220): 0.791619
  train  60/100 (seq_ix=161615974): 1.238890
  train  61/100 (seq_ix=1857215576): 0.525396
  train  62/100 (seq_ix=1316485909): 0.347951
  train  63/100 (seq_ix=543427545): 1.811970
  train  64/100 (seq_ix=454825559): 0.800124
  train  65/100 (seq_ix=1060570346): 0.661589
  train  66/100 (seq_ix=2127852642): 0.781043
  train  67/100 (seq_ix=1181030253): 0.271625
  train  68/100 (seq_ix=22603860): 0.914110
  train  69/100 (seq_ix=438826393): 0.223231
  train  70/100 (seq_ix=339120526): 0.935292
  train  71/100 (seq_ix=1386612278): 0.590539
  train  72/100 (seq_ix=1217617503): 1.095531
  train  73/100 (seq_ix=893903801): 0.540062
  train  74/100 (seq_ix=573516403): 0.373421
  train  75/100 (seq_ix=741433073): 2.185756
  train  76/100 (seq_ix=1596943199): 0.674522
  train  77/100 (seq_ix=961940615): 1.362208
  train  78/100 (seq_ix=1872335189): 1.293511
  train  79/100 (seq_ix=637966516): 1.168215
  train  80/100 (seq_ix=2093658216): 1.798292
  train  81/100 (seq_ix=1068499374): 0.446300
  train  82/100 (seq_ix=1718939767): 0.858956
  train  83/100 (seq_ix=1748421619): 1.690671
  train  84/100 (seq_ix=1415113030): 1.069153
  train  85/100 (seq_ix=1236699497): 2.104028
  train  86/100 (seq_ix=372181850): 0.574754
  train  87/100 (seq_ix=1688142063): 1.072258
  train  88/100 (seq_ix=534041470): 0.168716
  train  89/100 (seq_ix=1036563475): 0.332942
  train  90/100 (seq_ix=422397392): 0.909814
  train  91/100 (seq_ix=159012369): 0.896533
  train  92/100 (seq_ix=551549935): 0.518231
  train  93/100 (seq_ix=1848114048): 0.966363
  train  94/100 (seq_ix=1741318143): 0.461941
  train  95/100 (seq_ix=675281486): 2.305251
  train  96/100 (seq_ix=898110762): 0.470982
  train  97/100 (seq_ix=1006830649): 0.736354
  train  98/100 (seq_ix=136704948): 0.370304
  train  99/100 (seq_ix=431995663): 0.468620
  train 100/100 (seq_ix=1902307434): 0.847892
Train mean loss: 0.881695
  valid   1/20 (seq_ix=180749831): 1.359120
  valid   2/20 (seq_ix=355898543): 0.800757
  valid   3/20 (seq_ix=705808958): 9.412041
  valid   4/20 (seq_ix=500271108): 1.626597
  valid   5/20 (seq_ix=1343217302): 1.104417
  valid   6/20 (seq_ix=909959284): 0.612090
  valid   7/20 (seq_ix=1702061024): 0.470606
  valid   8/20 (seq_ix=596544969): 1.523135
  valid   9/20 (seq_ix=1210015767): 0.314066
  valid  10/20 (seq_ix=1979857100): 0.717972
  valid  11/20 (seq_ix=125810080): 3.228954
  valid  12/20 (seq_ix=92307333): 1.295205
  valid  13/20 (seq_ix=482302805): 4.463064
  valid  14/20 (seq_ix=1416170278): 1.099592
  valid  15/20 (seq_ix=1675802868): 1.348787
  valid  16/20 (seq_ix=2043764292): 0.253784
  valid  17/20 (seq_ix=233220122): 0.728942
  valid  18/20 (seq_ix=1659498468): 0.945577
  valid  19/20 (seq_ix=1272271448): 0.242377
  valid  20/20 (seq_ix=1837760365): 0.835961
Validation mean loss: 1.619152
New best validation loss: 1.619152

Epoch 2/3
  train   1/100 (seq_ix=225652787): 1.174326
  train   2/100 (seq_ix=1164881438): 0.585820
  train   3/100 (seq_ix=1967513327): 0.743129
  train   4/100 (seq_ix=1260468996): 0.119771
  train   5/100 (seq_ix=40256537): 0.293016
  train   6/100 (seq_ix=1865536806): 1.148691
  train   7/100 (seq_ix=1069985558): 0.626120
  train   8/100 (seq_ix=893657349): 0.585745
  train   9/100 (seq_ix=1146893795): 0.202943
  train  10/100 (seq_ix=746679824): 1.284227
  train  11/100 (seq_ix=1524566408): 0.522133
  train  12/100 (seq_ix=1064886781): 0.698455
  train  13/100 (seq_ix=2112803082): 0.858140
  train  14/100 (seq_ix=119492795): 0.874084
  train  15/100 (seq_ix=1835911678): 1.275448
  train  16/100 (seq_ix=2024605638): 1.436862
  train  17/100 (seq_ix=1387531102): 1.704853
  train  18/100 (seq_ix=880367331): 1.405614
  train  19/100 (seq_ix=1242585024): 0.987727
  train  20/100 (seq_ix=2020986767): 0.667718
  train  21/100 (seq_ix=1299404002): 1.378018
  train  22/100 (seq_ix=2124682310): 0.388669
  train  23/100 (seq_ix=900872744): 0.689858
  train  24/100 (seq_ix=166523150): 0.591065
  train  25/100 (seq_ix=1616210265): 0.587053
  train  26/100 (seq_ix=169816067): 0.482174
  train  27/100 (seq_ix=1558422980): 0.690272
  train  28/100 (seq_ix=2076214668): 1.028290
  train  29/100 (seq_ix=793321424): 0.407304
  train  30/100 (seq_ix=1181513046): 0.879119
  train  31/100 (seq_ix=1993728896): 0.673064
  train  32/100 (seq_ix=1891016047): 0.626916
  train  33/100 (seq_ix=1661941497): 1.473303
  train  34/100 (seq_ix=1954537312): 0.654243
  train  35/100 (seq_ix=1875296450): 0.834339
  train  36/100 (seq_ix=1861265528): 0.693060
  train  37/100 (seq_ix=1536432553): 1.015628
  train  38/100 (seq_ix=1190375104): 0.494215
  train  39/100 (seq_ix=1984276013): 0.409800
  train  40/100 (seq_ix=554796223): 0.502259
  train  41/100 (seq_ix=1920739216): 0.215724
  train  42/100 (seq_ix=1125234681): 0.364552
  train  43/100 (seq_ix=2035564581): 0.643141
  train  44/100 (seq_ix=2009925233): 1.242759
  train  45/100 (seq_ix=440944124): 0.897473
  train  46/100 (seq_ix=2061624706): 1.245260
  train  47/100 (seq_ix=892616012): 0.440231
  train  48/100 (seq_ix=2091756591): 1.060659
  train  49/100 (seq_ix=794669342): 0.640228
  train  50/100 (seq_ix=838147554): 2.622448
  train  51/100 (seq_ix=224084042): 0.307537
  train  52/100 (seq_ix=603743424): 1.359308
  train  53/100 (seq_ix=1422297712): 1.015402
  train  54/100 (seq_ix=574766713): 0.393266
  train  55/100 (seq_ix=1024616050): 1.371888
  train  56/100 (seq_ix=945297869): 0.877232
  train  57/100 (seq_ix=1620823563): 0.595867
  train  58/100 (seq_ix=1734663822): 0.794456
  train  59/100 (seq_ix=11648220): 0.749612
  train  60/100 (seq_ix=161615974): 1.216412
  train  61/100 (seq_ix=1857215576): 0.475137
  train  62/100 (seq_ix=1316485909): 0.334424
  train  63/100 (seq_ix=543427545): 1.802764
  train  64/100 (seq_ix=454825559): 0.779131
  train  65/100 (seq_ix=1060570346): 0.647154
  train  66/100 (seq_ix=2127852642): 0.765393
  train  67/100 (seq_ix=1181030253): 0.256011
  train  68/100 (seq_ix=22603860): 0.891359
  train  69/100 (seq_ix=438826393): 0.208784
  train  70/100 (seq_ix=339120526): 0.920884
  train  71/100 (seq_ix=1386612278): 0.574152
  train  72/100 (seq_ix=1217617503): 1.090251
  train  73/100 (seq_ix=893903801): 0.512789
  train  74/100 (seq_ix=573516403): 0.368623
  train  75/100 (seq_ix=741433073): 2.170488
  train  76/100 (seq_ix=1596943199): 0.642868
  train  77/100 (seq_ix=961940615): 1.353194
  train  78/100 (seq_ix=1872335189): 1.271148
  train  79/100 (seq_ix=637966516): 1.144868
  train  80/100 (seq_ix=2093658216): 1.775144
  train  81/100 (seq_ix=1068499374): 0.444299
  train  82/100 (seq_ix=1718939767): 0.853435
  train  83/100 (seq_ix=1748421619): 1.652071
  train  84/100 (seq_ix=1415113030): 1.007993
  train  85/100 (seq_ix=1236699497): 2.075328
  train  86/100 (seq_ix=372181850): 0.566000
  train  87/100 (seq_ix=1688142063): 1.048290
  train  88/100 (seq_ix=534041470): 0.160436
  train  89/100 (seq_ix=1036563475): 0.340795
  train  90/100 (seq_ix=422397392): 0.897144
  train  91/100 (seq_ix=159012369): 0.837658
  train  92/100 (seq_ix=551549935): 0.481791
  train  93/100 (seq_ix=1848114048): 0.972007
  train  94/100 (seq_ix=1741318143): 0.445633
  train  95/100 (seq_ix=675281486): 2.306197
  train  96/100 (seq_ix=898110762): 0.460117
  train  97/100 (seq_ix=1006830649): 0.713715
  train  98/100 (seq_ix=136704948): 0.362851
  train  99/100 (seq_ix=431995663): 0.461704
  train 100/100 (seq_ix=1902307434): 0.848410
Train mean loss: 0.846674
  valid   1/20 (seq_ix=180749831): 1.337919
  valid   2/20 (seq_ix=355898543): 0.812553
  valid   3/20 (seq_ix=705808958): 9.540065
  valid   4/20 (seq_ix=500271108): 1.624848
  valid   5/20 (seq_ix=1343217302): 1.093923
  valid   6/20 (seq_ix=909959284): 0.584151
  valid   7/20 (seq_ix=1702061024): 0.455200
  valid   8/20 (seq_ix=596544969): 1.489434
  valid   9/20 (seq_ix=1210015767): 0.308442
  valid  10/20 (seq_ix=1979857100): 0.730575
  valid  11/20 (seq_ix=125810080): 3.207238
  valid  12/20 (seq_ix=92307333): 1.304740
  valid  13/20 (seq_ix=482302805): 4.402167
  valid  14/20 (seq_ix=1416170278): 1.072343
  valid  15/20 (seq_ix=1675802868): 1.354519
  valid  16/20 (seq_ix=2043764292): 0.276590
  valid  17/20 (seq_ix=233220122): 0.712161
  valid  18/20 (seq_ix=1659498468): 0.929983
  valid  19/20 (seq_ix=1272271448): 0.241330
  valid  20/20 (seq_ix=1837760365): 0.845171
Validation mean loss: 1.616168
New best validation loss: 1.616168

Epoch 3/3
  train   1/100 (seq_ix=225652787): 1.130455
  train   2/100 (seq_ix=1164881438): 0.563648
  train   3/100 (seq_ix=1967513327): 0.730346
  train   4/100 (seq_ix=1260468996): 0.116210
  train   5/100 (seq_ix=40256537): 0.289009
  train   6/100 (seq_ix=1865536806): 1.129396
  train   7/100 (seq_ix=1069985558): 0.614409
  train   8/100 (seq_ix=893657349): 0.578038
  train   9/100 (seq_ix=1146893795): 0.218358
  train  10/100 (seq_ix=746679824): 1.261107
  train  11/100 (seq_ix=1524566408): 0.499569
  train  12/100 (seq_ix=1064886781): 0.681676
  train  13/100 (seq_ix=2112803082): 0.839628
  train  14/100 (seq_ix=119492795): 0.857458
  train  15/100 (seq_ix=1835911678): 1.234091
  train  16/100 (seq_ix=2024605638): 1.414350
  train  17/100 (seq_ix=1387531102): 1.689626
  train  18/100 (seq_ix=880367331): 1.346588
  train  19/100 (seq_ix=1242585024): 0.975526
  train  20/100 (seq_ix=2020986767): 0.667987
  train  21/100 (seq_ix=1299404002): 1.375057
  train  22/100 (seq_ix=2124682310): 0.380089
  train  23/100 (seq_ix=900872744): 0.679810
  train  24/100 (seq_ix=166523150): 0.571843
  train  25/100 (seq_ix=1616210265): 0.583875
  train  26/100 (seq_ix=169816067): 0.477191
  train  27/100 (seq_ix=1558422980): 0.661822
  train  28/100 (seq_ix=2076214668): 1.007949
  train  29/100 (seq_ix=793321424): 0.402735
  train  30/100 (seq_ix=1181513046): 0.864783
  train  31/100 (seq_ix=1993728896): 0.637326
  train  32/100 (seq_ix=1891016047): 0.623215
  train  33/100 (seq_ix=1661941497): 1.454031
  train  34/100 (seq_ix=1954537312): 0.656123
  train  35/100 (seq_ix=1875296450): 0.826995
  train  36/100 (seq_ix=1861265528): 0.679415
  train  37/100 (seq_ix=1536432553): 1.013361
  train  38/100 (seq_ix=1190375104): 0.467553
  train  39/100 (seq_ix=1984276013): 0.406311
  train  40/100 (seq_ix=554796223): 0.502709
  train  41/100 (seq_ix=1920739216): 0.201415
  train  42/100 (seq_ix=1125234681): 0.372870
  train  43/100 (seq_ix=2035564581): 0.634763
  train  44/100 (seq_ix=2009925233): 1.240037
  train  45/100 (seq_ix=440944124): 0.873821
  train  46/100 (seq_ix=2061624706): 1.227376
  train  47/100 (seq_ix=892616012): 0.435644
  train  48/100 (seq_ix=2091756591): 1.061762
  train  49/100 (seq_ix=794669342): 0.619332
  train  50/100 (seq_ix=838147554): 2.619369
  train  51/100 (seq_ix=224084042): 0.247032
  train  52/100 (seq_ix=603743424): 1.348192
  train  53/100 (seq_ix=1422297712): 1.005035
  train  54/100 (seq_ix=574766713): 0.381038
  train  55/100 (seq_ix=1024616050): 1.358241
  train  56/100 (seq_ix=945297869): 0.867085
  train  57/100 (seq_ix=1620823563): 0.582873
  train  58/100 (seq_ix=1734663822): 0.784603
  train  59/100 (seq_ix=11648220): 0.726397
  train  60/100 (seq_ix=161615974): 1.204836
  train  61/100 (seq_ix=1857215576): 0.419661
  train  62/100 (seq_ix=1316485909): 0.332157
  train  63/100 (seq_ix=543427545): 1.778116
  train  64/100 (seq_ix=454825559): 0.768408
  train  65/100 (seq_ix=1060570346): 0.634253
  train  66/100 (seq_ix=2127852642): 0.777821
  train  67/100 (seq_ix=1181030253): 0.247373
  train  68/100 (seq_ix=22603860): 0.890926
  train  69/100 (seq_ix=438826393): 0.205647
  train  70/100 (seq_ix=339120526): 0.914563
  train  71/100 (seq_ix=1386612278): 0.568568
  train  72/100 (seq_ix=1217617503): 1.087667
  train  73/100 (seq_ix=893903801): 0.501644
  train  74/100 (seq_ix=573516403): 0.377845
  train  75/100 (seq_ix=741433073): 2.173254
  train  76/100 (seq_ix=1596943199): 0.622053
  train  77/100 (seq_ix=961940615): 1.343627
  train  78/100 (seq_ix=1872335189): 1.260382
  train  79/100 (seq_ix=637966516): 1.134126
  train  80/100 (seq_ix=2093658216): 1.769177
  train  81/100 (seq_ix=1068499374): 0.438701
  train  82/100 (seq_ix=1718939767): 0.846664
  train  83/100 (seq_ix=1748421619): 1.638557
  train  84/100 (seq_ix=1415113030): 0.963801
  train  85/100 (seq_ix=1236699497): 2.063242
  train  86/100 (seq_ix=372181850): 0.557092
  train  87/100 (seq_ix=1688142063): 1.036375
  train  88/100 (seq_ix=534041470): 0.157982
  train  89/100 (seq_ix=1036563475): 0.345155
  train  90/100 (seq_ix=422397392): 0.888021
  train  91/100 (seq_ix=159012369): 0.817509
  train  92/100 (seq_ix=551549935): 0.463161
  train  93/100 (seq_ix=1848114048): 0.971113
  train  94/100 (seq_ix=1741318143): 0.440192
  train  95/100 (seq_ix=675281486): 2.298693
  train  96/100 (seq_ix=898110762): 0.456391
  train  97/100 (seq_ix=1006830649): 0.712025
  train  98/100 (seq_ix=136704948): 0.358294
  train  99/100 (seq_ix=431995663): 0.452000
  train 100/100 (seq_ix=1902307434): 0.842997
Train mean loss: 0.834566
  valid   1/20 (seq_ix=180749831): 1.315645
  valid   2/20 (seq_ix=355898543): 0.812461
  valid   3/20 (seq_ix=705808958): 9.606570
  valid   4/20 (seq_ix=500271108): 1.624929
  valid   5/20 (seq_ix=1343217302): 1.080938
  valid   6/20 (seq_ix=909959284): 0.578646
  valid   7/20 (seq_ix=1702061024): 0.449671
  valid   8/20 (seq_ix=596544969): 1.480086
  valid   9/20 (seq_ix=1210015767): 0.304484
  valid  10/20 (seq_ix=1979857100): 0.725904
  valid  11/20 (seq_ix=125810080): 3.220843
  valid  12/20 (seq_ix=92307333): 1.317565
  valid  13/20 (seq_ix=482302805): 4.331964
  valid  14/20 (seq_ix=1416170278): 1.061492
  valid  15/20 (seq_ix=1675802868): 1.354138
  valid  16/20 (seq_ix=2043764292): 0.271908
  valid  17/20 (seq_ix=233220122): 0.700092
  valid  18/20 (seq_ix=1659498468): 0.921810
  valid  19/20 (seq_ix=1272271448): 0.238251
  valid  20/20 (seq_ix=1837760365): 0.836524
Validation mean loss: 1.611696
New best validation loss: 1.611696

Elapsed time: 350.87 seconds
Best epoch: 3
Best validation MSE: 1.611696

Saved best checkpoint: results/looped_seed1_split1234.pt
Saved results: results/looped_seed1_split1234.json
