Device: cuda
GPU: NVIDIA RTX 5000 Ada Generation
Model: looped
Parameters: 317890
Training sequences: 100
Validation sequences: 20

Epoch 1/3
  train   1/100 (seq_ix=225652787): 1.454351
  train   2/100 (seq_ix=1164881438): 0.702017
  train   3/100 (seq_ix=1967513327): 0.779166
  train   4/100 (seq_ix=1260468996): 0.188305
  train   5/100 (seq_ix=40256537): 0.363129
  train   6/100 (seq_ix=1865536806): 1.287826
  train   7/100 (seq_ix=1069985558): 0.727566
  train   8/100 (seq_ix=893657349): 0.660878
  train   9/100 (seq_ix=1146893795): 0.228493
  train  10/100 (seq_ix=746679824): 1.379824
  train  11/100 (seq_ix=1524566408): 0.528550
  train  12/100 (seq_ix=1064886781): 0.793168
  train  13/100 (seq_ix=2112803082): 0.844421
  train  14/100 (seq_ix=119492795): 0.893517
  train  15/100 (seq_ix=1835911678): 1.329912
  train  16/100 (seq_ix=2024605638): 1.539929
  train  17/100 (seq_ix=1387531102): 1.782135
  train  18/100 (seq_ix=880367331): 1.563416
  train  19/100 (seq_ix=1242585024): 1.100676
  train  20/100 (seq_ix=2020986767): 0.674390
  train  21/100 (seq_ix=1299404002): 1.358962
  train  22/100 (seq_ix=2124682310): 0.401635
  train  23/100 (seq_ix=900872744): 0.798614
  train  24/100 (seq_ix=166523150): 0.605511
  train  25/100 (seq_ix=1616210265): 0.618572
  train  26/100 (seq_ix=169816067): 0.543217
  train  27/100 (seq_ix=1558422980): 0.717657
  train  28/100 (seq_ix=2076214668): 1.046645
  train  29/100 (seq_ix=793321424): 0.440122
  train  30/100 (seq_ix=1181513046): 0.873298
  train  31/100 (seq_ix=1993728896): 0.708744
  train  32/100 (seq_ix=1891016047): 0.646850
  train  33/100 (seq_ix=1661941497): 1.576120
  train  34/100 (seq_ix=1954537312): 0.663382
  train  35/100 (seq_ix=1875296450): 0.861535
  train  36/100 (seq_ix=1861265528): 0.682585
  train  37/100 (seq_ix=1536432553): 1.041936
  train  38/100 (seq_ix=1190375104): 0.620787
  train  39/100 (seq_ix=1984276013): 0.425435
  train  40/100 (seq_ix=554796223): 0.514428
  train  41/100 (seq_ix=1920739216): 0.229651
  train  42/100 (seq_ix=1125234681): 0.413513
  train  43/100 (seq_ix=2035564581): 0.663726
  train  44/100 (seq_ix=2009925233): 1.272834
  train  45/100 (seq_ix=440944124): 0.966731
  train  46/100 (seq_ix=2061624706): 1.283105
  train  47/100 (seq_ix=892616012): 0.458701
  train  48/100 (seq_ix=2091756591): 1.099323
  train  49/100 (seq_ix=794669342): 0.683199
  train  50/100 (seq_ix=838147554): 2.646663
  train  51/100 (seq_ix=224084042): 0.375461
  train  52/100 (seq_ix=603743424): 1.387386
  train  53/100 (seq_ix=1422297712): 1.049232
  train  54/100 (seq_ix=574766713): 0.395157
  train  55/100 (seq_ix=1024616050): 1.403564
  train  56/100 (seq_ix=945297869): 0.891125
  train  57/100 (seq_ix=1620823563): 0.621673
  train  58/100 (seq_ix=1734663822): 0.827519
  train  59/100 (seq_ix=11648220): 0.806665
  train  60/100 (seq_ix=161615974): 1.287145
  train  61/100 (seq_ix=1857215576): 0.521512
  train  62/100 (seq_ix=1316485909): 0.347161
  train  63/100 (seq_ix=543427545): 1.846580
  train  64/100 (seq_ix=454825559): 0.794711
  train  65/100 (seq_ix=1060570346): 0.701587
  train  66/100 (seq_ix=2127852642): 0.778676
  train  67/100 (seq_ix=1181030253): 0.279610
  train  68/100 (seq_ix=22603860): 0.944523
  train  69/100 (seq_ix=438826393): 0.211333
  train  70/100 (seq_ix=339120526): 0.941873
  train  71/100 (seq_ix=1386612278): 0.603444
  train  72/100 (seq_ix=1217617503): 1.087359
  train  73/100 (seq_ix=893903801): 0.540794
  train  74/100 (seq_ix=573516403): 0.389265
  train  75/100 (seq_ix=741433073): 2.193190
  train  76/100 (seq_ix=1596943199): 0.696772
  train  77/100 (seq_ix=961940615): 1.361018
  train  78/100 (seq_ix=1872335189): 1.288996
  train  79/100 (seq_ix=637966516): 1.157091
  train  80/100 (seq_ix=2093658216): 1.791784
  train  81/100 (seq_ix=1068499374): 0.462358
  train  82/100 (seq_ix=1718939767): 0.851330
  train  83/100 (seq_ix=1748421619): 1.696926
  train  84/100 (seq_ix=1415113030): 1.002984
  train  85/100 (seq_ix=1236699497): 2.137748
  train  86/100 (seq_ix=372181850): 0.572490
  train  87/100 (seq_ix=1688142063): 1.067180
  train  88/100 (seq_ix=534041470): 0.168202
  train  89/100 (seq_ix=1036563475): 0.372307
  train  90/100 (seq_ix=422397392): 0.914463
  train  91/100 (seq_ix=159012369): 0.901571
  train  92/100 (seq_ix=551549935): 0.493408
  train  93/100 (seq_ix=1848114048): 0.968767
  train  94/100 (seq_ix=1741318143): 0.459915
  train  95/100 (seq_ix=675281486): 2.318061
  train  96/100 (seq_ix=898110762): 0.472963
  train  97/100 (seq_ix=1006830649): 0.725985
  train  98/100 (seq_ix=136704948): 0.373852
  train  99/100 (seq_ix=431995663): 0.474679
  train 100/100 (seq_ix=1902307434): 0.858982
Train mean loss: 0.885015
  valid   1/20 (seq_ix=180749831): 1.394032
  valid   2/20 (seq_ix=355898543): 0.799981
  valid   3/20 (seq_ix=705808958): 9.705712
  valid   4/20 (seq_ix=500271108): 1.644512
  valid   5/20 (seq_ix=1343217302): 1.174771
  valid   6/20 (seq_ix=909959284): 0.618150
  valid   7/20 (seq_ix=1702061024): 0.546505
  valid   8/20 (seq_ix=596544969): 1.451309
  valid   9/20 (seq_ix=1210015767): 0.339090
  valid  10/20 (seq_ix=1979857100): 0.764150
  valid  11/20 (seq_ix=125810080): 3.236479
  valid  12/20 (seq_ix=92307333): 1.359928
  valid  13/20 (seq_ix=482302805): 4.600871
  valid  14/20 (seq_ix=1416170278): 1.069593
  valid  15/20 (seq_ix=1675802868): 1.449392
  valid  16/20 (seq_ix=2043764292): 0.283530
  valid  17/20 (seq_ix=233220122): 0.730978
  valid  18/20 (seq_ix=1659498468): 0.953176
  valid  19/20 (seq_ix=1272271448): 0.258023
  valid  20/20 (seq_ix=1837760365): 0.794028
Validation mean loss: 1.658711
New best validation loss: 1.658711

Epoch 2/3
  train   1/100 (seq_ix=225652787): 1.175994
  train   2/100 (seq_ix=1164881438): 0.578108
  train   3/100 (seq_ix=1967513327): 0.710206
  train   4/100 (seq_ix=1260468996): 0.128619
  train   5/100 (seq_ix=40256537): 0.299617
  train   6/100 (seq_ix=1865536806): 1.135861
  train   7/100 (seq_ix=1069985558): 0.631205
  train   8/100 (seq_ix=893657349): 0.595059
  train   9/100 (seq_ix=1146893795): 0.199217
  train  10/100 (seq_ix=746679824): 1.296685
  train  11/100 (seq_ix=1524566408): 0.545854
  train  12/100 (seq_ix=1064886781): 0.711363
  train  13/100 (seq_ix=2112803082): 0.838266
  train  14/100 (seq_ix=119492795): 0.857835
  train  15/100 (seq_ix=1835911678): 1.255614
  train  16/100 (seq_ix=2024605638): 1.456284
  train  17/100 (seq_ix=1387531102): 1.744834
  train  18/100 (seq_ix=880367331): 1.361203
  train  19/100 (seq_ix=1242585024): 0.990243
  train  20/100 (seq_ix=2020986767): 0.687394
  train  21/100 (seq_ix=1299404002): 1.353327
  train  22/100 (seq_ix=2124682310): 0.383691
  train  23/100 (seq_ix=900872744): 0.720520
  train  24/100 (seq_ix=166523150): 0.586622
  train  25/100 (seq_ix=1616210265): 0.596472
  train  26/100 (seq_ix=169816067): 0.497682
  train  27/100 (seq_ix=1558422980): 0.689769
  train  28/100 (seq_ix=2076214668): 1.013142
  train  29/100 (seq_ix=793321424): 0.395230
  train  30/100 (seq_ix=1181513046): 0.889374
  train  31/100 (seq_ix=1993728896): 0.648736
  train  32/100 (seq_ix=1891016047): 0.631144
  train  33/100 (seq_ix=1661941497): 1.480523
  train  34/100 (seq_ix=1954537312): 0.661452
  train  35/100 (seq_ix=1875296450): 0.829527
  train  36/100 (seq_ix=1861265528): 0.698027
  train  37/100 (seq_ix=1536432553): 1.030487
  train  38/100 (seq_ix=1190375104): 0.520638
  train  39/100 (seq_ix=1984276013): 0.408948
  train  40/100 (seq_ix=554796223): 0.489489
  train  41/100 (seq_ix=1920739216): 0.209723
  train  42/100 (seq_ix=1125234681): 0.378048
  train  43/100 (seq_ix=2035564581): 0.646988
  train  44/100 (seq_ix=2009925233): 1.258191
  train  45/100 (seq_ix=440944124): 0.893368
  train  46/100 (seq_ix=2061624706): 1.254962
  train  47/100 (seq_ix=892616012): 0.432876
  train  48/100 (seq_ix=2091756591): 1.081326
  train  49/100 (seq_ix=794669342): 0.657408
  train  50/100 (seq_ix=838147554): 2.636720
  train  51/100 (seq_ix=224084042): 0.317224
  train  52/100 (seq_ix=603743424): 1.363040
  train  53/100 (seq_ix=1422297712): 1.004372
  train  54/100 (seq_ix=574766713): 0.382371
  train  55/100 (seq_ix=1024616050): 1.369715
  train  56/100 (seq_ix=945297869): 0.866448
  train  57/100 (seq_ix=1620823563): 0.596064
  train  58/100 (seq_ix=1734663822): 0.785572
  train  59/100 (seq_ix=11648220): 0.746408
  train  60/100 (seq_ix=161615974): 1.213515
  train  61/100 (seq_ix=1857215576): 0.465965
  train  62/100 (seq_ix=1316485909): 0.336322
  train  63/100 (seq_ix=543427545): 1.806266
  train  64/100 (seq_ix=454825559): 0.770986
  train  65/100 (seq_ix=1060570346): 0.682090
  train  66/100 (seq_ix=2127852642): 0.762387
  train  67/100 (seq_ix=1181030253): 0.257357
  train  68/100 (seq_ix=22603860): 0.906119
  train  69/100 (seq_ix=438826393): 0.208690
  train  70/100 (seq_ix=339120526): 0.923759
  train  71/100 (seq_ix=1386612278): 0.581625
  train  72/100 (seq_ix=1217617503): 1.087226
  train  73/100 (seq_ix=893903801): 0.516284
  train  74/100 (seq_ix=573516403): 0.388238
  train  75/100 (seq_ix=741433073): 2.181130
  train  76/100 (seq_ix=1596943199): 0.648491
  train  77/100 (seq_ix=961940615): 1.353390
  train  78/100 (seq_ix=1872335189): 1.264681
  train  79/100 (seq_ix=637966516): 1.139795
  train  80/100 (seq_ix=2093658216): 1.763453
  train  81/100 (seq_ix=1068499374): 0.447826
  train  82/100 (seq_ix=1718939767): 0.841159
  train  83/100 (seq_ix=1748421619): 1.650168
  train  84/100 (seq_ix=1415113030): 0.979577
  train  85/100 (seq_ix=1236699497): 2.088430
  train  86/100 (seq_ix=372181850): 0.559529
  train  87/100 (seq_ix=1688142063): 1.052848
  train  88/100 (seq_ix=534041470): 0.158528
  train  89/100 (seq_ix=1036563475): 0.366326
  train  90/100 (seq_ix=422397392): 0.911563
  train  91/100 (seq_ix=159012369): 0.868594
  train  92/100 (seq_ix=551549935): 0.474749
  train  93/100 (seq_ix=1848114048): 0.982766
  train  94/100 (seq_ix=1741318143): 0.447041
  train  95/100 (seq_ix=675281486): 2.316042
  train  96/100 (seq_ix=898110762): 0.465388
  train  97/100 (seq_ix=1006830649): 0.719051
  train  98/100 (seq_ix=136704948): 0.364188
  train  99/100 (seq_ix=431995663): 0.462471
  train 100/100 (seq_ix=1902307434): 0.851386
Train mean loss: 0.848705
  valid   1/20 (seq_ix=180749831): 1.344309
  valid   2/20 (seq_ix=355898543): 0.815637
  valid   3/20 (seq_ix=705808958): 9.658062
  valid   4/20 (seq_ix=500271108): 1.631928
  valid   5/20 (seq_ix=1343217302): 1.107727
  valid   6/20 (seq_ix=909959284): 0.582209
  valid   7/20 (seq_ix=1702061024): 0.500931
  valid   8/20 (seq_ix=596544969): 1.473393
  valid   9/20 (seq_ix=1210015767): 0.310171
  valid  10/20 (seq_ix=1979857100): 0.736918
  valid  11/20 (seq_ix=125810080): 3.255822
  valid  12/20 (seq_ix=92307333): 1.365081
  valid  13/20 (seq_ix=482302805): 4.417735
  valid  14/20 (seq_ix=1416170278): 1.058950
  valid  15/20 (seq_ix=1675802868): 1.383055
  valid  16/20 (seq_ix=2043764292): 0.276988
  valid  17/20 (seq_ix=233220122): 0.706648
  valid  18/20 (seq_ix=1659498468): 0.925385
  valid  19/20 (seq_ix=1272271448): 0.239171
  valid  20/20 (seq_ix=1837760365): 0.805794
Validation mean loss: 1.629796
New best validation loss: 1.629796

Epoch 3/3
  train   1/100 (seq_ix=225652787): 1.131584
  train   2/100 (seq_ix=1164881438): 0.556549
  train   3/100 (seq_ix=1967513327): 0.719130
  train   4/100 (seq_ix=1260468996): 0.129646
  train   5/100 (seq_ix=40256537): 0.289031
  train   6/100 (seq_ix=1865536806): 1.123124
  train   7/100 (seq_ix=1069985558): 0.610033
  train   8/100 (seq_ix=893657349): 0.566461
  train   9/100 (seq_ix=1146893795): 0.209138
  train  10/100 (seq_ix=746679824): 1.263225
  train  11/100 (seq_ix=1524566408): 0.527151
  train  12/100 (seq_ix=1064886781): 0.682069
  train  13/100 (seq_ix=2112803082): 0.832479
  train  14/100 (seq_ix=119492795): 0.855915
  train  15/100 (seq_ix=1835911678): 1.251050
  train  16/100 (seq_ix=2024605638): 1.431693
  train  17/100 (seq_ix=1387531102): 1.716992
  train  18/100 (seq_ix=880367331): 1.346346
  train  19/100 (seq_ix=1242585024): 0.970995
  train  20/100 (seq_ix=2020986767): 0.673385
  train  21/100 (seq_ix=1299404002): 1.362079
  train  22/100 (seq_ix=2124682310): 0.374337
  train  23/100 (seq_ix=900872744): 0.697253
  train  24/100 (seq_ix=166523150): 0.573463
  train  25/100 (seq_ix=1616210265): 0.609620
  train  26/100 (seq_ix=169816067): 0.480830
  train  27/100 (seq_ix=1558422980): 0.660562
  train  28/100 (seq_ix=2076214668): 1.000061
  train  29/100 (seq_ix=793321424): 0.396442
  train  30/100 (seq_ix=1181513046): 0.874303
  train  31/100 (seq_ix=1993728896): 0.627353
  train  32/100 (seq_ix=1891016047): 0.627224
  train  33/100 (seq_ix=1661941497): 1.458125
  train  34/100 (seq_ix=1954537312): 0.644585
  train  35/100 (seq_ix=1875296450): 0.815963
  train  36/100 (seq_ix=1861265528): 0.683647
  train  37/100 (seq_ix=1536432553): 1.019048
  train  38/100 (seq_ix=1190375104): 0.470229
  train  39/100 (seq_ix=1984276013): 0.403657
  train  40/100 (seq_ix=554796223): 0.479542
  train  41/100 (seq_ix=1920739216): 0.196558
  train  42/100 (seq_ix=1125234681): 0.373578
  train  43/100 (seq_ix=2035564581): 0.631240
  train  44/100 (seq_ix=2009925233): 1.252007
  train  45/100 (seq_ix=440944124): 0.867648
  train  46/100 (seq_ix=2061624706): 1.223180
  train  47/100 (seq_ix=892616012): 0.425473
  train  48/100 (seq_ix=2091756591): 1.066674
  train  49/100 (seq_ix=794669342): 0.642174
  train  50/100 (seq_ix=838147554): 2.615880
  train  51/100 (seq_ix=224084042): 0.277202
  train  52/100 (seq_ix=603743424): 1.339450
  train  53/100 (seq_ix=1422297712): 0.981250
  train  54/100 (seq_ix=574766713): 0.381028
  train  55/100 (seq_ix=1024616050): 1.352468
  train  56/100 (seq_ix=945297869): 0.856155
  train  57/100 (seq_ix=1620823563): 0.579163
  train  58/100 (seq_ix=1734663822): 0.772540
  train  59/100 (seq_ix=11648220): 0.715916
  train  60/100 (seq_ix=161615974): 1.204149
  train  61/100 (seq_ix=1857215576): 0.434244
  train  62/100 (seq_ix=1316485909): 0.327991
  train  63/100 (seq_ix=543427545): 1.777949
  train  64/100 (seq_ix=454825559): 0.758731
  train  65/100 (seq_ix=1060570346): 0.668560
  train  66/100 (seq_ix=2127852642): 0.732895
  train  67/100 (seq_ix=1181030253): 0.259531
  train  68/100 (seq_ix=22603860): 0.881912
  train  69/100 (seq_ix=438826393): 0.196593
  train  70/100 (seq_ix=339120526): 0.917521
  train  71/100 (seq_ix=1386612278): 0.575711
  train  72/100 (seq_ix=1217617503): 1.084821
  train  73/100 (seq_ix=893903801): 0.503943
  train  74/100 (seq_ix=573516403): 0.388997
  train  75/100 (seq_ix=741433073): 2.193951
  train  76/100 (seq_ix=1596943199): 0.626441
  train  77/100 (seq_ix=961940615): 1.350823
  train  78/100 (seq_ix=1872335189): 1.250853
  train  79/100 (seq_ix=637966516): 1.138831
  train  80/100 (seq_ix=2093658216): 1.741717
  train  81/100 (seq_ix=1068499374): 0.429240
  train  82/100 (seq_ix=1718939767): 0.836069
  train  83/100 (seq_ix=1748421619): 1.629526
  train  84/100 (seq_ix=1415113030): 0.931110
  train  85/100 (seq_ix=1236699497): 2.065133
  train  86/100 (seq_ix=372181850): 0.549060
  train  87/100 (seq_ix=1688142063): 1.048533
  train  88/100 (seq_ix=534041470): 0.153993
  train  89/100 (seq_ix=1036563475): 0.367685
  train  90/100 (seq_ix=422397392): 0.904430
  train  91/100 (seq_ix=159012369): 0.843689
  train  92/100 (seq_ix=551549935): 0.463458
  train  93/100 (seq_ix=1848114048): 0.984099
  train  94/100 (seq_ix=1741318143): 0.441455
  train  95/100 (seq_ix=675281486): 2.306644
  train  96/100 (seq_ix=898110762): 0.458512
  train  97/100 (seq_ix=1006830649): 0.710202
  train  98/100 (seq_ix=136704948): 0.356554
  train  99/100 (seq_ix=431995663): 0.457127
  train 100/100 (seq_ix=1902307434): 0.857640
Train mean loss: 0.835042
  valid   1/20 (seq_ix=180749831): 1.311985
  valid   2/20 (seq_ix=355898543): 0.832918
  valid   3/20 (seq_ix=705808958): 9.586633
  valid   4/20 (seq_ix=500271108): 1.624300
  valid   5/20 (seq_ix=1343217302): 1.067955
  valid   6/20 (seq_ix=909959284): 0.564838
  valid   7/20 (seq_ix=1702061024): 0.498462
  valid   8/20 (seq_ix=596544969): 1.487521
  valid   9/20 (seq_ix=1210015767): 0.303543
  valid  10/20 (seq_ix=1979857100): 0.725171
  valid  11/20 (seq_ix=125810080): 3.290559
  valid  12/20 (seq_ix=92307333): 1.351429
  valid  13/20 (seq_ix=482302805): 4.408467
  valid  14/20 (seq_ix=1416170278): 1.057002
  valid  15/20 (seq_ix=1675802868): 1.327109
  valid  16/20 (seq_ix=2043764292): 0.284952
  valid  17/20 (seq_ix=233220122): 0.708061
  valid  18/20 (seq_ix=1659498468): 0.916246
  valid  19/20 (seq_ix=1272271448): 0.232077
  valid  20/20 (seq_ix=1837760365): 0.826705
Validation mean loss: 1.620297
New best validation loss: 1.620297

Elapsed time: 334.67 seconds
Best epoch: 3
Best validation MSE: 1.620297

Saved best checkpoint: results/looped_seed2_split1234.pt
Saved results: results/looped_seed2_split1234.json
