Device: cuda
GPU: NVIDIA RTX 5000 Ada Generation
Model: reinjected
Parameters: 317891
Training sequences: 100
Validation sequences: 20

Epoch 1/3
  train   1/100 (seq_ix=225652787): 1.558850
  train   2/100 (seq_ix=1164881438): 0.692220
  train   3/100 (seq_ix=1967513327): 0.803270
  train   4/100 (seq_ix=1260468996): 0.139079
  train   5/100 (seq_ix=40256537): 0.368434
  train   6/100 (seq_ix=1865536806): 1.249275
  train   7/100 (seq_ix=1069985558): 0.698924
  train   8/100 (seq_ix=893657349): 0.636936
  train   9/100 (seq_ix=1146893795): 0.227457
  train  10/100 (seq_ix=746679824): 1.347345
  train  11/100 (seq_ix=1524566408): 0.575769
  train  12/100 (seq_ix=1064886781): 0.664519
  train  13/100 (seq_ix=2112803082): 0.897994
  train  14/100 (seq_ix=119492795): 0.876765
  train  15/100 (seq_ix=1835911678): 1.391803
  train  16/100 (seq_ix=2024605638): 1.497729
  train  17/100 (seq_ix=1387531102): 1.781240
  train  18/100 (seq_ix=880367331): 1.514370
  train  19/100 (seq_ix=1242585024): 1.062737
  train  20/100 (seq_ix=2020986767): 0.690399
  train  21/100 (seq_ix=1299404002): 1.384361
  train  22/100 (seq_ix=2124682310): 0.399245
  train  23/100 (seq_ix=900872744): 0.772250
  train  24/100 (seq_ix=166523150): 0.597999
  train  25/100 (seq_ix=1616210265): 0.600141
  train  26/100 (seq_ix=169816067): 0.520166
  train  27/100 (seq_ix=1558422980): 0.728860
  train  28/100 (seq_ix=2076214668): 1.061955
  train  29/100 (seq_ix=793321424): 0.430617
  train  30/100 (seq_ix=1181513046): 0.855636
  train  31/100 (seq_ix=1993728896): 0.676520
  train  32/100 (seq_ix=1891016047): 0.655906
  train  33/100 (seq_ix=1661941497): 1.555296
  train  34/100 (seq_ix=1954537312): 0.668744
  train  35/100 (seq_ix=1875296450): 0.858312
  train  36/100 (seq_ix=1861265528): 0.675173
  train  37/100 (seq_ix=1536432553): 1.027160
  train  38/100 (seq_ix=1190375104): 0.592221
  train  39/100 (seq_ix=1984276013): 0.425206
  train  40/100 (seq_ix=554796223): 0.508330
  train  41/100 (seq_ix=1920739216): 0.234122
  train  42/100 (seq_ix=1125234681): 0.396344
  train  43/100 (seq_ix=2035564581): 0.657977
  train  44/100 (seq_ix=2009925233): 1.258966
  train  45/100 (seq_ix=440944124): 0.934088
  train  46/100 (seq_ix=2061624706): 1.228068
  train  47/100 (seq_ix=892616012): 0.470345
  train  48/100 (seq_ix=2091756591): 1.070902
  train  49/100 (seq_ix=794669342): 0.649059
  train  50/100 (seq_ix=838147554): 2.661422
  train  51/100 (seq_ix=224084042): 0.304896
  train  52/100 (seq_ix=603743424): 1.374261
  train  53/100 (seq_ix=1422297712): 1.054862
  train  54/100 (seq_ix=574766713): 0.404734
  train  55/100 (seq_ix=1024616050): 1.371576
  train  56/100 (seq_ix=945297869): 0.836970
  train  57/100 (seq_ix=1620823563): 0.618958
  train  58/100 (seq_ix=1734663822): 0.823519
  train  59/100 (seq_ix=11648220): 0.761692
  train  60/100 (seq_ix=161615974): 1.251448
  train  61/100 (seq_ix=1857215576): 0.519297
  train  62/100 (seq_ix=1316485909): 0.348096
  train  63/100 (seq_ix=543427545): 1.781634
  train  64/100 (seq_ix=454825559): 0.805360
  train  65/100 (seq_ix=1060570346): 0.693609
  train  66/100 (seq_ix=2127852642): 0.770659
  train  67/100 (seq_ix=1181030253): 0.282500
  train  68/100 (seq_ix=22603860): 0.908376
  train  69/100 (seq_ix=438826393): 0.224870
  train  70/100 (seq_ix=339120526): 0.934415
  train  71/100 (seq_ix=1386612278): 0.593735
  train  72/100 (seq_ix=1217617503): 1.090580
  train  73/100 (seq_ix=893903801): 0.531217
  train  74/100 (seq_ix=573516403): 0.380003
  train  75/100 (seq_ix=741433073): 2.194151
  train  76/100 (seq_ix=1596943199): 0.673811
  train  77/100 (seq_ix=961940615): 1.352734
  train  78/100 (seq_ix=1872335189): 1.288166
  train  79/100 (seq_ix=637966516): 1.148790
  train  80/100 (seq_ix=2093658216): 1.787177
  train  81/100 (seq_ix=1068499374): 0.463350
  train  82/100 (seq_ix=1718939767): 0.838246
  train  83/100 (seq_ix=1748421619): 1.677860
  train  84/100 (seq_ix=1415113030): 1.000564
  train  85/100 (seq_ix=1236699497): 2.101373
  train  86/100 (seq_ix=372181850): 0.575766
  train  87/100 (seq_ix=1688142063): 1.063376
  train  88/100 (seq_ix=534041470): 0.178384
  train  89/100 (seq_ix=1036563475): 0.356787
  train  90/100 (seq_ix=422397392): 0.926782
  train  91/100 (seq_ix=159012369): 0.922808
  train  92/100 (seq_ix=551549935): 0.515954
  train  93/100 (seq_ix=1848114048): 0.968093
  train  94/100 (seq_ix=1741318143): 0.466757
  train  95/100 (seq_ix=675281486): 2.327211
  train  96/100 (seq_ix=898110762): 0.471855
  train  97/100 (seq_ix=1006830649): 0.725983
  train  98/100 (seq_ix=136704948): 0.370253
  train  99/100 (seq_ix=431995663): 0.471273
  train 100/100 (seq_ix=1902307434): 0.848107
Train mean loss: 0.876134
  valid   1/20 (seq_ix=180749831): 1.369306
  valid   2/20 (seq_ix=355898543): 0.798859
  valid   3/20 (seq_ix=705808958): 9.368119
  valid   4/20 (seq_ix=500271108): 1.630287
  valid   5/20 (seq_ix=1343217302): 1.104576
  valid   6/20 (seq_ix=909959284): 0.595985
  valid   7/20 (seq_ix=1702061024): 0.485176
  valid   8/20 (seq_ix=596544969): 1.503453
  valid   9/20 (seq_ix=1210015767): 0.312810
  valid  10/20 (seq_ix=1979857100): 0.735169
  valid  11/20 (seq_ix=125810080): 3.201360
  valid  12/20 (seq_ix=92307333): 1.332809
  valid  13/20 (seq_ix=482302805): 4.574761
  valid  14/20 (seq_ix=1416170278): 1.068059
  valid  15/20 (seq_ix=1675802868): 1.353249
  valid  16/20 (seq_ix=2043764292): 0.260617
  valid  17/20 (seq_ix=233220122): 0.737830
  valid  18/20 (seq_ix=1659498468): 0.943537
  valid  19/20 (seq_ix=1272271448): 0.229893
  valid  20/20 (seq_ix=1837760365): 0.841191
Validation mean loss: 1.622352
New best validation loss: 1.622352

Epoch 2/3
  train   1/100 (seq_ix=225652787): 1.154511
  train   2/100 (seq_ix=1164881438): 0.582023
  train   3/100 (seq_ix=1967513327): 0.748384
  train   4/100 (seq_ix=1260468996): 0.130514
  train   5/100 (seq_ix=40256537): 0.299300
  train   6/100 (seq_ix=1865536806): 1.110302
  train   7/100 (seq_ix=1069985558): 0.631748
  train   8/100 (seq_ix=893657349): 0.580127
  train   9/100 (seq_ix=1146893795): 0.205313
  train  10/100 (seq_ix=746679824): 1.267330
  train  11/100 (seq_ix=1524566408): 0.548105
  train  12/100 (seq_ix=1064886781): 0.658516
  train  13/100 (seq_ix=2112803082): 0.851821
  train  14/100 (seq_ix=119492795): 0.849835
  train  15/100 (seq_ix=1835911678): 1.265375
  train  16/100 (seq_ix=2024605638): 1.439783
  train  17/100 (seq_ix=1387531102): 1.720678
  train  18/100 (seq_ix=880367331): 1.407566
  train  19/100 (seq_ix=1242585024): 0.989663
  train  20/100 (seq_ix=2020986767): 0.675507
  train  21/100 (seq_ix=1299404002): 1.381030
  train  22/100 (seq_ix=2124682310): 0.388204
  train  23/100 (seq_ix=900872744): 0.709873
  train  24/100 (seq_ix=166523150): 0.591984
  train  25/100 (seq_ix=1616210265): 0.583487
  train  26/100 (seq_ix=169816067): 0.496001
  train  27/100 (seq_ix=1558422980): 0.689653
  train  28/100 (seq_ix=2076214668): 1.019844
  train  29/100 (seq_ix=793321424): 0.400090
  train  30/100 (seq_ix=1181513046): 0.865535
  train  31/100 (seq_ix=1993728896): 0.660408
  train  32/100 (seq_ix=1891016047): 0.634052
  train  33/100 (seq_ix=1661941497): 1.502711
  train  34/100 (seq_ix=1954537312): 0.658582
  train  35/100 (seq_ix=1875296450): 0.831569
  train  36/100 (seq_ix=1861265528): 0.692348
  train  37/100 (seq_ix=1536432553): 1.022941
  train  38/100 (seq_ix=1190375104): 0.499927
  train  39/100 (seq_ix=1984276013): 0.410202
  train  40/100 (seq_ix=554796223): 0.481616
  train  41/100 (seq_ix=1920739216): 0.204335
  train  42/100 (seq_ix=1125234681): 0.376836
  train  43/100 (seq_ix=2035564581): 0.642117
  train  44/100 (seq_ix=2009925233): 1.251585
  train  45/100 (seq_ix=440944124): 0.896420
  train  46/100 (seq_ix=2061624706): 1.205473
  train  47/100 (seq_ix=892616012): 0.441273
  train  48/100 (seq_ix=2091756591): 1.052545
  train  49/100 (seq_ix=794669342): 0.644604
  train  50/100 (seq_ix=838147554): 2.642893
  train  51/100 (seq_ix=224084042): 0.274692
  train  52/100 (seq_ix=603743424): 1.353007
  train  53/100 (seq_ix=1422297712): 1.031004
  train  54/100 (seq_ix=574766713): 0.393304
  train  55/100 (seq_ix=1024616050): 1.367462
  train  56/100 (seq_ix=945297869): 0.834875
  train  57/100 (seq_ix=1620823563): 0.585169
  train  58/100 (seq_ix=1734663822): 0.793222
  train  59/100 (seq_ix=11648220): 0.733162
  train  60/100 (seq_ix=161615974): 1.202826
  train  61/100 (seq_ix=1857215576): 0.460905
  train  62/100 (seq_ix=1316485909): 0.333044
  train  63/100 (seq_ix=543427545): 1.786757
  train  64/100 (seq_ix=454825559): 0.782551
  train  65/100 (seq_ix=1060570346): 0.664888
  train  66/100 (seq_ix=2127852642): 0.758719
  train  67/100 (seq_ix=1181030253): 0.267640
  train  68/100 (seq_ix=22603860): 0.891928
  train  69/100 (seq_ix=438826393): 0.208969
  train  70/100 (seq_ix=339120526): 0.922208
  train  71/100 (seq_ix=1386612278): 0.576321
  train  72/100 (seq_ix=1217617503): 1.095675
  train  73/100 (seq_ix=893903801): 0.527107
  train  74/100 (seq_ix=573516403): 0.385182
  train  75/100 (seq_ix=741433073): 2.185042
  train  76/100 (seq_ix=1596943199): 0.648422
  train  77/100 (seq_ix=961940615): 1.337513
  train  78/100 (seq_ix=1872335189): 1.271698
  train  79/100 (seq_ix=637966516): 1.127123
  train  80/100 (seq_ix=2093658216): 1.761954
  train  81/100 (seq_ix=1068499374): 0.459571
  train  82/100 (seq_ix=1718939767): 0.838388
  train  83/100 (seq_ix=1748421619): 1.650949
  train  84/100 (seq_ix=1415113030): 0.978754
  train  85/100 (seq_ix=1236699497): 2.079210
  train  86/100 (seq_ix=372181850): 0.561532
  train  87/100 (seq_ix=1688142063): 1.045353
  train  88/100 (seq_ix=534041470): 0.168739
  train  89/100 (seq_ix=1036563475): 0.343957
  train  90/100 (seq_ix=422397392): 0.914623
  train  91/100 (seq_ix=159012369): 0.876793
  train  92/100 (seq_ix=551549935): 0.491081
  train  93/100 (seq_ix=1848114048): 0.976196
  train  94/100 (seq_ix=1741318143): 0.449378
  train  95/100 (seq_ix=675281486): 2.321468
  train  96/100 (seq_ix=898110762): 0.466059
  train  97/100 (seq_ix=1006830649): 0.711012
  train  98/100 (seq_ix=136704948): 0.362177
  train  99/100 (seq_ix=431995663): 0.468663
  train 100/100 (seq_ix=1902307434): 0.833951
Train mean loss: 0.845548
  valid   1/20 (seq_ix=180749831): 1.335141
  valid   2/20 (seq_ix=355898543): 0.825994
  valid   3/20 (seq_ix=705808958): 9.449411
  valid   4/20 (seq_ix=500271108): 1.627383
  valid   5/20 (seq_ix=1343217302): 1.089137
  valid   6/20 (seq_ix=909959284): 0.576529
  valid   7/20 (seq_ix=1702061024): 0.476281
  valid   8/20 (seq_ix=596544969): 1.497776
  valid   9/20 (seq_ix=1210015767): 0.309267
  valid  10/20 (seq_ix=1979857100): 0.740469
  valid  11/20 (seq_ix=125810080): 3.198181
  valid  12/20 (seq_ix=92307333): 1.331888
  valid  13/20 (seq_ix=482302805): 4.419448
  valid  14/20 (seq_ix=1416170278): 1.062111
  valid  15/20 (seq_ix=1675802868): 1.355149
  valid  16/20 (seq_ix=2043764292): 0.265177
  valid  17/20 (seq_ix=233220122): 0.707737
  valid  18/20 (seq_ix=1659498468): 0.923720
  valid  19/20 (seq_ix=1272271448): 0.229230
  valid  20/20 (seq_ix=1837760365): 0.856995
Validation mean loss: 1.613851
New best validation loss: 1.613851

Epoch 3/3
  train   1/100 (seq_ix=225652787): 1.127452
  train   2/100 (seq_ix=1164881438): 0.567211
  train   3/100 (seq_ix=1967513327): 0.731597
  train   4/100 (seq_ix=1260468996): 0.125947
  train   5/100 (seq_ix=40256537): 0.290468
  train   6/100 (seq_ix=1865536806): 1.066459
  train   7/100 (seq_ix=1069985558): 0.613738
  train   8/100 (seq_ix=893657349): 0.573113
  train   9/100 (seq_ix=1146893795): 0.213389
  train  10/100 (seq_ix=746679824): 1.256027
  train  11/100 (seq_ix=1524566408): 0.516714
  train  12/100 (seq_ix=1064886781): 0.648136
  train  13/100 (seq_ix=2112803082): 0.839361
  train  14/100 (seq_ix=119492795): 0.847492
  train  15/100 (seq_ix=1835911678): 1.230306
  train  16/100 (seq_ix=2024605638): 1.421073
  train  17/100 (seq_ix=1387531102): 1.718291
  train  18/100 (seq_ix=880367331): 1.349097
  train  19/100 (seq_ix=1242585024): 0.966476
  train  20/100 (seq_ix=2020986767): 0.676968
  train  21/100 (seq_ix=1299404002): 1.384972
  train  22/100 (seq_ix=2124682310): 0.384616
  train  23/100 (seq_ix=900872744): 0.694676
  train  24/100 (seq_ix=166523150): 0.583576
  train  25/100 (seq_ix=1616210265): 0.599169
  train  26/100 (seq_ix=169816067): 0.484238
  train  27/100 (seq_ix=1558422980): 0.669539
  train  28/100 (seq_ix=2076214668): 0.992845
  train  29/100 (seq_ix=793321424): 0.403257
  train  30/100 (seq_ix=1181513046): 0.862885
  train  31/100 (seq_ix=1993728896): 0.629380
  train  32/100 (seq_ix=1891016047): 0.625157
  train  33/100 (seq_ix=1661941497): 1.470214
  train  34/100 (seq_ix=1954537312): 0.627204
  train  35/100 (seq_ix=1875296450): 0.825100
  train  36/100 (seq_ix=1861265528): 0.698659
  train  37/100 (seq_ix=1536432553): 1.020616
  train  38/100 (seq_ix=1190375104): 0.474546
  train  39/100 (seq_ix=1984276013): 0.406579
  train  40/100 (seq_ix=554796223): 0.466734
  train  41/100 (seq_ix=1920739216): 0.201723
  train  42/100 (seq_ix=1125234681): 0.368524
  train  43/100 (seq_ix=2035564581): 0.631626
  train  44/100 (seq_ix=2009925233): 1.235091
  train  45/100 (seq_ix=440944124): 0.878012
  train  46/100 (seq_ix=2061624706): 1.201076
  train  47/100 (seq_ix=892616012): 0.437335
  train  48/100 (seq_ix=2091756591): 1.049510
  train  49/100 (seq_ix=794669342): 0.623114
  train  50/100 (seq_ix=838147554): 2.637403
  train  51/100 (seq_ix=224084042): 0.254550
  train  52/100 (seq_ix=603743424): 1.334203
  train  53/100 (seq_ix=1422297712): 1.019078
  train  54/100 (seq_ix=574766713): 0.385329
  train  55/100 (seq_ix=1024616050): 1.360765
  train  56/100 (seq_ix=945297869): 0.808165
  train  57/100 (seq_ix=1620823563): 0.569356
  train  58/100 (seq_ix=1734663822): 0.778357
  train  59/100 (seq_ix=11648220): 0.709373
  train  60/100 (seq_ix=161615974): 1.192679
  train  61/100 (seq_ix=1857215576): 0.423807
  train  62/100 (seq_ix=1316485909): 0.334700
  train  63/100 (seq_ix=543427545): 1.786539
  train  64/100 (seq_ix=454825559): 0.769485
  train  65/100 (seq_ix=1060570346): 0.668315
  train  66/100 (seq_ix=2127852642): 0.748971
  train  67/100 (seq_ix=1181030253): 0.258038
  train  68/100 (seq_ix=22603860): 0.883100
  train  69/100 (seq_ix=438826393): 0.197087
  train  70/100 (seq_ix=339120526): 0.912209
  train  71/100 (seq_ix=1386612278): 0.569144
  train  72/100 (seq_ix=1217617503): 1.094689
  train  73/100 (seq_ix=893903801): 0.522831
  train  74/100 (seq_ix=573516403): 0.386862
  train  75/100 (seq_ix=741433073): 2.179687
  train  76/100 (seq_ix=1596943199): 0.628552
  train  77/100 (seq_ix=961940615): 1.328901
  train  78/100 (seq_ix=1872335189): 1.261684
  train  79/100 (seq_ix=637966516): 1.119609
  train  80/100 (seq_ix=2093658216): 1.759063
  train  81/100 (seq_ix=1068499374): 0.460936
  train  82/100 (seq_ix=1718939767): 0.838903
  train  83/100 (seq_ix=1748421619): 1.629961
  train  84/100 (seq_ix=1415113030): 0.969056
  train  85/100 (seq_ix=1236699497): 2.057583
  train  86/100 (seq_ix=372181850): 0.551889
  train  87/100 (seq_ix=1688142063): 1.036591
  train  88/100 (seq_ix=534041470): 0.163946
  train  89/100 (seq_ix=1036563475): 0.349751
  train  90/100 (seq_ix=422397392): 0.907444
  train  91/100 (seq_ix=159012369): 0.843092
  train  92/100 (seq_ix=551549935): 0.475684
  train  93/100 (seq_ix=1848114048): 0.975085
  train  94/100 (seq_ix=1741318143): 0.439479
  train  95/100 (seq_ix=675281486): 2.311715
  train  96/100 (seq_ix=898110762): 0.464454
  train  97/100 (seq_ix=1006830649): 0.700312
  train  98/100 (seq_ix=136704948): 0.356292
  train  99/100 (seq_ix=431995663): 0.460099
  train 100/100 (seq_ix=1902307434): 0.831570
Train mean loss: 0.834157
  valid   1/20 (seq_ix=180749831): 1.330157
  valid   2/20 (seq_ix=355898543): 0.828823
  valid   3/20 (seq_ix=705808958): 9.508083
  valid   4/20 (seq_ix=500271108): 1.626517
  valid   5/20 (seq_ix=1343217302): 1.086314
  valid   6/20 (seq_ix=909959284): 0.571728
  valid   7/20 (seq_ix=1702061024): 0.483891
  valid   8/20 (seq_ix=596544969): 1.480778
  valid   9/20 (seq_ix=1210015767): 0.308941
  valid  10/20 (seq_ix=1979857100): 0.765599
  valid  11/20 (seq_ix=125810080): 3.213662
  valid  12/20 (seq_ix=92307333): 1.318623
  valid  13/20 (seq_ix=482302805): 4.395449
  valid  14/20 (seq_ix=1416170278): 1.047535
  valid  15/20 (seq_ix=1675802868): 1.343503
  valid  16/20 (seq_ix=2043764292): 0.271529
  valid  17/20 (seq_ix=233220122): 0.703691
  valid  18/20 (seq_ix=1659498468): 0.912215
  valid  19/20 (seq_ix=1272271448): 0.236013
  valid  20/20 (seq_ix=1837760365): 0.850300
Validation mean loss: 1.614167

Elapsed time: 339.17 seconds
Best epoch: 2
Best validation MSE: 1.613851

Learned reinjection gate: 0.13784833252429962

Saved best checkpoint: results/reinjected_seed0_split1234.pt
Saved results: results/reinjected_seed0_split1234.json
