Device: cuda
GPU: NVIDIA RTX 5000 Ada Generation
Model: reinjected
Parameters: 317891
Training sequences: 100
Validation sequences: 20

Epoch 1/3
  train   1/100 (seq_ix=225652787): 1.396925
  train   2/100 (seq_ix=1164881438): 0.691550
  train   3/100 (seq_ix=1967513327): 0.775515
  train   4/100 (seq_ix=1260468996): 0.186780
  train   5/100 (seq_ix=40256537): 0.356493
  train   6/100 (seq_ix=1865536806): 1.248786
  train   7/100 (seq_ix=1069985558): 0.716716
  train   8/100 (seq_ix=893657349): 0.657312
  train   9/100 (seq_ix=1146893795): 0.228773
  train  10/100 (seq_ix=746679824): 1.370499
  train  11/100 (seq_ix=1524566408): 0.539355
  train  12/100 (seq_ix=1064886781): 0.809452
  train  13/100 (seq_ix=2112803082): 0.834684
  train  14/100 (seq_ix=119492795): 0.886860
  train  15/100 (seq_ix=1835911678): 1.334108
  train  16/100 (seq_ix=2024605638): 1.527768
  train  17/100 (seq_ix=1387531102): 1.779903
  train  18/100 (seq_ix=880367331): 1.548644
  train  19/100 (seq_ix=1242585024): 1.094121
  train  20/100 (seq_ix=2020986767): 0.674974
  train  21/100 (seq_ix=1299404002): 1.356443
  train  22/100 (seq_ix=2124682310): 0.399679
  train  23/100 (seq_ix=900872744): 0.794903
  train  24/100 (seq_ix=166523150): 0.599745
  train  25/100 (seq_ix=1616210265): 0.613252
  train  26/100 (seq_ix=169816067): 0.536334
  train  27/100 (seq_ix=1558422980): 0.718271
  train  28/100 (seq_ix=2076214668): 1.050508
  train  29/100 (seq_ix=793321424): 0.439845
  train  30/100 (seq_ix=1181513046): 0.874761
  train  31/100 (seq_ix=1993728896): 0.708665
  train  32/100 (seq_ix=1891016047): 0.646673
  train  33/100 (seq_ix=1661941497): 1.570988
  train  34/100 (seq_ix=1954537312): 0.663438
  train  35/100 (seq_ix=1875296450): 0.859406
  train  36/100 (seq_ix=1861265528): 0.684396
  train  37/100 (seq_ix=1536432553): 1.038787
  train  38/100 (seq_ix=1190375104): 0.603857
  train  39/100 (seq_ix=1984276013): 0.423673
  train  40/100 (seq_ix=554796223): 0.509696
  train  41/100 (seq_ix=1920739216): 0.230243
  train  42/100 (seq_ix=1125234681): 0.410403
  train  43/100 (seq_ix=2035564581): 0.661809
  train  44/100 (seq_ix=2009925233): 1.272671
  train  45/100 (seq_ix=440944124): 0.958355
  train  46/100 (seq_ix=2061624706): 1.281260
  train  47/100 (seq_ix=892616012): 0.458933
  train  48/100 (seq_ix=2091756591): 1.097985
  train  49/100 (seq_ix=794669342): 0.680780
  train  50/100 (seq_ix=838147554): 2.646218
  train  51/100 (seq_ix=224084042): 0.369662
  train  52/100 (seq_ix=603743424): 1.386309
  train  53/100 (seq_ix=1422297712): 1.045350
  train  54/100 (seq_ix=574766713): 0.394866
  train  55/100 (seq_ix=1024616050): 1.394872
  train  56/100 (seq_ix=945297869): 0.877151
  train  57/100 (seq_ix=1620823563): 0.622888
  train  58/100 (seq_ix=1734663822): 0.827470
  train  59/100 (seq_ix=11648220): 0.798463
  train  60/100 (seq_ix=161615974): 1.277004
  train  61/100 (seq_ix=1857215576): 0.518562
  train  62/100 (seq_ix=1316485909): 0.347766
  train  63/100 (seq_ix=543427545): 1.845327
  train  64/100 (seq_ix=454825559): 0.795118
  train  65/100 (seq_ix=1060570346): 0.695091
  train  66/100 (seq_ix=2127852642): 0.776987
  train  67/100 (seq_ix=1181030253): 0.281116
  train  68/100 (seq_ix=22603860): 0.941746
  train  69/100 (seq_ix=438826393): 0.208172
  train  70/100 (seq_ix=339120526): 0.940532
  train  71/100 (seq_ix=1386612278): 0.600925
  train  72/100 (seq_ix=1217617503): 1.087243
  train  73/100 (seq_ix=893903801): 0.538116
  train  74/100 (seq_ix=573516403): 0.389174
  train  75/100 (seq_ix=741433073): 2.194738
  train  76/100 (seq_ix=1596943199): 0.693046
  train  77/100 (seq_ix=961940615): 1.361310
  train  78/100 (seq_ix=1872335189): 1.288609
  train  79/100 (seq_ix=637966516): 1.159541
  train  80/100 (seq_ix=2093658216): 1.789768
  train  81/100 (seq_ix=1068499374): 0.461933
  train  82/100 (seq_ix=1718939767): 0.850572
  train  83/100 (seq_ix=1748421619): 1.687038
  train  84/100 (seq_ix=1415113030): 1.004184
  train  85/100 (seq_ix=1236699497): 2.135740
  train  86/100 (seq_ix=372181850): 0.572799
  train  87/100 (seq_ix=1688142063): 1.066185
  train  88/100 (seq_ix=534041470): 0.167663
  train  89/100 (seq_ix=1036563475): 0.369454
  train  90/100 (seq_ix=422397392): 0.914458
  train  91/100 (seq_ix=159012369): 0.900533
  train  92/100 (seq_ix=551549935): 0.494027
  train  93/100 (seq_ix=1848114048): 0.969798
  train  94/100 (seq_ix=1741318143): 0.458262
  train  95/100 (seq_ix=675281486): 2.320735
  train  96/100 (seq_ix=898110762): 0.472065
  train  97/100 (seq_ix=1006830649): 0.725189
  train  98/100 (seq_ix=136704948): 0.372113
  train  99/100 (seq_ix=431995663): 0.473940
  train 100/100 (seq_ix=1902307434): 0.858750
Train mean loss: 0.881736
  valid   1/20 (seq_ix=180749831): 1.395907
  valid   2/20 (seq_ix=355898543): 0.795810
  valid   3/20 (seq_ix=705808958): 9.661902
  valid   4/20 (seq_ix=500271108): 1.644394
  valid   5/20 (seq_ix=1343217302): 1.172658
  valid   6/20 (seq_ix=909959284): 0.616709
  valid   7/20 (seq_ix=1702061024): 0.546047
  valid   8/20 (seq_ix=596544969): 1.452209
  valid   9/20 (seq_ix=1210015767): 0.335402
  valid  10/20 (seq_ix=1979857100): 0.766106
  valid  11/20 (seq_ix=125810080): 3.249574
  valid  12/20 (seq_ix=92307333): 1.365879
  valid  13/20 (seq_ix=482302805): 4.593434
  valid  14/20 (seq_ix=1416170278): 1.076076
  valid  15/20 (seq_ix=1675802868): 1.454202
  valid  16/20 (seq_ix=2043764292): 0.275909
  valid  17/20 (seq_ix=233220122): 0.729514
  valid  18/20 (seq_ix=1659498468): 0.957966
  valid  19/20 (seq_ix=1272271448): 0.255637
  valid  20/20 (seq_ix=1837760365): 0.791477
Validation mean loss: 1.656840
New best validation loss: 1.656840

Epoch 2/3
  train   1/100 (seq_ix=225652787): 1.168127
  train   2/100 (seq_ix=1164881438): 0.574349
  train   3/100 (seq_ix=1967513327): 0.711813
  train   4/100 (seq_ix=1260468996): 0.131798
  train   5/100 (seq_ix=40256537): 0.298799
  train   6/100 (seq_ix=1865536806): 1.133622
  train   7/100 (seq_ix=1069985558): 0.626162
  train   8/100 (seq_ix=893657349): 0.592659
  train   9/100 (seq_ix=1146893795): 0.200520
  train  10/100 (seq_ix=746679824): 1.292010
  train  11/100 (seq_ix=1524566408): 0.549428
  train  12/100 (seq_ix=1064886781): 0.706626
  train  13/100 (seq_ix=2112803082): 0.838926
  train  14/100 (seq_ix=119492795): 0.856807
  train  15/100 (seq_ix=1835911678): 1.255400
  train  16/100 (seq_ix=2024605638): 1.454589
  train  17/100 (seq_ix=1387531102): 1.742623
  train  18/100 (seq_ix=880367331): 1.360220
  train  19/100 (seq_ix=1242585024): 0.988954
  train  20/100 (seq_ix=2020986767): 0.688070
  train  21/100 (seq_ix=1299404002): 1.354372
  train  22/100 (seq_ix=2124682310): 0.382625
  train  23/100 (seq_ix=900872744): 0.719635
  train  24/100 (seq_ix=166523150): 0.586317
  train  25/100 (seq_ix=1616210265): 0.597090
  train  26/100 (seq_ix=169816067): 0.495104
  train  27/100 (seq_ix=1558422980): 0.688345
  train  28/100 (seq_ix=2076214668): 1.015402
  train  29/100 (seq_ix=793321424): 0.398002
  train  30/100 (seq_ix=1181513046): 0.890769
  train  31/100 (seq_ix=1993728896): 0.648892
  train  32/100 (seq_ix=1891016047): 0.630877
  train  33/100 (seq_ix=1661941497): 1.485047
  train  34/100 (seq_ix=1954537312): 0.663578
  train  35/100 (seq_ix=1875296450): 0.829219
  train  36/100 (seq_ix=1861265528): 0.699800
  train  37/100 (seq_ix=1536432553): 1.030169
  train  38/100 (seq_ix=1190375104): 0.513734
  train  39/100 (seq_ix=1984276013): 0.407848
  train  40/100 (seq_ix=554796223): 0.489922
  train  41/100 (seq_ix=1920739216): 0.208423
  train  42/100 (seq_ix=1125234681): 0.377488
  train  43/100 (seq_ix=2035564581): 0.646619
  train  44/100 (seq_ix=2009925233): 1.262411
  train  45/100 (seq_ix=440944124): 0.888330
  train  46/100 (seq_ix=2061624706): 1.250582
  train  47/100 (seq_ix=892616012): 0.432649
  train  48/100 (seq_ix=2091756591): 1.087252
  train  49/100 (seq_ix=794669342): 0.654598
  train  50/100 (seq_ix=838147554): 2.636051
  train  51/100 (seq_ix=224084042): 0.314189
  train  52/100 (seq_ix=603743424): 1.361469
  train  53/100 (seq_ix=1422297712): 1.007105
  train  54/100 (seq_ix=574766713): 0.382486
  train  55/100 (seq_ix=1024616050): 1.368269
  train  56/100 (seq_ix=945297869): 0.860156
  train  57/100 (seq_ix=1620823563): 0.597537
  train  58/100 (seq_ix=1734663822): 0.785720
  train  59/100 (seq_ix=11648220): 0.745053
  train  60/100 (seq_ix=161615974): 1.211368
  train  61/100 (seq_ix=1857215576): 0.461697
  train  62/100 (seq_ix=1316485909): 0.336001
  train  63/100 (seq_ix=543427545): 1.806265
  train  64/100 (seq_ix=454825559): 0.767995
  train  65/100 (seq_ix=1060570346): 0.684584
  train  66/100 (seq_ix=2127852642): 0.760463
  train  67/100 (seq_ix=1181030253): 0.255547
  train  68/100 (seq_ix=22603860): 0.904915
  train  69/100 (seq_ix=438826393): 0.207864
  train  70/100 (seq_ix=339120526): 0.923095
  train  71/100 (seq_ix=1386612278): 0.580739
  train  72/100 (seq_ix=1217617503): 1.088552
  train  73/100 (seq_ix=893903801): 0.515423
  train  74/100 (seq_ix=573516403): 0.385722
  train  75/100 (seq_ix=741433073): 2.183851
  train  76/100 (seq_ix=1596943199): 0.644267
  train  77/100 (seq_ix=961940615): 1.353480
  train  78/100 (seq_ix=1872335189): 1.265469
  train  79/100 (seq_ix=637966516): 1.138134
  train  80/100 (seq_ix=2093658216): 1.764049
  train  81/100 (seq_ix=1068499374): 0.449063
  train  82/100 (seq_ix=1718939767): 0.843598
  train  83/100 (seq_ix=1748421619): 1.642962
  train  84/100 (seq_ix=1415113030): 0.982262
  train  85/100 (seq_ix=1236699497): 2.092072
  train  86/100 (seq_ix=372181850): 0.560146
  train  87/100 (seq_ix=1688142063): 1.050907
  train  88/100 (seq_ix=534041470): 0.159188
  train  89/100 (seq_ix=1036563475): 0.366996
  train  90/100 (seq_ix=422397392): 0.910583
  train  91/100 (seq_ix=159012369): 0.866758
  train  92/100 (seq_ix=551549935): 0.475692
  train  93/100 (seq_ix=1848114048): 0.982518
  train  94/100 (seq_ix=1741318143): 0.446495
  train  95/100 (seq_ix=675281486): 2.318988
  train  96/100 (seq_ix=898110762): 0.465715
  train  97/100 (seq_ix=1006830649): 0.715620
  train  98/100 (seq_ix=136704948): 0.364272
  train  99/100 (seq_ix=431995663): 0.460685
  train 100/100 (seq_ix=1902307434): 0.850804
Train mean loss: 0.848094
  valid   1/20 (seq_ix=180749831): 1.347171
  valid   2/20 (seq_ix=355898543): 0.815892
  valid   3/20 (seq_ix=705808958): 9.632368
  valid   4/20 (seq_ix=500271108): 1.632925
  valid   5/20 (seq_ix=1343217302): 1.115295
  valid   6/20 (seq_ix=909959284): 0.582333
  valid   7/20 (seq_ix=1702061024): 0.499407
  valid   8/20 (seq_ix=596544969): 1.472819
  valid   9/20 (seq_ix=1210015767): 0.310118
  valid  10/20 (seq_ix=1979857100): 0.740850
  valid  11/20 (seq_ix=125810080): 3.269688
  valid  12/20 (seq_ix=92307333): 1.369192
  valid  13/20 (seq_ix=482302805): 4.413894
  valid  14/20 (seq_ix=1416170278): 1.067020
  valid  15/20 (seq_ix=1675802868): 1.393696
  valid  16/20 (seq_ix=2043764292): 0.275596
  valid  17/20 (seq_ix=233220122): 0.706336
  valid  18/20 (seq_ix=1659498468): 0.929104
  valid  19/20 (seq_ix=1272271448): 0.239929
  valid  20/20 (seq_ix=1837760365): 0.804523
Validation mean loss: 1.630908
New best validation loss: 1.630908

Epoch 3/3
  train   1/100 (seq_ix=225652787): 1.132140
  train   2/100 (seq_ix=1164881438): 0.555769
  train   3/100 (seq_ix=1967513327): 0.717609
  train   4/100 (seq_ix=1260468996): 0.129873
  train   5/100 (seq_ix=40256537): 0.288112
  train   6/100 (seq_ix=1865536806): 1.119047
  train   7/100 (seq_ix=1069985558): 0.609259
  train   8/100 (seq_ix=893657349): 0.566899
  train   9/100 (seq_ix=1146893795): 0.208837
  train  10/100 (seq_ix=746679824): 1.263185
  train  11/100 (seq_ix=1524566408): 0.525325
  train  12/100 (seq_ix=1064886781): 0.671844
  train  13/100 (seq_ix=2112803082): 0.834772
  train  14/100 (seq_ix=119492795): 0.855265
  train  15/100 (seq_ix=1835911678): 1.243267
  train  16/100 (seq_ix=2024605638): 1.432101
  train  17/100 (seq_ix=1387531102): 1.710868
  train  18/100 (seq_ix=880367331): 1.340930
  train  19/100 (seq_ix=1242585024): 0.969521
  train  20/100 (seq_ix=2020986767): 0.674703
  train  21/100 (seq_ix=1299404002): 1.363353
  train  22/100 (seq_ix=2124682310): 0.374073
  train  23/100 (seq_ix=900872744): 0.697801
  train  24/100 (seq_ix=166523150): 0.573651
  train  25/100 (seq_ix=1616210265): 0.609042
  train  26/100 (seq_ix=169816067): 0.476696
  train  27/100 (seq_ix=1558422980): 0.659466
  train  28/100 (seq_ix=2076214668): 1.004135
  train  29/100 (seq_ix=793321424): 0.398441
  train  30/100 (seq_ix=1181513046): 0.872184
  train  31/100 (seq_ix=1993728896): 0.623477
  train  32/100 (seq_ix=1891016047): 0.627834
  train  33/100 (seq_ix=1661941497): 1.460946
  train  34/100 (seq_ix=1954537312): 0.644199
  train  35/100 (seq_ix=1875296450): 0.816298
  train  36/100 (seq_ix=1861265528): 0.689171
  train  37/100 (seq_ix=1536432553): 1.021816
  train  38/100 (seq_ix=1190375104): 0.465536
  train  39/100 (seq_ix=1984276013): 0.402535
  train  40/100 (seq_ix=554796223): 0.480698
  train  41/100 (seq_ix=1920739216): 0.196561
  train  42/100 (seq_ix=1125234681): 0.373895
  train  43/100 (seq_ix=2035564581): 0.631832
  train  44/100 (seq_ix=2009925233): 1.256996
  train  45/100 (seq_ix=440944124): 0.864344
  train  46/100 (seq_ix=2061624706): 1.220487
  train  47/100 (seq_ix=892616012): 0.427741
  train  48/100 (seq_ix=2091756591): 1.068267
  train  49/100 (seq_ix=794669342): 0.643463
  train  50/100 (seq_ix=838147554): 2.620399
  train  51/100 (seq_ix=224084042): 0.275878
  train  52/100 (seq_ix=603743424): 1.338280
  train  53/100 (seq_ix=1422297712): 0.986574
  train  54/100 (seq_ix=574766713): 0.381382
  train  55/100 (seq_ix=1024616050): 1.350319
  train  56/100 (seq_ix=945297869): 0.838777
  train  57/100 (seq_ix=1620823563): 0.579562
  train  58/100 (seq_ix=1734663822): 0.771595
  train  59/100 (seq_ix=11648220): 0.715261
  train  60/100 (seq_ix=161615974): 1.202289
  train  61/100 (seq_ix=1857215576): 0.430311
  train  62/100 (seq_ix=1316485909): 0.329266
  train  63/100 (seq_ix=543427545): 1.779049
  train  64/100 (seq_ix=454825559): 0.762685
  train  65/100 (seq_ix=1060570346): 0.667843
  train  66/100 (seq_ix=2127852642): 0.731157
  train  67/100 (seq_ix=1181030253): 0.257679
  train  68/100 (seq_ix=22603860): 0.883067
  train  69/100 (seq_ix=438826393): 0.197065
  train  70/100 (seq_ix=339120526): 0.916333
  train  71/100 (seq_ix=1386612278): 0.574005
  train  72/100 (seq_ix=1217617503): 1.086704
  train  73/100 (seq_ix=893903801): 0.502560
  train  74/100 (seq_ix=573516403): 0.390662
  train  75/100 (seq_ix=741433073): 2.193728
  train  76/100 (seq_ix=1596943199): 0.620358
  train  77/100 (seq_ix=961940615): 1.350405
  train  78/100 (seq_ix=1872335189): 1.253643
  train  79/100 (seq_ix=637966516): 1.133741
  train  80/100 (seq_ix=2093658216): 1.742820
  train  81/100 (seq_ix=1068499374): 0.432401
  train  82/100 (seq_ix=1718939767): 0.839032
  train  83/100 (seq_ix=1748421619): 1.617527
  train  84/100 (seq_ix=1415113030): 0.936751
  train  85/100 (seq_ix=1236699497): 2.065109
  train  86/100 (seq_ix=372181850): 0.547601
  train  87/100 (seq_ix=1688142063): 1.049770
  train  88/100 (seq_ix=534041470): 0.154690
  train  89/100 (seq_ix=1036563475): 0.368624
  train  90/100 (seq_ix=422397392): 0.905531
  train  91/100 (seq_ix=159012369): 0.844202
  train  92/100 (seq_ix=551549935): 0.462387
  train  93/100 (seq_ix=1848114048): 0.984211
  train  94/100 (seq_ix=1741318143): 0.440332
  train  95/100 (seq_ix=675281486): 2.310369
  train  96/100 (seq_ix=898110762): 0.459600
  train  97/100 (seq_ix=1006830649): 0.706111
  train  98/100 (seq_ix=136704948): 0.356504
  train  99/100 (seq_ix=431995663): 0.455880
  train 100/100 (seq_ix=1902307434): 0.855133
Train mean loss: 0.834494
  valid   1/20 (seq_ix=180749831): 1.309235
  valid   2/20 (seq_ix=355898543): 0.833216
  valid   3/20 (seq_ix=705808958): 9.574316
  valid   4/20 (seq_ix=500271108): 1.623858
  valid   5/20 (seq_ix=1343217302): 1.073892
  valid   6/20 (seq_ix=909959284): 0.566373
  valid   7/20 (seq_ix=1702061024): 0.497718
  valid   8/20 (seq_ix=596544969): 1.488339
  valid   9/20 (seq_ix=1210015767): 0.304261
  valid  10/20 (seq_ix=1979857100): 0.729797
  valid  11/20 (seq_ix=125810080): 3.301513
  valid  12/20 (seq_ix=92307333): 1.358002
  valid  13/20 (seq_ix=482302805): 4.398194
  valid  14/20 (seq_ix=1416170278): 1.064532
  valid  15/20 (seq_ix=1675802868): 1.334165
  valid  16/20 (seq_ix=2043764292): 0.282780
  valid  17/20 (seq_ix=233220122): 0.706521
  valid  18/20 (seq_ix=1659498468): 0.916509
  valid  19/20 (seq_ix=1272271448): 0.234714
  valid  20/20 (seq_ix=1837760365): 0.825243
Validation mean loss: 1.621159
New best validation loss: 1.621159

Elapsed time: 343.85 seconds
Best epoch: 3
Best validation MSE: 1.621159

Learned reinjection gate: 0.14338870346546173

Saved best checkpoint: results/reinjected_seed2_split1234.pt
Saved results: results/reinjected_seed2_split1234.json
