Device: cuda
GPU: NVIDIA RTX 5000 Ada Generation
Model: reinjected
Parameters: 317891
Training sequences: 100
Validation sequences: 20

Epoch 1/3
  train   1/100 (seq_ix=225652787): 1.442587
  train   2/100 (seq_ix=1164881438): 0.689369
  train   3/100 (seq_ix=1967513327): 0.781862
  train   4/100 (seq_ix=1260468996): 0.179781
  train   5/100 (seq_ix=40256537): 0.354472
  train   6/100 (seq_ix=1865536806): 1.403306
  train   7/100 (seq_ix=1069985558): 0.701329
  train   8/100 (seq_ix=893657349): 0.630865
  train   9/100 (seq_ix=1146893795): 0.202903
  train  10/100 (seq_ix=746679824): 1.410473
  train  11/100 (seq_ix=1524566408): 0.539828
  train  12/100 (seq_ix=1064886781): 0.689664
  train  13/100 (seq_ix=2112803082): 0.880291
  train  14/100 (seq_ix=119492795): 0.888741
  train  15/100 (seq_ix=1835911678): 1.359971
  train  16/100 (seq_ix=2024605638): 1.501524
  train  17/100 (seq_ix=1387531102): 1.739827
  train  18/100 (seq_ix=880367331): 1.532657
  train  19/100 (seq_ix=1242585024): 1.045800
  train  20/100 (seq_ix=2020986767): 0.683468
  train  21/100 (seq_ix=1299404002): 1.370348
  train  22/100 (seq_ix=2124682310): 0.422360
  train  23/100 (seq_ix=900872744): 0.776984
  train  24/100 (seq_ix=166523150): 0.594279
  train  25/100 (seq_ix=1616210265): 0.612267
  train  26/100 (seq_ix=169816067): 0.519675
  train  27/100 (seq_ix=1558422980): 0.724305
  train  28/100 (seq_ix=2076214668): 1.056992
  train  29/100 (seq_ix=793321424): 0.440911
  train  30/100 (seq_ix=1181513046): 0.880162
  train  31/100 (seq_ix=1993728896): 0.706854
  train  32/100 (seq_ix=1891016047): 0.646201
  train  33/100 (seq_ix=1661941497): 1.539564
  train  34/100 (seq_ix=1954537312): 0.668507
  train  35/100 (seq_ix=1875296450): 0.859607
  train  36/100 (seq_ix=1861265528): 0.677432
  train  37/100 (seq_ix=1536432553): 1.033442
  train  38/100 (seq_ix=1190375104): 0.569557
  train  39/100 (seq_ix=1984276013): 0.425093
  train  40/100 (seq_ix=554796223): 0.511084
  train  41/100 (seq_ix=1920739216): 0.244935
  train  42/100 (seq_ix=1125234681): 0.394056
  train  43/100 (seq_ix=2035564581): 0.666712
  train  44/100 (seq_ix=2009925233): 1.282626
  train  45/100 (seq_ix=440944124): 0.941279
  train  46/100 (seq_ix=2061624706): 1.268061
  train  47/100 (seq_ix=892616012): 0.466461
  train  48/100 (seq_ix=2091756591): 1.097024
  train  49/100 (seq_ix=794669342): 0.669495
  train  50/100 (seq_ix=838147554): 2.650083
  train  51/100 (seq_ix=224084042): 0.375189
  train  52/100 (seq_ix=603743424): 1.371685
  train  53/100 (seq_ix=1422297712): 1.029410
  train  54/100 (seq_ix=574766713): 0.413137
  train  55/100 (seq_ix=1024616050): 1.391636
  train  56/100 (seq_ix=945297869): 0.884670
  train  57/100 (seq_ix=1620823563): 0.632999
  train  58/100 (seq_ix=1734663822): 0.830562
  train  59/100 (seq_ix=11648220): 0.785060
  train  60/100 (seq_ix=161615974): 1.234298
  train  61/100 (seq_ix=1857215576): 0.527074
  train  62/100 (seq_ix=1316485909): 0.347568
  train  63/100 (seq_ix=543427545): 1.812967
  train  64/100 (seq_ix=454825559): 0.799816
  train  65/100 (seq_ix=1060570346): 0.661343
  train  66/100 (seq_ix=2127852642): 0.779812
  train  67/100 (seq_ix=1181030253): 0.273945
  train  68/100 (seq_ix=22603860): 0.912183
  train  69/100 (seq_ix=438826393): 0.222721
  train  70/100 (seq_ix=339120526): 0.934756
  train  71/100 (seq_ix=1386612278): 0.588587
  train  72/100 (seq_ix=1217617503): 1.094803
  train  73/100 (seq_ix=893903801): 0.539638
  train  74/100 (seq_ix=573516403): 0.374657
  train  75/100 (seq_ix=741433073): 2.185260
  train  76/100 (seq_ix=1596943199): 0.678261
  train  77/100 (seq_ix=961940615): 1.359881
  train  78/100 (seq_ix=1872335189): 1.292693
  train  79/100 (seq_ix=637966516): 1.169526
  train  80/100 (seq_ix=2093658216): 1.795850
  train  81/100 (seq_ix=1068499374): 0.445618
  train  82/100 (seq_ix=1718939767): 0.858026
  train  83/100 (seq_ix=1748421619): 1.684752
  train  84/100 (seq_ix=1415113030): 1.071051
  train  85/100 (seq_ix=1236699497): 2.100621
  train  86/100 (seq_ix=372181850): 0.574435
  train  87/100 (seq_ix=1688142063): 1.070430
  train  88/100 (seq_ix=534041470): 0.167560
  train  89/100 (seq_ix=1036563475): 0.334424
  train  90/100 (seq_ix=422397392): 0.910236
  train  91/100 (seq_ix=159012369): 0.894149
  train  92/100 (seq_ix=551549935): 0.516961
  train  93/100 (seq_ix=1848114048): 0.966929
  train  94/100 (seq_ix=1741318143): 0.459547
  train  95/100 (seq_ix=675281486): 2.309384
  train  96/100 (seq_ix=898110762): 0.471164
  train  97/100 (seq_ix=1006830649): 0.735921
  train  98/100 (seq_ix=136704948): 0.369520
  train  99/100 (seq_ix=431995663): 0.466944
  train 100/100 (seq_ix=1902307434): 0.848720
Train mean loss: 0.879315
  valid   1/20 (seq_ix=180749831): 1.367872
  valid   2/20 (seq_ix=355898543): 0.793855
  valid   3/20 (seq_ix=705808958): 9.422184
  valid   4/20 (seq_ix=500271108): 1.626843
  valid   5/20 (seq_ix=1343217302): 1.108137
  valid   6/20 (seq_ix=909959284): 0.612268
  valid   7/20 (seq_ix=1702061024): 0.478153
  valid   8/20 (seq_ix=596544969): 1.515714
  valid   9/20 (seq_ix=1210015767): 0.311331
  valid  10/20 (seq_ix=1979857100): 0.720346
  valid  11/20 (seq_ix=125810080): 3.239692
  valid  12/20 (seq_ix=92307333): 1.304247
  valid  13/20 (seq_ix=482302805): 4.476968
  valid  14/20 (seq_ix=1416170278): 1.107047
  valid  15/20 (seq_ix=1675802868): 1.353328
  valid  16/20 (seq_ix=2043764292): 0.250389
  valid  17/20 (seq_ix=233220122): 0.733268
  valid  18/20 (seq_ix=1659498468): 0.950648
  valid  19/20 (seq_ix=1272271448): 0.239751
  valid  20/20 (seq_ix=1837760365): 0.832792
Validation mean loss: 1.622242
New best validation loss: 1.622242

Epoch 2/3
  train   1/100 (seq_ix=225652787): 1.165764
  train   2/100 (seq_ix=1164881438): 0.583329
  train   3/100 (seq_ix=1967513327): 0.741267
  train   4/100 (seq_ix=1260468996): 0.122181
  train   5/100 (seq_ix=40256537): 0.292945
  train   6/100 (seq_ix=1865536806): 1.152175
  train   7/100 (seq_ix=1069985558): 0.624046
  train   8/100 (seq_ix=893657349): 0.582254
  train   9/100 (seq_ix=1146893795): 0.203296
  train  10/100 (seq_ix=746679824): 1.283904
  train  11/100 (seq_ix=1524566408): 0.522891
  train  12/100 (seq_ix=1064886781): 0.689073
  train  13/100 (seq_ix=2112803082): 0.853881
  train  14/100 (seq_ix=119492795): 0.872230
  train  15/100 (seq_ix=1835911678): 1.269597
  train  16/100 (seq_ix=2024605638): 1.438313
  train  17/100 (seq_ix=1387531102): 1.698468
  train  18/100 (seq_ix=880367331): 1.398614
  train  19/100 (seq_ix=1242585024): 0.988461
  train  20/100 (seq_ix=2020986767): 0.667120
  train  21/100 (seq_ix=1299404002): 1.382015
  train  22/100 (seq_ix=2124682310): 0.388287
  train  23/100 (seq_ix=900872744): 0.689629
  train  24/100 (seq_ix=166523150): 0.588572
  train  25/100 (seq_ix=1616210265): 0.586060
  train  26/100 (seq_ix=169816067): 0.482004
  train  27/100 (seq_ix=1558422980): 0.688891
  train  28/100 (seq_ix=2076214668): 1.028848
  train  29/100 (seq_ix=793321424): 0.407452
  train  30/100 (seq_ix=1181513046): 0.880476
  train  31/100 (seq_ix=1993728896): 0.671032
  train  32/100 (seq_ix=1891016047): 0.626782
  train  33/100 (seq_ix=1661941497): 1.479469
  train  34/100 (seq_ix=1954537312): 0.657229
  train  35/100 (seq_ix=1875296450): 0.835802
  train  36/100 (seq_ix=1861265528): 0.689344
  train  37/100 (seq_ix=1536432553): 1.014324
  train  38/100 (seq_ix=1190375104): 0.490377
  train  39/100 (seq_ix=1984276013): 0.409543
  train  40/100 (seq_ix=554796223): 0.500128
  train  41/100 (seq_ix=1920739216): 0.213995
  train  42/100 (seq_ix=1125234681): 0.367535
  train  43/100 (seq_ix=2035564581): 0.644102
  train  44/100 (seq_ix=2009925233): 1.244825
  train  45/100 (seq_ix=440944124): 0.893734
  train  46/100 (seq_ix=2061624706): 1.237966
  train  47/100 (seq_ix=892616012): 0.438211
  train  48/100 (seq_ix=2091756591): 1.060856
  train  49/100 (seq_ix=794669342): 0.639175
  train  50/100 (seq_ix=838147554): 2.622626
  train  51/100 (seq_ix=224084042): 0.299218
  train  52/100 (seq_ix=603743424): 1.357831
  train  53/100 (seq_ix=1422297712): 1.016463
  train  54/100 (seq_ix=574766713): 0.392737
  train  55/100 (seq_ix=1024616050): 1.370460
  train  56/100 (seq_ix=945297869): 0.866030
  train  57/100 (seq_ix=1620823563): 0.594820
  train  58/100 (seq_ix=1734663822): 0.795026
  train  59/100 (seq_ix=11648220): 0.749549
  train  60/100 (seq_ix=161615974): 1.220817
  train  61/100 (seq_ix=1857215576): 0.474804
  train  62/100 (seq_ix=1316485909): 0.333824
  train  63/100 (seq_ix=543427545): 1.803767
  train  64/100 (seq_ix=454825559): 0.779863
  train  65/100 (seq_ix=1060570346): 0.649029
  train  66/100 (seq_ix=2127852642): 0.766266
  train  67/100 (seq_ix=1181030253): 0.253293
  train  68/100 (seq_ix=22603860): 0.888550
  train  69/100 (seq_ix=438826393): 0.208514
  train  70/100 (seq_ix=339120526): 0.919840
  train  71/100 (seq_ix=1386612278): 0.573273
  train  72/100 (seq_ix=1217617503): 1.090729
  train  73/100 (seq_ix=893903801): 0.513716
  train  74/100 (seq_ix=573516403): 0.369836
  train  75/100 (seq_ix=741433073): 2.172208
  train  76/100 (seq_ix=1596943199): 0.641429
  train  77/100 (seq_ix=961940615): 1.351039
  train  78/100 (seq_ix=1872335189): 1.271768
  train  79/100 (seq_ix=637966516): 1.145325
  train  80/100 (seq_ix=2093658216): 1.774456
  train  81/100 (seq_ix=1068499374): 0.443504
  train  82/100 (seq_ix=1718939767): 0.851067
  train  83/100 (seq_ix=1748421619): 1.646211
  train  84/100 (seq_ix=1415113030): 1.005545
  train  85/100 (seq_ix=1236699497): 2.076373
  train  86/100 (seq_ix=372181850): 0.566357
  train  87/100 (seq_ix=1688142063): 1.047147
  train  88/100 (seq_ix=534041470): 0.159675
  train  89/100 (seq_ix=1036563475): 0.342106
  train  90/100 (seq_ix=422397392): 0.896746
  train  91/100 (seq_ix=159012369): 0.839378
  train  92/100 (seq_ix=551549935): 0.482442
  train  93/100 (seq_ix=1848114048): 0.972208
  train  94/100 (seq_ix=1741318143): 0.444542
  train  95/100 (seq_ix=675281486): 2.309704
  train  96/100 (seq_ix=898110762): 0.460589
  train  97/100 (seq_ix=1006830649): 0.715172
  train  98/100 (seq_ix=136704948): 0.362313
  train  99/100 (seq_ix=431995663): 0.458452
  train 100/100 (seq_ix=1902307434): 0.849339
Train mean loss: 0.845824
  valid   1/20 (seq_ix=180749831): 1.339825
  valid   2/20 (seq_ix=355898543): 0.812295
  valid   3/20 (seq_ix=705808958): 9.547343
  valid   4/20 (seq_ix=500271108): 1.625022
  valid   5/20 (seq_ix=1343217302): 1.095577
  valid   6/20 (seq_ix=909959284): 0.585384
  valid   7/20 (seq_ix=1702061024): 0.462789
  valid   8/20 (seq_ix=596544969): 1.488737
  valid   9/20 (seq_ix=1210015767): 0.308040
  valid  10/20 (seq_ix=1979857100): 0.736558
  valid  11/20 (seq_ix=125810080): 3.212205
  valid  12/20 (seq_ix=92307333): 1.309141
  valid  13/20 (seq_ix=482302805): 4.401853
  valid  14/20 (seq_ix=1416170278): 1.075160
  valid  15/20 (seq_ix=1675802868): 1.353364
  valid  16/20 (seq_ix=2043764292): 0.275066
  valid  17/20 (seq_ix=233220122): 0.711930
  valid  18/20 (seq_ix=1659498468): 0.931255
  valid  19/20 (seq_ix=1272271448): 0.241123
  valid  20/20 (seq_ix=1837760365): 0.844518
Validation mean loss: 1.617859
New best validation loss: 1.617859

Epoch 3/3
  train   1/100 (seq_ix=225652787): 1.126724
  train   2/100 (seq_ix=1164881438): 0.562811
  train   3/100 (seq_ix=1967513327): 0.729541
  train   4/100 (seq_ix=1260468996): 0.117994
  train   5/100 (seq_ix=40256537): 0.289708
  train   6/100 (seq_ix=1865536806): 1.135323
  train   7/100 (seq_ix=1069985558): 0.611579
  train   8/100 (seq_ix=893657349): 0.577566
  train   9/100 (seq_ix=1146893795): 0.218456
  train  10/100 (seq_ix=746679824): 1.260565
  train  11/100 (seq_ix=1524566408): 0.496748
  train  12/100 (seq_ix=1064886781): 0.675175
  train  13/100 (seq_ix=2112803082): 0.835853
  train  14/100 (seq_ix=119492795): 0.857630
  train  15/100 (seq_ix=1835911678): 1.226198
  train  16/100 (seq_ix=2024605638): 1.415032
  train  17/100 (seq_ix=1387531102): 1.687685
  train  18/100 (seq_ix=880367331): 1.343148
  train  19/100 (seq_ix=1242585024): 0.976300
  train  20/100 (seq_ix=2020986767): 0.667326
  train  21/100 (seq_ix=1299404002): 1.376456
  train  22/100 (seq_ix=2124682310): 0.380929
  train  23/100 (seq_ix=900872744): 0.679443
  train  24/100 (seq_ix=166523150): 0.570587
  train  25/100 (seq_ix=1616210265): 0.580741
  train  26/100 (seq_ix=169816067): 0.476645
  train  27/100 (seq_ix=1558422980): 0.661658
  train  28/100 (seq_ix=2076214668): 1.008624
  train  29/100 (seq_ix=793321424): 0.402758
  train  30/100 (seq_ix=1181513046): 0.864358
  train  31/100 (seq_ix=1993728896): 0.633757
  train  32/100 (seq_ix=1891016047): 0.623442
  train  33/100 (seq_ix=1661941497): 1.459079
  train  34/100 (seq_ix=1954537312): 0.652336
  train  35/100 (seq_ix=1875296450): 0.828396
  train  36/100 (seq_ix=1861265528): 0.679285
  train  37/100 (seq_ix=1536432553): 1.012626
  train  38/100 (seq_ix=1190375104): 0.462486
  train  39/100 (seq_ix=1984276013): 0.406726
  train  40/100 (seq_ix=554796223): 0.501667
  train  41/100 (seq_ix=1920739216): 0.202462
  train  42/100 (seq_ix=1125234681): 0.375080
  train  43/100 (seq_ix=2035564581): 0.636448
  train  44/100 (seq_ix=2009925233): 1.242814
  train  45/100 (seq_ix=440944124): 0.869204
  train  46/100 (seq_ix=2061624706): 1.223382
  train  47/100 (seq_ix=892616012): 0.434822
  train  48/100 (seq_ix=2091756591): 1.062269
  train  49/100 (seq_ix=794669342): 0.621278
  train  50/100 (seq_ix=838147554): 2.618235
  train  51/100 (seq_ix=224084042): 0.246564
  train  52/100 (seq_ix=603743424): 1.346844
  train  53/100 (seq_ix=1422297712): 1.008417
  train  54/100 (seq_ix=574766713): 0.382653
  train  55/100 (seq_ix=1024616050): 1.356815
  train  56/100 (seq_ix=945297869): 0.852621
  train  57/100 (seq_ix=1620823563): 0.582127
  train  58/100 (seq_ix=1734663822): 0.786434
  train  59/100 (seq_ix=11648220): 0.727034
  train  60/100 (seq_ix=161615974): 1.209778
  train  61/100 (seq_ix=1857215576): 0.421872
  train  62/100 (seq_ix=1316485909): 0.330927
  train  63/100 (seq_ix=543427545): 1.780646
  train  64/100 (seq_ix=454825559): 0.768615
  train  65/100 (seq_ix=1060570346): 0.634403
  train  66/100 (seq_ix=2127852642): 0.777416
  train  67/100 (seq_ix=1181030253): 0.246488
  train  68/100 (seq_ix=22603860): 0.887694
  train  69/100 (seq_ix=438826393): 0.204197
  train  70/100 (seq_ix=339120526): 0.913801
  train  71/100 (seq_ix=1386612278): 0.568379
  train  72/100 (seq_ix=1217617503): 1.087985
  train  73/100 (seq_ix=893903801): 0.503875
  train  74/100 (seq_ix=573516403): 0.379978
  train  75/100 (seq_ix=741433073): 2.173597
  train  76/100 (seq_ix=1596943199): 0.624453
  train  77/100 (seq_ix=961940615): 1.342498
  train  78/100 (seq_ix=1872335189): 1.259733
  train  79/100 (seq_ix=637966516): 1.135060
  train  80/100 (seq_ix=2093658216): 1.765655
  train  81/100 (seq_ix=1068499374): 0.438113
  train  82/100 (seq_ix=1718939767): 0.844724
  train  83/100 (seq_ix=1748421619): 1.632237
  train  84/100 (seq_ix=1415113030): 0.960240
  train  85/100 (seq_ix=1236699497): 2.065050
  train  86/100 (seq_ix=372181850): 0.558439
  train  87/100 (seq_ix=1688142063): 1.034862
  train  88/100 (seq_ix=534041470): 0.157870
  train  89/100 (seq_ix=1036563475): 0.342725
  train  90/100 (seq_ix=422397392): 0.887384
  train  91/100 (seq_ix=159012369): 0.814782
  train  92/100 (seq_ix=551549935): 0.465122
  train  93/100 (seq_ix=1848114048): 0.970986
  train  94/100 (seq_ix=1741318143): 0.439873
  train  95/100 (seq_ix=675281486): 2.301169
  train  96/100 (seq_ix=898110762): 0.456682
  train  97/100 (seq_ix=1006830649): 0.713386
  train  98/100 (seq_ix=136704948): 0.358161
  train  99/100 (seq_ix=431995663): 0.449614
  train 100/100 (seq_ix=1902307434): 0.839355
Train mean loss: 0.833967
  valid   1/20 (seq_ix=180749831): 1.314429
  valid   2/20 (seq_ix=355898543): 0.813261
  valid   3/20 (seq_ix=705808958): 9.599648
  valid   4/20 (seq_ix=500271108): 1.625497
  valid   5/20 (seq_ix=1343217302): 1.082658
  valid   6/20 (seq_ix=909959284): 0.579555
  valid   7/20 (seq_ix=1702061024): 0.455839
  valid   8/20 (seq_ix=596544969): 1.478521
  valid   9/20 (seq_ix=1210015767): 0.304629
  valid  10/20 (seq_ix=1979857100): 0.733273
  valid  11/20 (seq_ix=125810080): 3.224759
  valid  12/20 (seq_ix=92307333): 1.322259
  valid  13/20 (seq_ix=482302805): 4.326820
  valid  14/20 (seq_ix=1416170278): 1.065402
  valid  15/20 (seq_ix=1675802868): 1.355098
  valid  16/20 (seq_ix=2043764292): 0.274261
  valid  17/20 (seq_ix=233220122): 0.699738
  valid  18/20 (seq_ix=1659498468): 0.922480
  valid  19/20 (seq_ix=1272271448): 0.239183
  valid  20/20 (seq_ix=1837760365): 0.837442
Validation mean loss: 1.612738
New best validation loss: 1.612738

Elapsed time: 330.31 seconds
Best epoch: 3
Best validation MSE: 1.612738

Learned reinjection gate: 0.1426289826631546

Saved best checkpoint: results/reinjected_seed1_split1234.pt
Saved results: results/reinjected_seed1_split1234.json
